../Core/Inc/special_defines.h:83:5:_write	24	static
../Core/Inc/special_defines.h:109:1:__io_putchar	16	static
../Core/Src/main.c:186:5:main	8	static
../Core/Src/main.c:247:6:SystemClock_Config	88	static
../Core/Src/main.c:285:6:HAL_TIM_PeriodElapsedCallback	72	static
../Core/Src/main.c:408:6:checkInputs	8	static
../Core/Src/main.c:421:5:checkProduct	24	static
../Core/Src/main.c:545:6:fillProduct	16	static
../Core/Src/main.c:558:6:writeSDProductInfo	152	static
../Core/Src/main.c:613:10:rtc_read_backup_reg	48	static
../Core/Src/main.c:619:6:rtc_write_backup_reg	48	static
../Core/Src/main.c:627:19:setRTCTime	56	static
../Core/Src/main.c:663:7:getRTCTime	72	static
../Core/Src/main.c:678:7:getSubsecondTime	32	static
../Core/Src/main.c:693:7:getLogTime	40	static
../Core/Src/main.c:708:7:getDataTime	64	static
../Core/Src/main.c:723:9:dayOfWeek	24	static
../Core/Src/main.c:731:7:getRTCStatus	16	static
../Core/Src/main.c:749:10:getUnixTime	48	static
../Core/Src/main.c:786:23:SDInit	8	static
../Core/Src/main.c:804:6:checkSDStore	792	static
../Core/Src/main.c:831:8:w5500Init	16	static
../Core/Src/main.c:840:5:MQTT_run	1296	static
../Core/Src/main.c:891:6:msgLogger	24	static
../Core/Src/main.c:935:6:inputStatusLogger	104	static
../Core/Src/main.c:944:6:cs_sel	8	static
../Core/Src/main.c:948:6:cs_desel	8	static
../Core/Src/main.c:952:9:spi_rb	16	static
../Core/Src/main.c:958:6:spi_wb	16	static
../Core/Src/main.c:967:6:Error_Handler	4	static,ignoring_inline_asm
