../Core/Inc/special_defines.h:83:5:_write	24	static
../Core/Inc/special_defines.h:109:1:__io_putchar	16	static
../Core/Src/main.c:159:5:main	8	static
../Core/Src/main.c:220:6:SystemClock_Config	88	static
../Core/Src/main.c:258:6:HAL_TIM_PeriodElapsedCallback	72	static
../Core/Src/main.c:367:6:checkInputs	8	static
../Core/Src/main.c:376:5:checkProduct	24	static
../Core/Src/main.c:509:6:fillProduct	16	static
../Core/Src/main.c:523:6:writeSDProductInfo	112	static
../Core/Src/main.c:603:19:setRTCTime	56	static
../Core/Src/main.c:635:7:getRTCTime	64	static
../Core/Src/main.c:650:7:getLogTime	40	static
../Core/Src/main.c:665:7:getDataTime	64	static
../Core/Src/main.c:680:9:dayOfWeek	24	static
../Core/Src/main.c:688:7:getRTCStatus	16	static
../Core/Src/main.c:706:23:SDInit	8	static
../Core/Src/main.c:724:6:checkSDStore	792	static
../Core/Src/main.c:751:8:w5500Init	16	static
../Core/Src/main.c:760:5:MQTT_run	1296	static
../Core/Src/main.c:811:6:msgLogger	24	static
../Core/Src/main.c:855:6:inputStatusLogger	80	static
../Core/Src/main.c:864:6:cs_sel	8	static
../Core/Src/main.c:868:6:cs_desel	8	static
../Core/Src/main.c:872:9:spi_rb	16	static
../Core/Src/main.c:878:6:spi_wb	16	static
../Core/Src/main.c:887:6:Error_Handler	4	static,ignoring_inline_asm
