../Core/Inc/special_defines.h:83:5:_write	24	static
../Core/Inc/special_defines.h:109:1:__io_putchar	16	static
../Core/Src/main.c:158:5:main	8	static
../Core/Src/main.c:219:6:SystemClock_Config	88	static
../Core/Src/main.c:257:6:HAL_TIM_PeriodElapsedCallback	72	static
../Core/Src/main.c:362:6:checkInputs	8	static
../Core/Src/main.c:371:5:checkProduct	24	static
../Core/Src/main.c:504:6:fillProduct	16	static
../Core/Src/main.c:518:6:writeSDProductInfo	112	static
../Core/Src/main.c:598:19:setRTCTime	56	static
../Core/Src/main.c:630:7:getRTCTime	64	static
../Core/Src/main.c:645:7:getLogTime	40	static
../Core/Src/main.c:660:7:getDataTime	64	static
../Core/Src/main.c:675:9:dayOfWeek	24	static
../Core/Src/main.c:683:7:getRTCStatus	16	static
../Core/Src/main.c:701:23:SDInit	8	static
../Core/Src/main.c:719:6:checkSDStore	792	static
../Core/Src/main.c:746:8:w5500Init	16	static
../Core/Src/main.c:755:5:MQTT_run	1296	static
../Core/Src/main.c:806:6:msgLogger	24	static
../Core/Src/main.c:850:6:inputStatusLogger	80	static
../Core/Src/main.c:859:6:cs_sel	8	static
../Core/Src/main.c:863:6:cs_desel	8	static
../Core/Src/main.c:867:9:spi_rb	16	static
../Core/Src/main.c:873:6:spi_wb	16	static
../Core/Src/main.c:882:6:Error_Handler	4	static,ignoring_inline_asm
