Archive member included to satisfy reference by file (symbol)

c:/st/stm32cubeide_1.8.0/stm32cubeide/plugins/com.st.stm32cube.ide.mcu.externaltools.gnu-tools-for-stm32.10.3-2021.10.win32_1.0.0.202111181127/tools/bin/../lib/gcc/arm-none-eabi/10.3.1/../../../../arm-none-eabi/lib/thumb/v7e-m+fp/hard\libc_nano.a(lib_a-errno.o)
                              ./Core/Src/syscalls.o (__errno)
c:/st/stm32cubeide_1.8.0/stm32cubeide/plugins/com.st.stm32cube.ide.mcu.externaltools.gnu-tools-for-stm32.10.3-2021.10.win32_1.0.0.202111181127/tools/bin/../lib/gcc/arm-none-eabi/10.3.1/../../../../arm-none-eabi/lib/thumb/v7e-m+fp/hard\libc_nano.a(lib_a-exit.o)
                              c:/st/stm32cubeide_1.8.0/stm32cubeide/plugins/com.st.stm32cube.ide.mcu.externaltools.gnu-tools-for-stm32.10.3-2021.10.win32_1.0.0.202111181127/tools/bin/../lib/gcc/arm-none-eabi/10.3.1/../../../../arm-none-eabi/lib/thumb/v7e-m+fp/hard/crt0.o (exit)
c:/st/stm32cubeide_1.8.0/stm32cubeide/plugins/com.st.stm32cube.ide.mcu.externaltools.gnu-tools-for-stm32.10.3-2021.10.win32_1.0.0.202111181127/tools/bin/../lib/gcc/arm-none-eabi/10.3.1/../../../../arm-none-eabi/lib/thumb/v7e-m+fp/hard\libc_nano.a(lib_a-impure.o)
                              c:/st/stm32cubeide_1.8.0/stm32cubeide/plugins/com.st.stm32cube.ide.mcu.externaltools.gnu-tools-for-stm32.10.3-2021.10.win32_1.0.0.202111181127/tools/bin/../lib/gcc/arm-none-eabi/10.3.1/../../../../arm-none-eabi/lib/thumb/v7e-m+fp/hard\libc_nano.a(lib_a-exit.o) (_global_impure_ptr)
c:/st/stm32cubeide_1.8.0/stm32cubeide/plugins/com.st.stm32cube.ide.mcu.externaltools.gnu-tools-for-stm32.10.3-2021.10.win32_1.0.0.202111181127/tools/bin/../lib/gcc/arm-none-eabi/10.3.1/../../../../arm-none-eabi/lib/thumb/v7e-m+fp/hard\libc_nano.a(lib_a-init.o)
                              c:/st/stm32cubeide_1.8.0/stm32cubeide/plugins/com.st.stm32cube.ide.mcu.externaltools.gnu-tools-for-stm32.10.3-2021.10.win32_1.0.0.202111181127/tools/bin/../lib/gcc/arm-none-eabi/10.3.1/../../../../arm-none-eabi/lib/thumb/v7e-m+fp/hard/crt0.o (__libc_init_array)
c:/st/stm32cubeide_1.8.0/stm32cubeide/plugins/com.st.stm32cube.ide.mcu.externaltools.gnu-tools-for-stm32.10.3-2021.10.win32_1.0.0.202111181127/tools/bin/../lib/gcc/arm-none-eabi/10.3.1/../../../../arm-none-eabi/lib/thumb/v7e-m+fp/hard\libc_nano.a(lib_a-malloc.o)
                              ./Core/Src/main.o (malloc)
c:/st/stm32cubeide_1.8.0/stm32cubeide/plugins/com.st.stm32cube.ide.mcu.externaltools.gnu-tools-for-stm32.10.3-2021.10.win32_1.0.0.202111181127/tools/bin/../lib/gcc/arm-none-eabi/10.3.1/../../../../arm-none-eabi/lib/thumb/v7e-m+fp/hard\libc_nano.a(lib_a-memcmp.o)
                              ./ioLibrary_Driver2/Internet/MQTT/MQTTPacket/src/MQTTConnectServer.o (memcmp)
c:/st/stm32cubeide_1.8.0/stm32cubeide/plugins/com.st.stm32cube.ide.mcu.externaltools.gnu-tools-for-stm32.10.3-2021.10.win32_1.0.0.202111181127/tools/bin/../lib/gcc/arm-none-eabi/10.3.1/../../../../arm-none-eabi/lib/thumb/v7e-m+fp/hard\libc_nano.a(lib_a-memcpy-stub.o)
                              ./Core/Src/main.o (memcpy)
c:/st/stm32cubeide_1.8.0/stm32cubeide/plugins/com.st.stm32cube.ide.mcu.externaltools.gnu-tools-for-stm32.10.3-2021.10.win32_1.0.0.202111181127/tools/bin/../lib/gcc/arm-none-eabi/10.3.1/../../../../arm-none-eabi/lib/thumb/v7e-m+fp/hard\libc_nano.a(lib_a-memset.o)
                              c:/st/stm32cubeide_1.8.0/stm32cubeide/plugins/com.st.stm32cube.ide.mcu.externaltools.gnu-tools-for-stm32.10.3-2021.10.win32_1.0.0.202111181127/tools/bin/../lib/gcc/arm-none-eabi/10.3.1/../../../../arm-none-eabi/lib/thumb/v7e-m+fp/hard/crt0.o (memset)
c:/st/stm32cubeide_1.8.0/stm32cubeide/plugins/com.st.stm32cube.ide.mcu.externaltools.gnu-tools-for-stm32.10.3-2021.10.win32_1.0.0.202111181127/tools/bin/../lib/gcc/arm-none-eabi/10.3.1/../../../../arm-none-eabi/lib/thumb/v7e-m+fp/hard\libc_nano.a(lib_a-nano-freer.o)
                              c:/st/stm32cubeide_1.8.0/stm32cubeide/plugins/com.st.stm32cube.ide.mcu.externaltools.gnu-tools-for-stm32.10.3-2021.10.win32_1.0.0.202111181127/tools/bin/../lib/gcc/arm-none-eabi/10.3.1/../../../../arm-none-eabi/lib/thumb/v7e-m+fp/hard\libc_nano.a(lib_a-malloc.o) (_free_r)
c:/st/stm32cubeide_1.8.0/stm32cubeide/plugins/com.st.stm32cube.ide.mcu.externaltools.gnu-tools-for-stm32.10.3-2021.10.win32_1.0.0.202111181127/tools/bin/../lib/gcc/arm-none-eabi/10.3.1/../../../../arm-none-eabi/lib/thumb/v7e-m+fp/hard\libc_nano.a(lib_a-nano-mallocr.o)
                              c:/st/stm32cubeide_1.8.0/stm32cubeide/plugins/com.st.stm32cube.ide.mcu.externaltools.gnu-tools-for-stm32.10.3-2021.10.win32_1.0.0.202111181127/tools/bin/../lib/gcc/arm-none-eabi/10.3.1/../../../../arm-none-eabi/lib/thumb/v7e-m+fp/hard\libc_nano.a(lib_a-malloc.o) (_malloc_r)
[...]
Memory Configuration

Name             Origin             Length             Attributes
RAM              0x0000000020000000 0x0000000000010000 xrw
FLASH            0x0000000008000000 0x0000000000040000 xr
*default*        0x0000000000000000 0xffffffffffffffff

Linker script and memory map

LOAD c:/st/stm32cubeide_1.8.0/stm32cubeide/plugins/com.st.stm32cube.ide.mcu.externaltools.gnu-tools-for-stm32.10.3-2021.10.win32_1.0.0.202111181127/tools/bin/../lib/gcc/arm-none-eabi/10.3.1/thumb/v7e-m+fp/hard/crti.o
LOAD c:/st/stm32cubeide_1.8.0/stm32cubeide/plugins/com.st.stm32cube.ide.mcu.externaltools.gnu-tools-for-stm32.10.3-2021.10.win32_1.0.0.202111181127/tools/bin/../lib/gcc/arm-none-eabi/10.3.1/thumb/v7e-m+fp/hard/crtbegin.o
LOAD c:/st/stm32cubeide_1.8.0/stm32cubeide/plugins/com.st.stm32cube.ide.mcu.externaltools.gnu-tools-for-stm32.10.3-2021.10.win32_1.0.0.202111181127/tools/bin/../lib/gcc/arm-none-eabi/10.3.1/../../../../arm-none-eabi/lib/thumb/v7e-m+fp/hard/crt0.o
LOAD ./Core/Src/fatfs_sd.o
LOAD ./Core/Src/gpio.o
LOAD ./Core/Src/main.o
LOAD ./Core/Src/rtc.o
LOAD ./Core/Src/spi.o
LOAD ./Core/Src/stm32f4xx_hal_msp.o
LOAD ./Core/Src/stm32f4xx_it.o
LOAD ./Core/Src/syscalls.o
LOAD ./Core/Src/sysmem.o
LOAD ./Core/Src/system_stm32f4xx.o
LOAD ./Core/Src/tim.o
LOAD ./Core/Src/usart.o
LOAD ./Core/Startup/startup_stm32f401rctx.o
LOAD ./Drivers/STM32F4xx_HAL_Driver/Src/stm32f4xx_hal.o
LOAD ./Drivers/STM32F4xx_HAL_Driver/Src/stm32f4xx_hal_cortex.o
LOAD ./Drivers/STM32F4xx_HAL_Driver/Src/stm32f4xx_hal_dma.o
LOAD ./Drivers/STM32F4xx_HAL_Driver/Src/stm32f4xx_hal_dma_ex.o
LOAD ./Drivers/STM32F4xx_HAL_Driver/Src/stm32f4xx_hal_exti.o
LOAD ./Drivers/STM32F4xx_HAL_Driver/Src/stm32f4xx_hal_flash.o
LOAD ./Drivers/STM32F4xx_HAL_Driver/Src/stm32f4xx_hal_flash_ex.o
LOAD ./Drivers/STM32F4xx_HAL_Driver/Src/stm32f4xx_hal_flash_ramfunc.o
LOAD ./Drivers/STM32F4xx_HAL_Driver/Src/stm32f4xx_hal_gpio.o
LOAD ./Drivers/STM32F4xx_HAL_Driver/Src/stm32f4xx_hal_pwr.o
LOAD ./Drivers/STM32F4xx_HAL_Driver/Src/stm32f4xx_hal_pwr_ex.o
LOAD ./Drivers/STM32F4xx_HAL_Driver/Src/stm32f4xx_hal_rcc.o
LOAD ./Drivers/STM32F4xx_HAL_Driver/Src/stm32f4xx_hal_rcc_ex.o
LOAD ./Drivers/STM32F4xx_HAL_Driver/Src/stm32f4xx_hal_rtc.o
LOAD ./Drivers/STM32F4xx_HAL_Driver/Src/stm32f4xx_hal_rtc_ex.o
LOAD ./Drivers/STM32F4xx_HAL_Driver/Src/stm32f4xx_hal_spi.o
LOAD ./Drivers/STM32F4xx_HAL_Driver/Src/stm32f4xx_hal_tim.o
LOAD ./Drivers/STM32F4xx_HAL_Driver/Src/stm32f4xx_hal_tim_ex.o
LOAD ./Drivers/STM32F4xx_HAL_Driver/Src/stm32f4xx_hal_uart.o
LOAD ./FATFS/App/fatfs.o
LOAD ./FATFS/Target/user_diskio.o
LOAD ./Middlewares/Third_Party/FatFs/src/diskio.o
LOAD ./Middlewares/Third_Party/FatFs/src/ff.o
LOAD ./Middlewares/Third_Party/FatFs/src/ff_gen_drv.o
LOAD ./Middlewares/Third_Party/FatFs/src/option/ccsbcs.o
LOAD ./Middlewares/Third_Party/FatFs/src/option/syscall.o
LOAD ./ioLibrary_Driver2/Ethernet/W5100/w5100.o
LOAD ./ioLibrary_Driver2/Ethernet/W5100S/w5100s.o
LOAD ./ioLibrary_Driver2/Ethernet/W5200/w5200.o
LOAD ./ioLibrary_Driver2/Ethernet/W5300/w5300.o
LOAD ./ioLibrary_Driver2/Ethernet/W5500/w5500.o
LOAD ./ioLibrary_Driver2/Ethernet/socket.o
LOAD ./ioLibrary_Driver2/Ethernet/wizchip_conf.o
LOAD ./ioLibrary_Driver2/Internet/MQTT/MQTTClient.o
LOAD ./ioLibrary_Driver2/Internet/MQTT/mqtt_interface.o
LOAD ./ioLibrary_Driver2/Internet/MQTT/MQTTPacket/src/MQTTConnectClient.o
LOAD ./ioLibrary_Driver2/Internet/MQTT/MQTTPacket/src/MQTTConnectServer.o
LOAD ./ioLibrary_Driver2/Internet/MQTT/MQTTPacket/src/MQTTDeserializePublish.o
LOAD ./ioLibrary_Driver2/Internet/MQTT/MQTTPacket/src/MQTTFormat.o
LOAD ./ioLibrary_Driver2/Internet/MQTT/MQTTPacket/src/MQTTPacket.o
LOAD ./ioLibrary_Driver2/Internet/MQTT/MQTTPacket/src/MQTTSerializePublish.o
LOAD ./ioLibrary_Driver2/Internet/MQTT/MQTTPacket/src/MQTTSubscribeClient.o
LOAD ./ioLibrary_Driver2/Internet/MQTT/MQTTPacket/src/MQTTSubscribeServer.o
LOAD ./ioLibrary_Driver2/Internet/MQTT/MQTTPacket/src/MQTTUnsubscribeClient.o
LOAD ./ioLibrary_Driver2/Internet/MQTT/MQTTPacket/src/MQTTUnsubscribeServer.o
LOAD ./ioLibrary_Driver2/Internet/SNTP/sntp.o
START GROUP
LOAD c:/st/stm32cubeide_1.8.0/stm32cubeide/plugins/com.st.stm32cube.ide.mcu.externaltools.gnu-tools-for-stm32.10.3-2021.10.win32_1.0.0.202111181127/tools/bin/../lib/gcc/arm-none-eabi/10.3.1/../../../../arm-none-eabi/lib/thumb/v7e-m+fp/hard\libc_nano.a
LOAD c:/st/stm32cubeide_1.8.0/stm32cubeide/plugins/com.st.stm32cube.ide.mcu.externaltools.gnu-tools-for-stm32.10.3-2021.10.win32_1.0.0.202111181127/tools/bin/../lib/gcc/arm-none-eabi/10.3.1/../../../../arm-none-eabi/lib/thumb/v7e-m+fp/hard\libm.a
END GROUP
START GROUP
LOAD c:/st/stm32cubeide_1.8.0/stm32cubeide/plugins/com.st.stm32cube.ide.mcu.externaltools.gnu-tools-for-stm32.10.3-2021.10.win32_1.0.0.202111181127/tools/bin/../lib/gcc/arm-none-eabi/10.3.1/thumb/v7e-m+fp/hard\libgcc.a
LOAD c:/st/stm32cubeide_1.8.0/stm32cubeide/plugins/com.st.stm32cube.ide.mcu.externaltools.gnu-tools-for-stm32.10.3-2021.10.win32_1.0.0.202111181127/tools/bin/../lib/gcc/arm-none-eabi/10.3.1/../../../../arm-none-eabi/lib/thumb/v7e-m+fp/hard\libc_nano.a
END GROUP
START GROUP
LOAD c:/st/stm32cubeide_1.8.0/stm32cubeide/plugins/com.st.stm32cube.ide.mcu.externaltools.gnu-tools-for-stm32.10.3-2021.10.win32_1.0.0.202111181127/tools/bin/../lib/gcc/arm-none-eabi/10.3.1/thumb/v7e-m+fp/hard\libgcc.a
LOAD c:/st/stm32cubeide_1.8.0/stm32cubeide/plugins/com.st.stm32cube.ide.mcu.externaltools.gnu-tools-for-stm32.10.3-2021.10.win32_1.0.0.202111181127/tools/bin/../lib/gcc/arm-none-eabi/10.3.1/../../../../arm-none-eabi/lib/thumb/v7e-m+fp/hard\libc_nano.a
LOAD c:/st/stm32cubeide_1.8.0/stm32cubeide/plugins/com.st.stm32cube.ide.mcu.externaltools.gnu-tools-for-stm32.10.3-2021.10.win32_1.0.0.202111181127/tools/bin/../lib/gcc/arm-none-eabi/10.3.1/../../../../arm-none-eabi/lib/thumb/v7e-m+fp/hard\libnosys.a
END GROUP
START GROUP
LOAD c:/st/stm32cubeide_1.8.0/stm32cubeide/plugins/com.st.stm32cube.ide.mcu.externaltools.gnu-tools-for-stm32.10.3-2021.10.win32_1.0.0.202111181127/tools/bin/../lib/gcc/arm-none-eabi/10.3.1/thumb/v7e-m+fp/hard\libgcc.a
LOAD c:/st/stm32cubeide_1.8.0/stm32cubeide/plugins/com.st.stm32cube.ide.mcu.externaltools.gnu-tools-for-stm32.10.3-2021.10.win32_1.0.0.202111181127/tools/bin/../lib/gcc/arm-none-eabi/10.3.1/../../../../arm-none-eabi/lib/thumb/v7e-m+fp/hard\libc_nano.a
LOAD c:/st/stm32cubeide_1.8.0/stm32cubeide/plugins/com.st.stm32cube.ide.mcu.externaltools.gnu-tools-for-stm32.10.3-2021.10.win32_1.0.0.202111181127/tools/bin/../lib/gcc/arm-none-eabi/10.3.1/../../../../arm-none-eabi/lib/thumb/v7e-m+fp/hard\libnosys.a
END GROUP
LOAD c:/st/stm32cubeide_1.8.0/stm32cubeide/plugins/com.st.stm32cube.ide.mcu.externaltools.gnu-tools-for-stm32.10.3-2021.10.win32_1.0.0.202111181127/tools/bin/../lib/gcc/arm-none-eabi/10.3.1/thumb/v7e-m+fp/hard/crtend.o
LOAD c:/st/stm32cubeide_1.8.0/stm32cubeide/plugins/com.st.stm32cube.ide.mcu.externaltools.gnu-tools-for-stm32.10.3-2021.10.win32_1.0.0.202111181127/tools/bin/../lib/gcc/arm-none-eabi/10.3.1/thumb/v7e-m+fp/hard/crtn.o
                0x0000000020010000                _estack = (ORIGIN (RAM) + LENGTH (RAM))
                0x0000000000000200                _Min_Heap_Size = 0x200
                0x0000000000000400                _Min_Stack_Size = 0x400

.isr_vector     0x0000000008000000      0x194
                0x0000000008000000                . = ALIGN (0x4)
 *(.isr_vector)
 .isr_vector    0x0000000008000000      0x194 ./Core/Startup/startup_stm32f401rctx.o
                0x0000000008000000                g_pfnVectors
                0x0000000008000194                . = ALIGN (0x4)

.text           0x00000000080001a0     0xf034
                0x00000000080001a0                . = ALIGN (0x4)
 *(.text)
 .text          0x00000000080001a0       0x40 c:/st/stm32cubeide_1.8.0/stm32cubeide/plugins/com.st.stm32cube.ide.mcu.externaltools.gnu-tools-for-stm32.10.3-2021.10.win32_1.0.0.202111181127/tools/bin/../lib/gcc/arm-none-eabi/10.3.1/thumb/v7e-m+fp/hard/crtbegin.o
 .text          0x00000000080001e0       0x10 c:/st/stm32cubeide_1.8.0/stm32cubeide/plugins/com.st.stm32cube.ide.mcu.externaltools.gnu-tools-for-stm32.10.3-2021.10.win32_1.0.0.202111181127/tools/bin/../lib/gcc/arm-none-eabi/10.3.1/../../../../arm-none-eabi/lib/thumb/v7e-m+fp/hard\libc_nano.a(lib_a-strlen.o)
                0x00000000080001e0                strlen
 .text          0x00000000080001f0       0xa0 c:/st/stm32cubeide_1.8.0/stm32cubeide/plugins/com.st.stm32cube.ide.mcu.externaltools.gnu-tools-for-stm32.10.3-2021.10.win32_1.0.0.202111181127/tools/bin/../lib/gcc/arm-none-eabi/10.3.1/../../../../arm-none-eabi/lib/thumb/v7e-m+fp/hard\libc_nano.a(lib_a-memchr.o)
                0x00000000080001f0                memchr
 .text          0x0000000008000290       0x30 c:/st/stm32cubeide_1.8.0/stm32cubeide/plugins/com.st.stm32cube.ide.mcu.externaltools.gnu-tools-for-stm32.10.3-2021.10.win32_1.0.0.202111181127/tools/bin/../lib/gcc/arm-none-eabi/10.3.1/thumb/v7e-m+fp/hard\libgcc.a(_aeabi_uldivmod.o)
                0x0000000008000290                __aeabi_uldivmod
 .text          0x00000000080002c0      0x2d0 c:/st/stm32cubeide_1.8.0/stm32cubeide/plugins/com.st.stm32cube.ide.mcu.externaltools.gnu-tools-for-stm32.10.3-2021.10.win32_1.0.0.202111181127/tools/bin/../lib/gcc/arm-none-eabi/10.3.1/thumb/v7e-m+fp/hard\libgcc.a(_udivmoddi4.o)
                0x00000000080002c0                __udivmoddi4
 .text          0x0000000008000590        0x4 c:/st/stm32cubeide_1.8.0/stm32cubeide/plugins/com.st.stm32cube.ide.mcu.externaltools.gnu-tools-for-stm32.10.3-2021.10.win32_1.0.0.202111181127/tools/bin/../lib/gcc/arm-none-eabi/10.3.1/thumb/v7e-m+fp/hard\libgcc.a(_dvmd_tls.o)
                0x0000000008000590                __aeabi_idiv0
                0x0000000008000590                __aeabi_ldiv0
 *(.text*)
 .text.SELECT   0x0000000008000594       0x20 ./Core/Src/fatfs_sd.o
 .text.DESELECT
                0x00000000080005b4       0x20 ./Core/Src/fatfs_sd.o
 .text.SPI_TxByte
                0x00000000080005d4       0x34 ./Core/Src/fatfs_sd.o
 .text.SPI_TxBuffer
                0x0000000008000608       0x34 ./Core/Src/fatfs_sd.o
 .text.SPI_RxByte
                0x000000000800063c       0x38 ./Core/Src/fatfs_sd.o
 .text.SPI_RxBytePtr
                0x0000000008000674       0x1c ./Core/Src/fatfs_sd.o
 .text.SD_ReadyWait
                0x0000000008000690       0x34 ./Core/Src/fatfs_sd.o
 .text.SD_PowerOn
                0x00000000080006c4       0x84 ./Core/Src/fatfs_sd.o
 .text.SD_PowerOff
                0x0000000008000748       0x18 ./Core/Src/fatfs_sd.o
 .text.SD_CheckPower
                0x0000000008000760       0x18 ./Core/Src/fatfs_sd.o
 .text.SD_RxDataBlock
                0x0000000008000778       0x5c ./Core/Src/fatfs_sd.o
 .text.SD_TxDataBlock
                0x00000000080007d4       0x86 ./Core/Src/fatfs_sd.o
 .text.SD_SendCmd
                0x000000000800085a       0xa8 ./Core/Src/fatfs_sd.o
 *fill*         0x0000000008000902        0x2 
 .text.SD_disk_initialize
                0x0000000008000904      0x1cc ./Core/Src/fatfs_sd.o
                0x0000000008000904                SD_disk_initialize
 .text.SD_disk_status
                0x0000000008000ad0       0x2c ./Core/Src/fatfs_sd.o
                0x0000000008000ad0                SD_disk_status
 .text.SD_disk_read
                0x0000000008000afc       0xd4 ./Core/Src/fatfs_sd.o
                0x0000000008000afc                SD_disk_read
 .text.SD_disk_write
                0x0000000008000bd0      0x108 ./Core/Src/fatfs_sd.o
                0x0000000008000bd0                SD_disk_write
 .text.SD_disk_ioctl
                0x0000000008000cd8      0x258 ./Core/Src/fatfs_sd.o
                0x0000000008000cd8                SD_disk_ioctl
 .text.MX_GPIO_Init
                0x0000000008000f30      0x12c ./Core/Src/gpio.o
                0x0000000008000f30                MX_GPIO_Init
 .text._write   0x000000000800105c       0x2c ./Core/Src/main.o
                0x000000000800105c                _write
 .text.main     0x0000000008001088       0xa4 ./Core/Src/main.o
                0x0000000008001088                main
 .text.SystemClock_Config
                0x000000000800112c       0xc0 ./Core/Src/main.o
                0x000000000800112c                SystemClock_Config
 .text.HAL_TIM_PeriodElapsedCallback
                0x00000000080011ec      0x300 ./Core/Src/main.o
                0x00000000080011ec                HAL_TIM_PeriodElapsedCallback
 .text.checkInputs
                0x00000000080014ec       0x44 ./Core/Src/main.o
                0x00000000080014ec                checkInputs
 .text.checkProduct
                0x0000000008001530      0x42c ./Core/Src/main.o
                0x0000000008001530                checkProduct
 .text.fillProduct
                0x000000000800195c       0xa0 ./Core/Src/main.o
                0x000000000800195c                fillProduct
 .text.writeSDProductInfo
                0x00000000080019fc      0x2ac ./Core/Src/main.o
                0x00000000080019fc                writeSDProductInfo
 .text.setRTCTime
                0x0000000008001ca8      0x210 ./Core/Src/main.o
                0x0000000008001ca8                setRTCTime
 .text.getRTCTime
                0x0000000008001eb8       0xe8 ./Core/Src/main.o
                0x0000000008001eb8                getRTCTime
 .text.getLogTime
                0x0000000008001fa0       0x94 ./Core/Src/main.o
                0x0000000008001fa0                getLogTime
 .text.getDataTime
                0x0000000008002034       0xe8 ./Core/Src/main.o
                0x0000000008002034                getDataTime
 .text.dayOfWeek
                0x000000000800211c       0xb0 ./Core/Src/main.o
                0x000000000800211c                dayOfWeek
 .text.SDInit   0x00000000080021cc       0x88 ./Core/Src/main.o
                0x00000000080021cc                SDInit
 .text.checkSDStore
                0x0000000008002254       0xf4 ./Core/Src/main.o
                0x0000000008002254                checkSDStore
 .text.w5500Init
                0x0000000008002348       0x46 ./Core/Src/main.o
                0x0000000008002348                w5500Init
 *fill*         0x000000000800238e        0x2 
 .text.MQTT_run
                0x0000000008002390      0x230 ./Core/Src/main.o
                0x0000000008002390                MQTT_run
 .text.msgLogger
                0x00000000080025c0       0x30 ./Core/Src/main.o
                0x00000000080025c0                msgLogger
 .text.inputStatusLogger
                0x00000000080025f0       0xc4 ./Core/Src/main.o
                0x00000000080025f0                inputStatusLogger
 .text.cs_sel   0x00000000080026b4       0x18 ./Core/Src/main.o
                0x00000000080026b4                cs_sel
 .text.cs_desel
                0x00000000080026cc       0x18 ./Core/Src/main.o
                0x00000000080026cc                cs_desel
 .text.spi_rb   0x00000000080026e4       0x24 ./Core/Src/main.o
                0x00000000080026e4                spi_rb
 .text.spi_wb   0x0000000008002708       0x24 ./Core/Src/main.o
                0x0000000008002708                spi_wb
 .text.Error_Handler
                0x000000000800272c        0xa ./Core/Src/main.o
                0x000000000800272c                Error_Handler
 *fill*         0x0000000008002736        0x2 
 .text.MX_RTC_Init
                0x0000000008002738       0xb4 ./Core/Src/rtc.o
                0x0000000008002738                MX_RTC_Init
 .text.HAL_RTC_MspInit
                0x00000000080027ec       0x58 ./Core/Src/rtc.o
                0x00000000080027ec                HAL_RTC_MspInit
 .text.MX_SPI1_Init
                0x0000000008002844       0x6c ./Core/Src/spi.o
                0x0000000008002844                MX_SPI1_Init
 .text.MX_SPI2_Init
                0x00000000080028b0       0x6c ./Core/Src/spi.o
                0x00000000080028b0                MX_SPI2_Init
 .text.HAL_SPI_MspInit
                0x000000000800291c       0xfc ./Core/Src/spi.o
                0x000000000800291c                HAL_SPI_MspInit
 .text.HAL_MspInit
                0x0000000008002a18       0x50 ./Core/Src/stm32f4xx_hal_msp.o
                0x0000000008002a18                HAL_MspInit
 .text.NMI_Handler
                0x0000000008002a68        0x6 ./Core/Src/stm32f4xx_it.o
                0x0000000008002a68                NMI_Handler
 .text.HardFault_Handler
                0x0000000008002a6e        0x6 ./Core/Src/stm32f4xx_it.o
                0x0000000008002a6e                HardFault_Handler
 .text.MemManage_Handler
                0x0000000008002a74        0x6 ./Core/Src/stm32f4xx_it.o
                0x0000000008002a74                MemManage_Handler
 .text.BusFault_Handler
                0x0000000008002a7a        0x6 ./Core/Src/stm32f4xx_it.o
                0x0000000008002a7a                BusFault_Handler
 .text.UsageFault_Handler
                0x0000000008002a80        0x6 ./Core/Src/stm32f4xx_it.o
                0x0000000008002a80                UsageFault_Handler
 .text.SVC_Handler
                0x0000000008002a86        0xe ./Core/Src/stm32f4xx_it.o
                0x0000000008002a86                SVC_Handler
 .text.DebugMon_Handler
                0x0000000008002a94        0xe ./Core/Src/stm32f4xx_it.o
                0x0000000008002a94                DebugMon_Handler
 .text.PendSV_Handler
                0x0000000008002aa2        0xe ./Core/Src/stm32f4xx_it.o
                0x0000000008002aa2                PendSV_Handler
 .text.SysTick_Handler
                0x0000000008002ab0       0x3c ./Core/Src/stm32f4xx_it.o
                0x0000000008002ab0                SysTick_Handler
 .text.TIM3_IRQHandler
                0x0000000008002aec       0x14 ./Core/Src/stm32f4xx_it.o
                0x0000000008002aec                TIM3_IRQHandler
 .text.TIM4_IRQHandler
                0x0000000008002b00       0x14 ./Core/Src/stm32f4xx_it.o
                0x0000000008002b00                TIM4_IRQHandler
 .text._read    0x0000000008002b14       0x3a ./Core/Src/syscalls.o
                0x0000000008002b14                _read
 .text._close   0x0000000008002b4e       0x18 ./Core/Src/syscalls.o
                0x0000000008002b4e                _close
 .text._fstat   0x0000000008002b66       0x20 ./Core/Src/syscalls.o
                0x0000000008002b66                _fstat
 .text._isatty  0x0000000008002b86       0x16 ./Core/Src/syscalls.o
                0x0000000008002b86                _isatty
 .text._lseek   0x0000000008002b9c       0x1a ./Core/Src/syscalls.o
                0x0000000008002b9c                _lseek
 *fill*         0x0000000008002bb6        0x2 
 .text._sbrk    0x0000000008002bb8       0x6c ./Core/Src/sysmem.o
                0x0000000008002bb8                _sbrk
 .text.SystemInit
                0x0000000008002c24       0x24 ./Core/Src/system_stm32f4xx.o
                0x0000000008002c24                SystemInit
 .text.MX_TIM3_Init
                0x0000000008002c48       0x9c ./Core/Src/tim.o
                0x0000000008002c48                MX_TIM3_Init
 .text.MX_TIM4_Init
                0x0000000008002ce4       0x9c ./Core/Src/tim.o
                0x0000000008002ce4                MX_TIM4_Init
 .text.HAL_TIM_Base_MspInit
                0x0000000008002d80       0x8c ./Core/Src/tim.o
                0x0000000008002d80                HAL_TIM_Base_MspInit
 .text.MX_USART1_UART_Init
                0x0000000008002e0c       0x54 ./Core/Src/usart.o
                0x0000000008002e0c                MX_USART1_UART_Init
 .text.HAL_UART_MspInit
                0x0000000008002e60       0x90 ./Core/Src/usart.o
                0x0000000008002e60                HAL_UART_MspInit
 .text.Reset_Handler
                0x0000000008002ef0       0x50 ./Core/Startup/startup_stm32f401rctx.o
                0x0000000008002ef0                Reset_Handler
 .text.Default_Handler
                0x0000000008002f40        0x2 ./Core/Startup/startup_stm32f401rctx.o
                0x0000000008002f40                RTC_Alarm_IRQHandler
                0x0000000008002f40                EXTI2_IRQHandler
                0x0000000008002f40                SPI4_IRQHandler
                0x0000000008002f40                TIM1_CC_IRQHandler
                0x0000000008002f40                DMA2_Stream5_IRQHandler
                0x0000000008002f40                DMA1_Stream5_IRQHandler
                0x0000000008002f40                PVD_IRQHandler
                0x0000000008002f40                SDIO_IRQHandler
                0x0000000008002f40                TAMP_STAMP_IRQHandler
                0x0000000008002f40                EXTI3_IRQHandler
                0x0000000008002f40                TIM1_UP_TIM10_IRQHandler
                0x0000000008002f40                I2C3_ER_IRQHandler
                0x0000000008002f40                EXTI0_IRQHandler
                0x0000000008002f40                I2C2_EV_IRQHandler
                0x0000000008002f40                DMA1_Stream2_IRQHandler
                0x0000000008002f40                FPU_IRQHandler
                0x0000000008002f40                DMA2_Stream2_IRQHandler
                0x0000000008002f40                SPI1_IRQHandler
                0x0000000008002f40                TIM1_BRK_TIM9_IRQHandler
                0x0000000008002f40                DMA2_Stream3_IRQHandler
                0x0000000008002f40                USART6_IRQHandler
                0x0000000008002f40                DMA2_Stream0_IRQHandler
                0x0000000008002f40                I2C1_EV_IRQHandler
                0x0000000008002f40                DMA1_Stream6_IRQHandler
                0x0000000008002f40                DMA1_Stream1_IRQHandler
                0x0000000008002f40                RCC_IRQHandler
                0x0000000008002f40                Default_Handler
                0x0000000008002f40                EXTI15_10_IRQHandler
                0x0000000008002f40                ADC_IRQHandler
                0x0000000008002f40                DMA1_Stream7_IRQHandler
                0x0000000008002f40                TIM5_IRQHandler
                0x0000000008002f40                DMA2_Stream7_IRQHandler
                0x0000000008002f40                I2C3_EV_IRQHandler
                0x0000000008002f40                EXTI9_5_IRQHandler
                0x0000000008002f40                RTC_WKUP_IRQHandler
                0x0000000008002f40                SPI2_IRQHandler
                0x0000000008002f40                DMA1_Stream0_IRQHandler
                0x0000000008002f40                EXTI4_IRQHandler
                0x0000000008002f40                WWDG_IRQHandler
                0x0000000008002f40                TIM2_IRQHandler
                0x0000000008002f40                OTG_FS_WKUP_IRQHandler
                0x0000000008002f40                TIM1_TRG_COM_TIM11_IRQHandler
                0x0000000008002f40                EXTI1_IRQHandler
                0x0000000008002f40                USART2_IRQHandler
                0x0000000008002f40                I2C2_ER_IRQHandler
                0x0000000008002f40                DMA2_Stream1_IRQHandler
                0x0000000008002f40                FLASH_IRQHandler
                0x0000000008002f40                DMA2_Stream4_IRQHandler
                0x0000000008002f40                USART1_IRQHandler
                0x0000000008002f40                OTG_FS_IRQHandler
                0x0000000008002f40                SPI3_IRQHandler
                0x0000000008002f40                DMA1_Stream4_IRQHandler
                0x0000000008002f40                I2C1_ER_IRQHandler
                0x0000000008002f40                DMA2_Stream6_IRQHandler
                0x0000000008002f40                DMA1_Stream3_IRQHandler
 *fill*         0x0000000008002f42        0x2 
 .text.HAL_Init
                0x0000000008002f44       0x44 ./Drivers/STM32F4xx_HAL_Driver/Src/stm32f4xx_hal.o
                0x0000000008002f44                HAL_Init
 .text.HAL_InitTick
                0x0000000008002f88       0x60 ./Drivers/STM32F4xx_HAL_Driver/Src/stm32f4xx_hal.o
                0x0000000008002f88                HAL_InitTick
 .text.HAL_IncTick
                0x0000000008002fe8       0x28 ./Drivers/STM32F4xx_HAL_Driver/Src/stm32f4xx_hal.o
                0x0000000008002fe8                HAL_IncTick
 .text.HAL_GetTick
                0x0000000008003010       0x18 ./Drivers/STM32F4xx_HAL_Driver/Src/stm32f4xx_hal.o
                0x0000000008003010                HAL_GetTick
 .text.HAL_Delay
                0x0000000008003028       0x48 ./Drivers/STM32F4xx_HAL_Driver/Src/stm32f4xx_hal.o
                0x0000000008003028                HAL_Delay
 .text.__NVIC_SetPriorityGrouping
                0x0000000008003070       0x48 ./Drivers/STM32F4xx_HAL_Driver/Src/stm32f4xx_hal_cortex.o
 .text.__NVIC_GetPriorityGrouping
                0x00000000080030b8       0x1c ./Drivers/STM32F4xx_HAL_Driver/Src/stm32f4xx_hal_cortex.o
 .text.__NVIC_EnableIRQ
                0x00000000080030d4       0x3c ./Drivers/STM32F4xx_HAL_Driver/Src/stm32f4xx_hal_cortex.o
 .text.__NVIC_SetPriority
                0x0000000008003110       0x54 ./Drivers/STM32F4xx_HAL_Driver/Src/stm32f4xx_hal_cortex.o
 .text.NVIC_EncodePriority
                0x0000000008003164       0x66 ./Drivers/STM32F4xx_HAL_Driver/Src/stm32f4xx_hal_cortex.o
 *fill*         0x00000000080031ca        0x2 
 .text.SysTick_Config
                0x00000000080031cc       0x44 ./Drivers/STM32F4xx_HAL_Driver/Src/stm32f4xx_hal_cortex.o
 .text.HAL_NVIC_SetPriorityGrouping
                0x0000000008003210       0x16 ./Drivers/STM32F4xx_HAL_Driver/Src/stm32f4xx_hal_cortex.o
                0x0000000008003210                HAL_NVIC_SetPriorityGrouping
 .text.HAL_NVIC_SetPriority
                0x0000000008003226       0x38 ./Drivers/STM32F4xx_HAL_Driver/Src/stm32f4xx_hal_cortex.o
                0x0000000008003226                HAL_NVIC_SetPriority
 .text.HAL_NVIC_EnableIRQ
                0x000000000800325e       0x1c ./Drivers/STM32F4xx_HAL_Driver/Src/stm32f4xx_hal_cortex.o
                0x000000000800325e                HAL_NVIC_EnableIRQ
 .text.HAL_SYSTICK_Config
                0x000000000800327a       0x18 ./Drivers/STM32F4xx_HAL_Driver/Src/stm32f4xx_hal_cortex.o
                0x000000000800327a                HAL_SYSTICK_Config
 *fill*         0x0000000008003292        0x2 
 .text.HAL_GPIO_Init
                0x0000000008003294      0x308 ./Drivers/STM32F4xx_HAL_Driver/Src/stm32f4xx_hal_gpio.o
                0x0000000008003294                HAL_GPIO_Init
 .text.HAL_GPIO_WritePin
                0x000000000800359c       0x32 ./Drivers/STM32F4xx_HAL_Driver/Src/stm32f4xx_hal_gpio.o
                0x000000000800359c                HAL_GPIO_WritePin
 *fill*         0x00000000080035ce        0x2 
 .text.HAL_RCC_OscConfig
                0x00000000080035d0      0x4f0 ./Drivers/STM32F4xx_HAL_Driver/Src/stm32f4xx_hal_rcc.o
                0x00000000080035d0                HAL_RCC_OscConfig
 .text.HAL_RCC_ClockConfig
                0x0000000008003ac0      0x1cc ./Drivers/STM32F4xx_HAL_Driver/Src/stm32f4xx_hal_rcc.o
                0x0000000008003ac0                HAL_RCC_ClockConfig
 .text.HAL_RCC_GetSysClockFreq
                0x0000000008003c8c      0x18c ./Drivers/STM32F4xx_HAL_Driver/Src/stm32f4xx_hal_rcc.o
                0x0000000008003c8c                HAL_RCC_GetSysClockFreq
 .text.HAL_RCC_GetHCLKFreq
                0x0000000008003e18       0x18 ./Drivers/STM32F4xx_HAL_Driver/Src/stm32f4xx_hal_rcc.o
                0x0000000008003e18                HAL_RCC_GetHCLKFreq
 .text.HAL_RCC_GetPCLK1Freq
                0x0000000008003e30       0x28 ./Drivers/STM32F4xx_HAL_Driver/Src/stm32f4xx_hal_rcc.o
                0x0000000008003e30                HAL_RCC_GetPCLK1Freq
 .text.HAL_RCC_GetPCLK2Freq
                0x0000000008003e58       0x28 ./Drivers/STM32F4xx_HAL_Driver/Src/stm32f4xx_hal_rcc.o
                0x0000000008003e58                HAL_RCC_GetPCLK2Freq
 .text.HAL_RCCEx_PeriphCLKConfig
                0x0000000008003e80      0x1dc ./Drivers/STM32F4xx_HAL_Driver/Src/stm32f4xx_hal_rcc_ex.o
                0x0000000008003e80                HAL_RCCEx_PeriphCLKConfig
 .text.HAL_RTC_Init
                0x000000000800405c       0xec ./Drivers/STM32F4xx_HAL_Driver/Src/stm32f4xx_hal_rtc.o
                0x000000000800405c                HAL_RTC_Init
 .text.HAL_RTC_SetTime
                0x0000000008004148      0x134 ./Drivers/STM32F4xx_HAL_Driver/Src/stm32f4xx_hal_rtc.o
                0x0000000008004148                HAL_RTC_SetTime
 .text.HAL_RTC_GetTime
                0x000000000800427c       0xbc ./Drivers/STM32F4xx_HAL_Driver/Src/stm32f4xx_hal_rtc.o
                0x000000000800427c                HAL_RTC_GetTime
 .text.HAL_RTC_SetDate
                0x0000000008004338      0x108 ./Drivers/STM32F4xx_HAL_Driver/Src/stm32f4xx_hal_rtc.o
                0x0000000008004338                HAL_RTC_SetDate
 .text.HAL_RTC_GetDate
                0x0000000008004440       0x9e ./Drivers/STM32F4xx_HAL_Driver/Src/stm32f4xx_hal_rtc.o
                0x0000000008004440                HAL_RTC_GetDate
 .text.HAL_RTC_WaitForSynchro
                0x00000000080044de       0x50 ./Drivers/STM32F4xx_HAL_Driver/Src/stm32f4xx_hal_rtc.o
                0x00000000080044de                HAL_RTC_WaitForSynchro
 .text.RTC_EnterInitMode
                0x000000000800452e       0x6e ./Drivers/STM32F4xx_HAL_Driver/Src/stm32f4xx_hal_rtc.o
                0x000000000800452e                RTC_EnterInitMode
 .text.RTC_ExitInitMode
                0x000000000800459c       0x4a ./Drivers/STM32F4xx_HAL_Driver/Src/stm32f4xx_hal_rtc.o
                0x000000000800459c                RTC_ExitInitMode
 .text.RTC_ByteToBcd2
                0x00000000080045e6       0x3a ./Drivers/STM32F4xx_HAL_Driver/Src/stm32f4xx_hal_rtc.o
                0x00000000080045e6                RTC_ByteToBcd2
 .text.RTC_Bcd2ToByte
                0x0000000008004620       0x38 ./Drivers/STM32F4xx_HAL_Driver/Src/stm32f4xx_hal_rtc.o
                0x0000000008004620                RTC_Bcd2ToByte
 .text.HAL_SPI_Init
                0x0000000008004658      0x112 ./Drivers/STM32F4xx_HAL_Driver/Src/stm32f4xx_hal_spi.o
                0x0000000008004658                HAL_SPI_Init
 .text.HAL_SPI_Transmit
                0x000000000800476a      0x278 ./Drivers/STM32F4xx_HAL_Driver/Src/stm32f4xx_hal_spi.o
                0x000000000800476a                HAL_SPI_Transmit
 .text.HAL_SPI_Receive
                0x00000000080049e2      0x222 ./Drivers/STM32F4xx_HAL_Driver/Src/stm32f4xx_hal_spi.o
                0x00000000080049e2                HAL_SPI_Receive
 .text.HAL_SPI_TransmitReceive
                0x0000000008004c04      0x344 ./Drivers/STM32F4xx_HAL_Driver/Src/stm32f4xx_hal_spi.o
                0x0000000008004c04                HAL_SPI_TransmitReceive
 .text.SPI_WaitFlagStateUntilTimeout
                0x0000000008004f48      0x110 ./Drivers/STM32F4xx_HAL_Driver/Src/stm32f4xx_hal_spi.o
 .text.SPI_EndRxTransaction
                0x0000000008005058       0xca ./Drivers/STM32F4xx_HAL_Driver/Src/stm32f4xx_hal_spi.o
 *fill*         0x0000000008005122        0x2 
 .text.SPI_EndRxTxTransaction
                0x0000000008005124       0x84 ./Drivers/STM32F4xx_HAL_Driver/Src/stm32f4xx_hal_spi.o
 .text.HAL_TIM_Base_Init
                0x00000000080051a8       0x9e ./Drivers/STM32F4xx_HAL_Driver/Src/stm32f4xx_hal_tim.o
                0x00000000080051a8                HAL_TIM_Base_Init
 *fill*         0x0000000008005246        0x2 
 .text.HAL_TIM_Base_Start_IT
                0x0000000008005248       0xc4 ./Drivers/STM32F4xx_HAL_Driver/Src/stm32f4xx_hal_tim.o
                0x0000000008005248                HAL_TIM_Base_Start_IT
 .text.HAL_TIM_IRQHandler
                0x000000000800530c      0x210 ./Drivers/STM32F4xx_HAL_Driver/Src/stm32f4xx_hal_tim.o
                0x000000000800530c                HAL_TIM_IRQHandler
 .text.HAL_TIM_ConfigClockSource
                0x000000000800551c      0x18e ./Drivers/STM32F4xx_HAL_Driver/Src/stm32f4xx_hal_tim.o
                0x000000000800551c                HAL_TIM_ConfigClockSource
 .text.HAL_TIM_OC_DelayElapsedCallback
                0x00000000080056aa       0x14 ./Drivers/STM32F4xx_HAL_Driver/Src/stm32f4xx_hal_tim.o
                0x00000000080056aa                HAL_TIM_OC_DelayElapsedCallback
 .text.HAL_TIM_IC_CaptureCallback
                0x00000000080056be       0x14 ./Drivers/STM32F4xx_HAL_Driver/Src/stm32f4xx_hal_tim.o
                0x00000000080056be                HAL_TIM_IC_CaptureCallback
 .text.HAL_TIM_PWM_PulseFinishedCallback
                0x00000000080056d2       0x14 ./Drivers/STM32F4xx_HAL_Driver/Src/stm32f4xx_hal_tim.o
                0x00000000080056d2                HAL_TIM_PWM_PulseFinishedCallback
 .text.HAL_TIM_TriggerCallback
                0x00000000080056e6       0x14 ./Drivers/STM32F4xx_HAL_Driver/Src/stm32f4xx_hal_tim.o
                0x00000000080056e6                HAL_TIM_TriggerCallback
 *fill*         0x00000000080056fa        0x2 
 .text.TIM_Base_SetConfig
                0x00000000080056fc      0x100 ./Drivers/STM32F4xx_HAL_Driver/Src/stm32f4xx_hal_tim.o
                0x00000000080056fc                TIM_Base_SetConfig
 .text.TIM_TI1_ConfigInputStage
                0x00000000080057fc       0x5e ./Drivers/STM32F4xx_HAL_Driver/Src/stm32f4xx_hal_tim.o
 .text.TIM_TI2_ConfigInputStage
                0x000000000800585a       0x60 ./Drivers/STM32F4xx_HAL_Driver/Src/stm32f4xx_hal_tim.o
 .text.TIM_ITRx_SetConfig
                0x00000000080058ba       0x36 ./Drivers/STM32F4xx_HAL_Driver/Src/stm32f4xx_hal_tim.o
 .text.TIM_ETR_SetConfig
                0x00000000080058f0       0x40 ./Drivers/STM32F4xx_HAL_Driver/Src/stm32f4xx_hal_tim.o
                0x00000000080058f0                TIM_ETR_SetConfig
 .text.HAL_TIMEx_MasterConfigSynchronization
                0x0000000008005930       0xdc ./Drivers/STM32F4xx_HAL_Driver/Src/stm32f4xx_hal_tim_ex.o
                0x0000000008005930                HAL_TIMEx_MasterConfigSynchronization
 .text.HAL_TIMEx_CommutCallback
                0x0000000008005a0c       0x14 ./Drivers/STM32F4xx_HAL_Driver/Src/stm32f4xx_hal_tim_ex.o
                0x0000000008005a0c                HAL_TIMEx_CommutCallback
 .text.HAL_TIMEx_BreakCallback
                0x0000000008005a20       0x14 ./Drivers/STM32F4xx_HAL_Driver/Src/stm32f4xx_hal_tim_ex.o
                0x0000000008005a20                HAL_TIMEx_BreakCallback
 .text.HAL_UART_Init
                0x0000000008005a34       0x9a ./Drivers/STM32F4xx_HAL_Driver/Src/stm32f4xx_hal_uart.o
                0x0000000008005a34                HAL_UART_Init
 .text.HAL_UART_Transmit
                0x0000000008005ace      0x124 ./Drivers/STM32F4xx_HAL_Driver/Src/stm32f4xx_hal_uart.o
                0x0000000008005ace                HAL_UART_Transmit
 .text.UART_WaitOnFlagUntilTimeout
                0x0000000008005bf2       0xdc ./Drivers/STM32F4xx_HAL_Driver/Src/stm32f4xx_hal_uart.o
 *fill*         0x0000000008005cce        0x2 
 .text.UART_SetConfig
                0x0000000008005cd0      0x4e8 ./Drivers/STM32F4xx_HAL_Driver/Src/stm32f4xx_hal_uart.o
 .text.MX_FATFS_Init
                0x00000000080061b8       0x24 ./FATFS/App/fatfs.o
                0x00000000080061b8                MX_FATFS_Init
 .text.get_fattime
                0x00000000080061dc       0x10 ./FATFS/App/fatfs.o
                0x00000000080061dc                get_fattime
 .text.USER_initialize
                0x00000000080061ec       0x1c ./FATFS/Target/user_diskio.o
                0x00000000080061ec                USER_initialize
 .text.USER_status
                0x0000000008006208       0x1c ./FATFS/Target/user_diskio.o
                0x0000000008006208                USER_status
 .text.USER_read
                0x0000000008006224       0x26 ./FATFS/Target/user_diskio.o
                0x0000000008006224                USER_read
 .text.USER_write
                0x000000000800624a       0x26 ./FATFS/Target/user_diskio.o
                0x000000000800624a                USER_write
 .text.USER_ioctl
                0x0000000008006270       0x26 ./FATFS/Target/user_diskio.o
                0x0000000008006270                USER_ioctl
 *fill*         0x0000000008006296        0x2 
 .text.disk_status
                0x0000000008006298       0x34 ./Middlewares/Third_Party/FatFs/src/diskio.o
                0x0000000008006298                disk_status
 .text.disk_initialize
                0x00000000080062cc       0x4c ./Middlewares/Third_Party/FatFs/src/diskio.o
                0x00000000080062cc                disk_initialize
 .text.disk_read
                0x0000000008006318       0x40 ./Middlewares/Third_Party/FatFs/src/diskio.o
                0x0000000008006318                disk_read
 .text.disk_write
                0x0000000008006358       0x40 ./Middlewares/Third_Party/FatFs/src/diskio.o
                0x0000000008006358                disk_write
 .text.disk_ioctl
                0x0000000008006398       0x3c ./Middlewares/Third_Party/FatFs/src/diskio.o
                0x0000000008006398                disk_ioctl
 .text.ld_word  0x00000000080063d4       0x30 ./Middlewares/Third_Party/FatFs/src/ff.o
 .text.ld_dword
                0x0000000008006404       0x46 ./Middlewares/Third_Party/FatFs/src/ff.o
 .text.st_word  0x000000000800644a       0x36 ./Middlewares/Third_Party/FatFs/src/ff.o
 .text.st_dword
                0x0000000008006480       0x58 ./Middlewares/Third_Party/FatFs/src/ff.o
 .text.mem_cpy  0x00000000080064d8       0x42 ./Middlewares/Third_Party/FatFs/src/ff.o
 .text.mem_set  0x000000000800651a       0x36 ./Middlewares/Third_Party/FatFs/src/ff.o
 .text.mem_cmp  0x0000000008006550       0x4e ./Middlewares/Third_Party/FatFs/src/ff.o
 .text.chk_chr  0x000000000800659e       0x36 ./Middlewares/Third_Party/FatFs/src/ff.o
 .text.chk_lock
                0x00000000080065d4       0xb8 ./Middlewares/Third_Party/FatFs/src/ff.o
 .text.enq_lock
                0x000000000800668c       0x44 ./Middlewares/Third_Party/FatFs/src/ff.o
 .text.inc_lock
                0x00000000080066d0      0x11c ./Middlewares/Third_Party/FatFs/src/ff.o
 .text.dec_lock
                0x00000000080067ec       0x78 ./Middlewares/Third_Party/FatFs/src/ff.o
 .text.clear_lock
                0x0000000008006864       0x48 ./Middlewares/Third_Party/FatFs/src/ff.o
 .text.sync_window
                0x00000000080068ac       0x88 ./Middlewares/Third_Party/FatFs/src/ff.o
 .text.move_window
                0x0000000008006934       0x5a ./Middlewares/Third_Party/FatFs/src/ff.o
 *fill*         0x000000000800698e        0x2 
 .text.sync_fs  0x0000000008006990       0xe0 ./Middlewares/Third_Party/FatFs/src/ff.o
 .text.clust2sect
                0x0000000008006a70       0x3e ./Middlewares/Third_Party/FatFs/src/ff.o
 .text.get_fat  0x0000000008006aae      0x1a8 ./Middlewares/Third_Party/FatFs/src/ff.o
 .text.put_fat  0x0000000008006c56      0x238 ./Middlewares/Third_Party/FatFs/src/ff.o
 .text.remove_chain
                0x0000000008006e8e       0xca ./Middlewares/Third_Party/FatFs/src/ff.o
 .text.create_chain
                0x0000000008006f58      0x130 ./Middlewares/Third_Party/FatFs/src/ff.o
 .text.clmt_clust
                0x0000000008007088       0x70 ./Middlewares/Third_Party/FatFs/src/ff.o
 .text.dir_sdi  0x00000000080070f8      0x112 ./Middlewares/Third_Party/FatFs/src/ff.o
 .text.dir_next
                0x000000000800720a      0x1ac ./Middlewares/Third_Party/FatFs/src/ff.o
 .text.dir_alloc
                0x00000000080073b6       0x8e ./Middlewares/Third_Party/FatFs/src/ff.o
 .text.ld_clust
                0x0000000008007444       0x3e ./Middlewares/Third_Party/FatFs/src/ff.o
 .text.st_clust
                0x0000000008007482       0x40 ./Middlewares/Third_Party/FatFs/src/ff.o
 *fill*         0x00000000080074c2        0x2 
 .text.cmp_lfn  0x00000000080074c4       0xe0 ./Middlewares/Third_Party/FatFs/src/ff.o
 .text.pick_lfn
                0x00000000080075a4       0xc8 ./Middlewares/Third_Party/FatFs/src/ff.o
 .text.put_lfn  0x000000000800766c       0xd0 ./Middlewares/Third_Party/FatFs/src/ff.o
 .text.gen_numname
                0x000000000800773c      0x11c ./Middlewares/Third_Party/FatFs/src/ff.o
 .text.sum_sfn  0x0000000008007858       0x42 ./Middlewares/Third_Party/FatFs/src/ff.o
 .text.dir_read
                0x000000000800789a      0x14e ./Middlewares/Third_Party/FatFs/src/ff.o
 .text.dir_find
                0x00000000080079e8      0x180 ./Middlewares/Third_Party/FatFs/src/ff.o
 .text.dir_register
                0x0000000008007b68      0x1f0 ./Middlewares/Third_Party/FatFs/src/ff.o
 .text.dir_remove
                0x0000000008007d58       0x94 ./Middlewares/Third_Party/FatFs/src/ff.o
 .text.get_fileinfo
                0x0000000008007dec      0x1ba ./Middlewares/Third_Party/FatFs/src/ff.o
 *fill*         0x0000000008007fa6        0x2 
 .text.get_achar
                0x0000000008007fa8       0x4c ./Middlewares/Third_Party/FatFs/src/ff.o
 .text.pattern_matching
                0x0000000008007ff4       0xf6 ./Middlewares/Third_Party/FatFs/src/ff.o
 *fill*         0x00000000080080ea        0x2 
 .text.create_name
                0x00000000080080ec      0x370 ./Middlewares/Third_Party/FatFs/src/ff.o
 .text.follow_path
                0x000000000800845c       0xec ./Middlewares/Third_Party/FatFs/src/ff.o
 .text.get_ldnumber
                0x0000000008008548       0x88 ./Middlewares/Third_Party/FatFs/src/ff.o
 .text.check_fs
                0x00000000080085d0       0xac ./Middlewares/Third_Party/FatFs/src/ff.o
 .text.find_volume
                0x000000000800867c      0x50c ./Middlewares/Third_Party/FatFs/src/ff.o
 .text.validate
                0x0000000008008b88       0x6a ./Middlewares/Third_Party/FatFs/src/ff.o
 *fill*         0x0000000008008bf2        0x2 
 .text.f_mount  0x0000000008008bf4       0x8c ./Middlewares/Third_Party/FatFs/src/ff.o
                0x0000000008008bf4                f_mount
 .text.f_open   0x0000000008008c80      0x398 ./Middlewares/Third_Party/FatFs/src/ff.o
                0x0000000008008c80                f_open
 .text.f_read   0x0000000008009018      0x2be ./Middlewares/Third_Party/FatFs/src/ff.o
                0x0000000008009018                f_read
 .text.f_write  0x00000000080092d6      0x328 ./Middlewares/Third_Party/FatFs/src/ff.o
                0x00000000080092d6                f_write
 .text.f_sync   0x00000000080095fe       0xfc ./Middlewares/Third_Party/FatFs/src/ff.o
                0x00000000080095fe                f_sync
 .text.f_close  0x00000000080096fa       0x54 ./Middlewares/Third_Party/FatFs/src/ff.o
                0x00000000080096fa                f_close
 .text.f_opendir
                0x000000000800974e       0xe6 ./Middlewares/Third_Party/FatFs/src/ff.o
                0x000000000800974e                f_opendir
 .text.f_readdir
                0x0000000008009834       0x7a ./Middlewares/Third_Party/FatFs/src/ff.o
                0x0000000008009834                f_readdir
 .text.f_findnext
                0x00000000080098ae       0x50 ./Middlewares/Third_Party/FatFs/src/ff.o
                0x00000000080098ae                f_findnext
 .text.f_findfirst
                0x00000000080098fe       0x3c ./Middlewares/Third_Party/FatFs/src/ff.o
                0x00000000080098fe                f_findfirst
 .text.f_unlink
                0x000000000800993a      0x160 ./Middlewares/Third_Party/FatFs/src/ff.o
                0x000000000800993a                f_unlink
 .text.f_mkdir  0x0000000008009a9a      0x21a ./Middlewares/Third_Party/FatFs/src/ff.o
                0x0000000008009a9a                f_mkdir
 .text.f_gets   0x0000000008009cb4       0x7a ./Middlewares/Third_Party/FatFs/src/ff.o
                0x0000000008009cb4                f_gets
 .text.putc_bfd
                0x0000000008009d2e       0x7a ./Middlewares/Third_Party/FatFs/src/ff.o
 .text.putc_flush
                0x0000000008009da8       0x4a ./Middlewares/Third_Party/FatFs/src/ff.o
 .text.putc_init
                0x0000000008009df2       0x2a ./Middlewares/Third_Party/FatFs/src/ff.o
 .text.f_puts   0x0000000008009e1c       0x48 ./Middlewares/Third_Party/FatFs/src/ff.o
                0x0000000008009e1c                f_puts
 .text.FATFS_LinkDriverEx
                0x0000000008009e64       0x98 ./Middlewares/Third_Party/FatFs/src/ff_gen_drv.o
                0x0000000008009e64                FATFS_LinkDriverEx
 .text.FATFS_LinkDriver
                0x0000000008009efc       0x1e ./Middlewares/Third_Party/FatFs/src/ff_gen_drv.o
                0x0000000008009efc                FATFS_LinkDriver
 *fill*         0x0000000008009f1a        0x2 
 .text.ff_convert
                0x0000000008009f1c       0x78 ./Middlewares/Third_Party/FatFs/src/option/ccsbcs.o
                0x0000000008009f1c                ff_convert
 .text.ff_wtoupper
                0x0000000008009f94      0x114 ./Middlewares/Third_Party/FatFs/src/option/ccsbcs.o
                0x0000000008009f94                ff_wtoupper
 .text.WIZCHIP_READ
                0x000000000800a0a8       0x98 ./ioLibrary_Driver2/Ethernet/W5500/w5500.o
                0x000000000800a0a8                WIZCHIP_READ
 .text.WIZCHIP_WRITE
                0x000000000800a140       0x9c ./ioLibrary_Driver2/Ethernet/W5500/w5500.o
                0x000000000800a140                WIZCHIP_WRITE
 .text.WIZCHIP_READ_BUF
                0x000000000800a1dc       0xc0 ./ioLibrary_Driver2/Ethernet/W5500/w5500.o
                0x000000000800a1dc                WIZCHIP_READ_BUF
 .text.WIZCHIP_WRITE_BUF
                0x000000000800a29c       0xc0 ./ioLibrary_Driver2/Ethernet/W5500/w5500.o
                0x000000000800a29c                WIZCHIP_WRITE_BUF
 .text.getSn_TX_FSR
                0x000000000800a35c       0x96 ./ioLibrary_Driver2/Ethernet/W5500/w5500.o
                0x000000000800a35c                getSn_TX_FSR
 .text.getSn_RX_RSR
                0x000000000800a3f2       0x96 ./ioLibrary_Driver2/Ethernet/W5500/w5500.o
                0x000000000800a3f2                getSn_RX_RSR
 .text.wiz_send_data
                0x000000000800a488       0xb8 ./ioLibrary_Driver2/Ethernet/W5500/w5500.o
                0x000000000800a488                wiz_send_data
 .text.wiz_recv_data
                0x000000000800a540       0xb8 ./ioLibrary_Driver2/Ethernet/W5500/w5500.o
                0x000000000800a540                wiz_recv_data
 .text.wiz_recv_ignore
                0x000000000800a5f8       0x90 ./ioLibrary_Driver2/Ethernet/W5500/w5500.o
                0x000000000800a5f8                wiz_recv_ignore
 .text.socket   0x000000000800a688      0x22c ./ioLibrary_Driver2/Ethernet/socket.o
                0x000000000800a688                socket
 .text.close    0x000000000800a8b4       0xdc ./ioLibrary_Driver2/Ethernet/socket.o
                0x000000000800a8b4                close
 .text.connect  0x000000000800a990      0x1b8 ./ioLibrary_Driver2/Ethernet/socket.o
                0x000000000800a990                connect
 .text.disconnect
                0x000000000800ab48       0xec ./ioLibrary_Driver2/Ethernet/socket.o
                0x000000000800ab48                disconnect
 .text.send     0x000000000800ac34      0x1f4 ./ioLibrary_Driver2/Ethernet/socket.o
                0x000000000800ac34                send
 .text.recv     0x000000000800ae28      0x16c ./ioLibrary_Driver2/Ethernet/socket.o
                0x000000000800ae28                recv
 .text.sendto   0x000000000800af94      0x26c ./ioLibrary_Driver2/Ethernet/socket.o
                0x000000000800af94                sendto
 .text.recvfrom
                0x000000000800b200      0x3dc ./ioLibrary_Driver2/Ethernet/socket.o
                0x000000000800b200                recvfrom
 .text.wizchip_cris_enter
                0x000000000800b5dc        0xe ./ioLibrary_Driver2/Ethernet/wizchip_conf.o
                0x000000000800b5dc                wizchip_cris_enter
 .text.wizchip_cris_exit
                0x000000000800b5ea        0xe ./ioLibrary_Driver2/Ethernet/wizchip_conf.o
                0x000000000800b5ea                wizchip_cris_exit
 .text.wizchip_cs_select
                0x000000000800b5f8        0xe ./ioLibrary_Driver2/Ethernet/wizchip_conf.o
                0x000000000800b5f8                wizchip_cs_select
 .text.wizchip_cs_deselect
                0x000000000800b606        0xe ./ioLibrary_Driver2/Ethernet/wizchip_conf.o
                0x000000000800b606                wizchip_cs_deselect
 .text.wizchip_bus_readdata
                0x000000000800b614       0x1a ./ioLibrary_Driver2/Ethernet/wizchip_conf.o
                0x000000000800b614                wizchip_bus_readdata
 .text.wizchip_bus_writedata
                0x000000000800b62e       0x1e ./ioLibrary_Driver2/Ethernet/wizchip_conf.o
                0x000000000800b62e                wizchip_bus_writedata
 .text.wizchip_spi_readbyte
                0x000000000800b64c       0x10 ./ioLibrary_Driver2/Ethernet/wizchip_conf.o
                0x000000000800b64c                wizchip_spi_readbyte
 .text.wizchip_spi_writebyte
                0x000000000800b65c       0x16 ./ioLibrary_Driver2/Ethernet/wizchip_conf.o
                0x000000000800b65c                wizchip_spi_writebyte
 *fill*         0x000000000800b672        0x2 
 .text.reg_wizchip_cs_cbfunc
                0x000000000800b674       0x4c ./ioLibrary_Driver2/Ethernet/wizchip_conf.o
                0x000000000800b674                reg_wizchip_cs_cbfunc
 .text.reg_wizchip_spi_cbfunc
                0x000000000800b6c0       0x58 ./ioLibrary_Driver2/Ethernet/wizchip_conf.o
                0x000000000800b6c0                reg_wizchip_spi_cbfunc
 .text.wizchip_sw_reset
                0x000000000800b718       0x98 ./ioLibrary_Driver2/Ethernet/wizchip_conf.o
                0x000000000800b718                wizchip_sw_reset
 .text.wizchip_init
                0x000000000800b7b0      0x118 ./ioLibrary_Driver2/Ethernet/wizchip_conf.o
                0x000000000800b7b0                wizchip_init
 .text.wizchip_setnetinfo
                0x000000000800b8c8       0x80 ./ioLibrary_Driver2/Ethernet/wizchip_conf.o
                0x000000000800b8c8                wizchip_setnetinfo
 .text.wizchip_settimeout
                0x000000000800b948       0x42 ./ioLibrary_Driver2/Ethernet/wizchip_conf.o
                0x000000000800b948                wizchip_settimeout
 .text.NewMessageData
                0x000000000800b98a       0x24 ./ioLibrary_Driver2/Internet/MQTT/MQTTClient.o
 .text.getNextPacketId
                0x000000000800b9ae       0x32 ./ioLibrary_Driver2/Internet/MQTT/MQTTClient.o
 .text.sendPacket
                0x000000000800b9e0       0x92 ./ioLibrary_Driver2/Internet/MQTT/MQTTClient.o
 .text.MQTTClientInit
                0x000000000800ba72       0x7c ./ioLibrary_Driver2/Internet/MQTT/MQTTClient.o
                0x000000000800ba72                MQTTClientInit
 .text.decodePacket
                0x000000000800baee       0x88 ./ioLibrary_Driver2/Internet/MQTT/MQTTClient.o
 .text.readPacket
                0x000000000800bb76       0xc8 ./ioLibrary_Driver2/Internet/MQTT/MQTTClient.o
 .text.isTopicMatched
                0x000000000800bc3e       0xd2 ./ioLibrary_Driver2/Internet/MQTT/MQTTClient.o
 .text.deliverMessage
                0x000000000800bd10       0xd6 ./ioLibrary_Driver2/Internet/MQTT/MQTTClient.o
                0x000000000800bd10                deliverMessage
 .text.keepalive
                0x000000000800bde6       0x8e ./ioLibrary_Driver2/Internet/MQTT/MQTTClient.o
                0x000000000800bde6                keepalive
 .text.cycle    0x000000000800be74      0x1c8 ./ioLibrary_Driver2/Internet/MQTT/MQTTClient.o
                0x000000000800be74                cycle
 .text.MQTTYield
                0x000000000800c03c       0x4a ./ioLibrary_Driver2/Internet/MQTT/MQTTClient.o
                0x000000000800c03c                MQTTYield
 .text.waitfor  0x000000000800c086       0x3e ./ioLibrary_Driver2/Internet/MQTT/MQTTClient.o
                0x000000000800c086                waitfor
 .text.MQTTConnect
                0x000000000800c0c4      0x10c ./ioLibrary_Driver2/Internet/MQTT/MQTTClient.o
                0x000000000800c0c4                MQTTConnect
 .text.MQTTPublish
                0x000000000800c1d0      0x17e ./ioLibrary_Driver2/Internet/MQTT/MQTTClient.o
                0x000000000800c1d0                MQTTPublish
 .text.TimerInit
                0x000000000800c34e       0x1a ./ioLibrary_Driver2/Internet/MQTT/mqtt_interface.o
                0x000000000800c34e                TimerInit
 .text.TimerIsExpired
                0x000000000800c368       0x2c ./ioLibrary_Driver2/Internet/MQTT/mqtt_interface.o
                0x000000000800c368                TimerIsExpired
 .text.TimerCountdownMS
                0x000000000800c394       0x28 ./ioLibrary_Driver2/Internet/MQTT/mqtt_interface.o
                0x000000000800c394                TimerCountdownMS
 .text.TimerCountdown
                0x000000000800c3bc       0x30 ./ioLibrary_Driver2/Internet/MQTT/mqtt_interface.o
                0x000000000800c3bc                TimerCountdown
 .text.TimerLeftMS
                0x000000000800c3ec       0x2c ./ioLibrary_Driver2/Internet/MQTT/mqtt_interface.o
                0x000000000800c3ec                TimerLeftMS
 .text.NewNetwork
                0x000000000800c418       0x3c ./ioLibrary_Driver2/Internet/MQTT/mqtt_interface.o
                0x000000000800c418                NewNetwork
 .text.w5x00_read
                0x000000000800c454       0x5a ./ioLibrary_Driver2/Internet/MQTT/mqtt_interface.o
                0x000000000800c454                w5x00_read
 .text.w5x00_write
                0x000000000800c4ae       0x48 ./ioLibrary_Driver2/Internet/MQTT/mqtt_interface.o
                0x000000000800c4ae                w5x00_write
 .text.w5x00_disconnect
                0x000000000800c4f6       0x1c ./ioLibrary_Driver2/Internet/MQTT/mqtt_interface.o
                0x000000000800c4f6                w5x00_disconnect
 .text.ConnectNetwork
                0x000000000800c512       0x58 ./ioLibrary_Driver2/Internet/MQTT/mqtt_interface.o
                0x000000000800c512                ConnectNetwork
 .text.MQTTSerialize_connectLength
                0x000000000800c56a       0xc2 ./ioLibrary_Driver2/Internet/MQTT/MQTTPacket/src/MQTTConnectClient.o
                0x000000000800c56a                MQTTSerialize_connectLength
 .text.MQTTSerialize_connect
                0x000000000800c62c      0x1d8 ./ioLibrary_Driver2/Internet/MQTT/MQTTPacket/src/MQTTConnectClient.o
                0x000000000800c62c                MQTTSerialize_connect
 .text.MQTTDeserialize_connack
                0x000000000800c804       0xaa ./ioLibrary_Driver2/Internet/MQTT/MQTTPacket/src/MQTTConnectClient.o
                0x000000000800c804                MQTTDeserialize_connack
 .text.MQTTSerialize_zero
                0x000000000800c8ae       0x70 ./ioLibrary_Driver2/Internet/MQTT/MQTTPacket/src/MQTTConnectClient.o
                0x000000000800c8ae                MQTTSerialize_zero
 .text.MQTTSerialize_pingreq
                0x000000000800c91e       0x1e ./ioLibrary_Driver2/Internet/MQTT/MQTTPacket/src/MQTTConnectClient.o
                0x000000000800c91e                MQTTSerialize_pingreq
 .text.MQTTDeserialize_publish
                0x000000000800c93c       0xe4 ./ioLibrary_Driver2/Internet/MQTT/MQTTPacket/src/MQTTDeserializePublish.o
                0x000000000800c93c                MQTTDeserialize_publish
 .text.MQTTDeserialize_ack
                0x000000000800ca20       0x96 ./ioLibrary_Driver2/Internet/MQTT/MQTTPacket/src/MQTTDeserializePublish.o
                0x000000000800ca20                MQTTDeserialize_ack
 .text.MQTTPacket_encode
                0x000000000800cab6       0x5e ./ioLibrary_Driver2/Internet/MQTT/MQTTPacket/src/MQTTPacket.o
                0x000000000800cab6                MQTTPacket_encode
 .text.MQTTPacket_decode
                0x000000000800cb14       0x78 ./ioLibrary_Driver2/Internet/MQTT/MQTTPacket/src/MQTTPacket.o
                0x000000000800cb14                MQTTPacket_decode
 .text.MQTTPacket_len
                0x000000000800cb8c       0x54 ./ioLibrary_Driver2/Internet/MQTT/MQTTPacket/src/MQTTPacket.o
                0x000000000800cb8c                MQTTPacket_len
 .text.bufchar  0x000000000800cbe0       0x40 ./ioLibrary_Driver2/Internet/MQTT/MQTTPacket/src/MQTTPacket.o
                0x000000000800cbe0                bufchar
 .text.MQTTPacket_decodeBuf
                0x000000000800cc20       0x2c ./ioLibrary_Driver2/Internet/MQTT/MQTTPacket/src/MQTTPacket.o
                0x000000000800cc20                MQTTPacket_decodeBuf
 .text.readInt  0x000000000800cc4c       0x36 ./ioLibrary_Driver2/Internet/MQTT/MQTTPacket/src/MQTTPacket.o
                0x000000000800cc4c                readInt
 .text.readChar
                0x000000000800cc82       0x28 ./ioLibrary_Driver2/Internet/MQTT/MQTTPacket/src/MQTTPacket.o
                0x000000000800cc82                readChar
 .text.writeChar
                0x000000000800ccaa       0x2a ./ioLibrary_Driver2/Internet/MQTT/MQTTPacket/src/MQTTPacket.o
                0x000000000800ccaa                writeChar
 .text.writeInt
                0x000000000800ccd4       0x52 ./ioLibrary_Driver2/Internet/MQTT/MQTTPacket/src/MQTTPacket.o
                0x000000000800ccd4                writeInt
 .text.writeCString
                0x000000000800cd26       0x3e ./ioLibrary_Driver2/Internet/MQTT/MQTTPacket/src/MQTTPacket.o
                0x000000000800cd26                writeCString
 .text.writeMQTTString
                0x000000000800cd64       0x5c ./ioLibrary_Driver2/Internet/MQTT/MQTTPacket/src/MQTTPacket.o
                0x000000000800cd64                writeMQTTString
 .text.readMQTTLenString
                0x000000000800cdc0       0x62 ./ioLibrary_Driver2/Internet/MQTT/MQTTPacket/src/MQTTPacket.o
                0x000000000800cdc0                readMQTTLenString
 .text.MQTTstrlen
                0x000000000800ce22       0x32 ./ioLibrary_Driver2/Internet/MQTT/MQTTPacket/src/MQTTPacket.o
                0x000000000800ce22                MQTTstrlen
 .text.MQTTPacket_equals
                0x000000000800ce54       0x6e ./ioLibrary_Driver2/Internet/MQTT/MQTTPacket/src/MQTTPacket.o
                0x000000000800ce54                MQTTPacket_equals
 .text.MQTTSerialize_publishLength
                0x000000000800cec2       0x40 ./ioLibrary_Driver2/Internet/MQTT/MQTTPacket/src/MQTTSerializePublish.o
                0x000000000800cec2                MQTTSerialize_publishLength
 .text.MQTTSerialize_publish
                0x000000000800cf02       0xec ./ioLibrary_Driver2/Internet/MQTT/MQTTPacket/src/MQTTSerializePublish.o
                0x000000000800cf02                MQTTSerialize_publish
 .text.MQTTSerialize_ack
                0x000000000800cfee       0xaa ./ioLibrary_Driver2/Internet/MQTT/MQTTPacket/src/MQTTSerializePublish.o
                0x000000000800cfee                MQTTSerialize_ack
 .text.get_seconds_from_ntp_server
                0x000000000800d098      0x5ec ./ioLibrary_Driver2/Internet/SNTP/sntp.o
                0x000000000800d098                get_seconds_from_ntp_server
 .text.SNTP_init
                0x000000000800d684       0xf8 ./ioLibrary_Driver2/Internet/SNTP/sntp.o
                0x000000000800d684                SNTP_init
 .text.SNTP_run
                0x000000000800d77c      0x17c ./ioLibrary_Driver2/Internet/SNTP/sntp.o
                0x000000000800d77c                SNTP_run
 .text.calcdatetime
                0x000000000800d8f8      0x448 ./ioLibrary_Driver2/Internet/SNTP/sntp.o
                0x000000000800d8f8                calcdatetime
 .text.__errno  0x000000000800dd40        0xc c:/st/stm32cubeide_1.8.0/stm32cubeide/plugins/com.st.stm32cube.ide.mcu.externaltools.gnu-tools-for-stm32.10.3-2021.10.win32_1.0.0.202111181127/tools/bin/../lib/gcc/arm-none-eabi/10.3.1/../../../../arm-none-eabi/lib/thumb/v7e-m+fp/hard\libc_nano.a(lib_a-errno.o)
                0x000000000800dd40                __errno
 .text.__libc_init_array
                0x000000000800dd4c       0x48 c:/st/stm32cubeide_1.8.0/stm32cubeide/plugins/com.st.stm32cube.ide.mcu.externaltools.gnu-tools-for-stm32.10.3-2021.10.win32_1.0.0.202111181127/tools/bin/../lib/gcc/arm-none-eabi/10.3.1/../../../../arm-none-eabi/lib/thumb/v7e-m+fp/hard\libc_nano.a(lib_a-init.o)
                0x000000000800dd4c                __libc_init_array
 .text.malloc   0x000000000800dd94       0x10 c:/st/stm32cubeide_1.8.0/stm32cubeide/plugins/com.st.stm32cube.ide.mcu.externaltools.gnu-tools-for-stm32.10.3-2021.10.win32_1.0.0.202111181127/tools/bin/../lib/gcc/arm-none-eabi/10.3.1/../../../../arm-none-eabi/lib/thumb/v7e-m+fp/hard\libc_nano.a(lib_a-malloc.o)
                0x000000000800dd94                malloc
 .text.free     0x000000000800dda4       0x10 c:/st/stm32cubeide_1.8.0/stm32cubeide/plugins/com.st.stm32cube.ide.mcu.externaltools.gnu-tools-for-stm32.10.3-2021.10.win32_1.0.0.202111181127/tools/bin/../lib/gcc/arm-none-eabi/10.3.1/../../../../arm-none-eabi/lib/thumb/v7e-m+fp/hard\libc_nano.a(lib_a-malloc.o)
                0x000000000800dda4                free
 .text.memcpy   0x000000000800ddb4       0x1c c:/st/stm32cubeide_1.8.0/stm32cubeide/plugins/com.st.stm32cube.ide.mcu.externaltools.gnu-tools-for-stm32.10.3-2021.10.win32_1.0.0.202111181127/tools/bin/../lib/gcc/arm-none-eabi/10.3.1/../../../../arm-none-eabi/lib/thumb/v7e-m+fp/hard\libc_nano.a(lib_a-memcpy-stub.o)
                0x000000000800ddb4                memcpy
 .text.memset   0x000000000800ddd0       0x10 c:/st/stm32cubeide_1.8.0/stm32cubeide/plugins/com.st.stm32cube.ide.mcu.externaltools.gnu-tools-for-stm32.10.3-2021.10.win32_1.0.0.202111181127/tools/bin/../lib/gcc/arm-none-eabi/10.3.1/../../../../arm-none-eabi/lib/thumb/v7e-m+fp/hard\libc_nano.a(lib_a-memset.o)
                0x000000000800ddd0                memset
 .text._free_r  0x000000000800dde0       0x98 c:/st/stm32cubeide_1.8.0/stm32cubeide/plugins/com.st.stm32cube.ide.mcu.externaltools.gnu-tools-for-stm32.10.3-2021.10.win32_1.0.0.202111181127/tools/bin/../lib/gcc/arm-none-eabi/10.3.1/../../../../arm-none-eabi/lib/thumb/v7e-m+fp/hard\libc_nano.a(lib_a-nano-freer.o)
                0x000000000800dde0                _free_r
 .text.sbrk_aligned
                0x000000000800de78       0x40 c:/st/stm32cubeide_1.8.0/stm32cubeide/plugins/com.st.stm32cube.ide.mcu.externaltools.gnu-tools-for-stm32.10.3-2021.10.win32_1.0.0.202111181127/tools/bin/../lib/gcc/arm-none-eabi/10.3.1/../../../../arm-none-eabi/lib/thumb/v7e-m+fp/hard\libc_nano.a(lib_a-nano-mallocr.o)
 .text._malloc_r
                0x000000000800deb8       0xe8 c:/st/stm32cubeide_1.8.0/stm32cubeide/plugins/com.st.stm32cube.ide.mcu.externaltools.gnu-tools-for-stm32.10.3-2021.10.win32_1.0.0.202111181127/tools/bin/../lib/gcc/arm-none-eabi/10.3.1/../../../../arm-none-eabi/lib/thumb/v7e-m+fp/hard\libc_nano.a(lib_a-nano-mallocr.o)
                0x000000000800deb8                _malloc_r
 .text.printf   0x000000000800dfa0       0x30 c:/st/stm32cubeide_1.8.0/stm32cubeide/plugins/com.st.stm32cube.ide.mcu.externaltools.gnu-tools-for-stm32.10.3-2021.10.win32_1.0.0.202111181127/tools/bin/../lib/gcc/arm-none-eabi/10.3.1/../../../../arm-none-eabi/lib/thumb/v7e-m+fp/hard\libc_nano.a(lib_a-printf.o)
                0x000000000800dfa0                iprintf
                0x000000000800dfa0                printf
 .text._puts_r  0x000000000800dfd0       0xdc c:/st/stm32cubeide_1.8.0/stm32cubeide/plugins/com.st.stm32cube.ide.mcu.externaltools.gnu-tools-for-stm32.10.3-2021.10.win32_1.0.0.202111181127/tools/bin/../lib/gcc/arm-none-eabi/10.3.1/../../../../arm-none-eabi/lib/thumb/v7e-m+fp/hard\libc_nano.a(lib_a-puts.o)
                0x000000000800dfd0                _puts_r
 .text.puts     0x000000000800e0ac       0x10 c:/st/stm32cubeide_1.8.0/stm32cubeide/plugins/com.st.stm32cube.ide.mcu.externaltools.gnu-tools-for-stm32.10.3-2021.10.win32_1.0.0.202111181127/tools/bin/../lib/gcc/arm-none-eabi/10.3.1/../../../../arm-none-eabi/lib/thumb/v7e-m+fp/hard\libc_nano.a(lib_a-puts.o)
                0x000000000800e0ac                puts
 .text._sbrk_r  0x000000000800e0bc       0x20 c:/st/stm32cubeide_1.8.0/stm32cubeide/plugins/com.st.stm32cube.ide.mcu.externaltools.gnu-tools-for-stm32.10.3-2021.10.win32_1.0.0.202111181127/tools/bin/../lib/gcc/arm-none-eabi/10.3.1/../../../../arm-none-eabi/lib/thumb/v7e-m+fp/hard\libc_nano.a(lib_a-sbrkr.o)
                0x000000000800e0bc                _sbrk_r
 .text.sprintf  0x000000000800e0dc       0x40 c:/st/stm32cubeide_1.8.0/stm32cubeide/plugins/com.st.stm32cube.ide.mcu.externaltools.gnu-tools-for-stm32.10.3-2021.10.win32_1.0.0.202111181127/tools/bin/../lib/gcc/arm-none-eabi/10.3.1/../../../../arm-none-eabi/lib/thumb/v7e-m+fp/hard\libc_nano.a(lib_a-sprintf.o)
                0x000000000800e0dc                siprintf
                0x000000000800e0dc                sprintf
 .text.strcpy   0x000000000800e11c       0x10 c:/st/stm32cubeide_1.8.0/stm32cubeide/plugins/com.st.stm32cube.ide.mcu.externaltools.gnu-tools-for-stm32.10.3-2021.10.win32_1.0.0.202111181127/tools/bin/../lib/gcc/arm-none-eabi/10.3.1/../../../../arm-none-eabi/lib/thumb/v7e-m+fp/hard\libc_nano.a(lib_a-strcpy.o)
                0x000000000800e11c                strcpy
 .text.strncmp  0x000000000800e12c       0x28 c:/st/stm32cubeide_1.8.0/stm32cubeide/plugins/com.st.stm32cube.ide.mcu.externaltools.gnu-tools-for-stm32.10.3-2021.10.win32_1.0.0.202111181127/tools/bin/../lib/gcc/arm-none-eabi/10.3.1/../../../../arm-none-eabi/lib/thumb/v7e-m+fp/hard\libc_nano.a(lib_a-strncmp.o)
                0x000000000800e12c                strncmp
 .text.__swbuf_r
                0x000000000800e154       0xa4 c:/st/stm32cubeide_1.8.0/stm32cubeide/plugins/com.st.stm32cube.ide.mcu.externaltools.gnu-tools-for-stm32.10.3-2021.10.win32_1.0.0.202111181127/tools/bin/../lib/gcc/arm-none-eabi/10.3.1/../../../../arm-none-eabi/lib/thumb/v7e-m+fp/hard\libc_nano.a(lib_a-wbuf.o)
                0x000000000800e154                __swbuf_r
 .text.__swsetup_r
                0x000000000800e1f8       0xdc c:/st/stm32cubeide_1.8.0/stm32cubeide/plugins/com.st.stm32cube.ide.mcu.externaltools.gnu-tools-for-stm32.10.3-2021.10.win32_1.0.0.202111181127/tools/bin/../lib/gcc/arm-none-eabi/10.3.1/../../../../arm-none-eabi/lib/thumb/v7e-m+fp/hard\libc_nano.a(lib_a-wsetup.o)
                0x000000000800e1f8                __swsetup_r
 .text.__sflush_r
                0x000000000800e2d4      0x10c c:/st/stm32cubeide_1.8.0/stm32cubeide/plugins/com.st.stm32cube.ide.mcu.externaltools.gnu-tools-for-stm32.10.3-2021.10.win32_1.0.0.202111181127/tools/bin/../lib/gcc/arm-none-eabi/10.3.1/../../../../arm-none-eabi/lib/thumb/v7e-m+fp/hard\libc_nano.a(lib_a-fflush.o)
                0x000000000800e2d4                __sflush_r
 .text._fflush_r
                0x000000000800e3e0       0x78 c:/st/stm32cubeide_1.8.0/stm32cubeide/plugins/com.st.stm32cube.ide.mcu.externaltools.gnu-tools-for-stm32.10.3-2021.10.win32_1.0.0.202111181127/tools/bin/../lib/gcc/arm-none-eabi/10.3.1/../../../../arm-none-eabi/lib/thumb/v7e-m+fp/hard\libc_nano.a(lib_a-fflush.o)
                0x000000000800e3e0                _fflush_r
 .text.std      0x000000000800e458       0x48 c:/st/stm32cubeide_1.8.0/stm32cubeide/plugins/com.st.stm32cube.ide.mcu.externaltools.gnu-tools-for-stm32.10.3-2021.10.win32_1.0.0.202111181127/tools/bin/../lib/gcc/arm-none-eabi/10.3.1/../../../../arm-none-eabi/lib/thumb/v7e-m+fp/hard\libc_nano.a(lib_a-findfp.o)
 .text._cleanup_r
                0x000000000800e4a0        0xc c:/st/stm32cubeide_1.8.0/stm32cubeide/plugins/com.st.stm32cube.ide.mcu.externaltools.gnu-tools-for-stm32.10.3-2021.10.win32_1.0.0.202111181127/tools/bin/../lib/gcc/arm-none-eabi/10.3.1/../../../../arm-none-eabi/lib/thumb/v7e-m+fp/hard\libc_nano.a(lib_a-findfp.o)
                0x000000000800e4a0                _cleanup_r
 .text.__sfmoreglue
                0x000000000800e4ac       0x2c c:/st/stm32cubeide_1.8.0/stm32cubeide/plugins/com.st.stm32cube.ide.mcu.externaltools.gnu-tools-for-stm32.10.3-2021.10.win32_1.0.0.202111181127/tools/bin/../lib/gcc/arm-none-eabi/10.3.1/../../../../arm-none-eabi/lib/thumb/v7e-m+fp/hard\libc_nano.a(lib_a-findfp.o)
                0x000000000800e4ac                __sfmoreglue
 .text.__sfp_lock_acquire
                0x000000000800e4d8        0xc c:/st/stm32cubeide_1.8.0/stm32cubeide/plugins/com.st.stm32cube.ide.mcu.externaltools.gnu-tools-for-stm32.10.3-2021.10.win32_1.0.0.202111181127/tools/bin/../lib/gcc/arm-none-eabi/10.3.1/../../../../arm-none-eabi/lib/thumb/v7e-m+fp/hard\libc_nano.a(lib_a-findfp.o)
                0x000000000800e4d8                __sfp_lock_acquire
 .text.__sfp_lock_release
                0x000000000800e4e4        0xc c:/st/stm32cubeide_1.8.0/stm32cubeide/plugins/com.st.stm32cube.ide.mcu.externaltools.gnu-tools-for-stm32.10.3-2021.10.win32_1.0.0.202111181127/tools/bin/../lib/gcc/arm-none-eabi/10.3.1/../../../../arm-none-eabi/lib/thumb/v7e-m+fp/hard\libc_nano.a(lib_a-findfp.o)
                0x000000000800e4e4                __sfp_lock_release
 .text.__sinit_lock_acquire
                0x000000000800e4f0        0xc c:/st/stm32cubeide_1.8.0/stm32cubeide/plugins/com.st.stm32cube.ide.mcu.externaltools.gnu-tools-for-stm32.10.3-2021.10.win32_1.0.0.202111181127/tools/bin/../lib/gcc/arm-none-eabi/10.3.1/../../../../arm-none-eabi/lib/thumb/v7e-m+fp/hard\libc_nano.a(lib_a-findfp.o)
                0x000000000800e4f0                __sinit_lock_acquire
 .text.__sinit_lock_release
                0x000000000800e4fc        0xc c:/st/stm32cubeide_1.8.0/stm32cubeide/plugins/com.st.stm32cube.ide.mcu.externaltools.gnu-tools-for-stm32.10.3-2021.10.win32_1.0.0.202111181127/tools/bin/../lib/gcc/arm-none-eabi/10.3.1/../../../../arm-none-eabi/lib/thumb/v7e-m+fp/hard\libc_nano.a(lib_a-findfp.o)
                0x000000000800e4fc                __sinit_lock_release
 .text.__sinit  0x000000000800e508       0x70 c:/st/stm32cubeide_1.8.0/stm32cubeide/plugins/com.st.stm32cube.ide.mcu.externaltools.gnu-tools-for-stm32.10.3-2021.10.win32_1.0.0.202111181127/tools/bin/../lib/gcc/arm-none-eabi/10.3.1/../../../../arm-none-eabi/lib/thumb/v7e-m+fp/hard\libc_nano.a(lib_a-findfp.o)
                0x000000000800e508                __sinit
 .text.__sfp    0x000000000800e578       0x8c c:/st/stm32cubeide_1.8.0/stm32cubeide/plugins/com.st.stm32cube.ide.mcu.externaltools.gnu-tools-for-stm32.10.3-2021.10.win32_1.0.0.202111181127/tools/bin/../lib/gcc/arm-none-eabi/10.3.1/../../../../arm-none-eabi/lib/thumb/v7e-m+fp/hard\libc_nano.a(lib_a-findfp.o)
                0x000000000800e578                __sfp
 .text._fwalk_reent
                0x000000000800e604       0x3e c:/st/stm32cubeide_1.8.0/stm32cubeide/plugins/com.st.stm32cube.ide.mcu.externaltools.gnu-tools-for-stm32.10.3-2021.10.win32_1.0.0.202111181127/tools/bin/../lib/gcc/arm-none-eabi/10.3.1/../../../../arm-none-eabi/lib/thumb/v7e-m+fp/hard\libc_nano.a(lib_a-fwalk.o)
                0x000000000800e604                _fwalk_reent
 .text.__retarget_lock_init_recursive
                0x000000000800e642        0x2 c:/st/stm32cubeide_1.8.0/stm32cubeide/plugins/com.st.stm32cube.ide.mcu.externaltools.gnu-tools-for-stm32.10.3-2021.10.win32_1.0.0.202111181127/tools/bin/../lib/gcc/arm-none-eabi/10.3.1/../../../../arm-none-eabi/lib/thumb/v7e-m+fp/hard\libc_nano.a(lib_a-lock.o)
                0x000000000800e642                __retarget_lock_init_recursive
 .text.__retarget_lock_acquire_recursive
                0x000000000800e644        0x2 c:/st/stm32cubeide_1.8.0/stm32cubeide/plugins/com.st.stm32cube.ide.mcu.externaltools.gnu-tools-for-stm32.10.3-2021.10.win32_1.0.0.202111181127/tools/bin/../lib/gcc/arm-none-eabi/10.3.1/../../../../arm-none-eabi/lib/thumb/v7e-m+fp/hard\libc_nano.a(lib_a-lock.o)
                0x000000000800e644                __retarget_lock_acquire_recursive
 .text.__retarget_lock_release_recursive
                0x000000000800e646        0x2 c:/st/stm32cubeide_1.8.0/stm32cubeide/plugins/com.st.stm32cube.ide.mcu.externaltools.gnu-tools-for-stm32.10.3-2021.10.win32_1.0.0.202111181127/tools/bin/../lib/gcc/arm-none-eabi/10.3.1/../../../../arm-none-eabi/lib/thumb/v7e-m+fp/hard\libc_nano.a(lib_a-lock.o)
                0x000000000800e646                __retarget_lock_release_recursive
 .text.__swhatbuf_r
                0x000000000800e648       0x4a c:/st/stm32cubeide_1.8.0/stm32cubeide/plugins/com.st.stm32cube.ide.mcu.externaltools.gnu-tools-for-stm32.10.3-2021.10.win32_1.0.0.202111181127/tools/bin/../lib/gcc/arm-none-eabi/10.3.1/../../../../arm-none-eabi/lib/thumb/v7e-m+fp/hard\libc_nano.a(lib_a-makebuf.o)
                0x000000000800e648                __swhatbuf_r
 *fill*         0x000000000800e692        0x2 
 .text.__smakebuf_r
                0x000000000800e694       0x80 c:/st/stm32cubeide_1.8.0/stm32cubeide/plugins/com.st.stm32cube.ide.mcu.externaltools.gnu-tools-for-stm32.10.3-2021.10.win32_1.0.0.202111181127/tools/bin/../lib/gcc/arm-none-eabi/10.3.1/../../../../arm-none-eabi/lib/thumb/v7e-m+fp/hard\libc_nano.a(lib_a-makebuf.o)
                0x000000000800e694                __smakebuf_r
 .text.__malloc_lock
                0x000000000800e714        0xc c:/st/stm32cubeide_1.8.0/stm32cubeide/plugins/com.st.stm32cube.ide.mcu.externaltools.gnu-tools-for-stm32.10.3-2021.10.win32_1.0.0.202111181127/tools/bin/../lib/gcc/arm-none-eabi/10.3.1/../../../../arm-none-eabi/lib/thumb/v7e-m+fp/hard\libc_nano.a(lib_a-mlock.o)
                0x000000000800e714                __malloc_lock
 .text.__malloc_unlock
                0x000000000800e720        0xc c:/st/stm32cubeide_1.8.0/stm32cubeide/plugins/com.st.stm32cube.ide.mcu.externaltools.gnu-tools-for-stm32.10.3-2021.10.win32_1.0.0.202111181127/tools/bin/../lib/gcc/arm-none-eabi/10.3.1/../../../../arm-none-eabi/lib/thumb/v7e-m+fp/hard\libc_nano.a(lib_a-mlock.o)
                0x000000000800e720                __malloc_unlock
 .text.__ssputs_r
                0x000000000800e72c       0xb6 c:/st/stm32cubeide_1.8.0/stm32cubeide/plugins/com.st.stm32cube.ide.mcu.externaltools.gnu-tools-for-stm32.10.3-2021.10.win32_1.0.0.202111181127/tools/bin/../lib/gcc/arm-none-eabi/10.3.1/../../../../arm-none-eabi/lib/thumb/v7e-m+fp/hard\libc_nano.a(lib_a-nano-svfprintf.o)
                0x000000000800e72c                __ssputs_r
 *fill*         0x000000000800e7e2        0x2 
 .text._svfprintf_r
                0x000000000800e7e4      0x200 c:/st/stm32cubeide_1.8.0/stm32cubeide/plugins/com.st.stm32cube.ide.mcu.externaltools.gnu-tools-for-stm32.10.3-2021.10.win32_1.0.0.202111181127/tools/bin/../lib/gcc/arm-none-eabi/10.3.1/../../../../arm-none-eabi/lib/thumb/v7e-m+fp/hard\libc_nano.a(lib_a-nano-svfprintf.o)
                0x000000000800e7e4                _svfiprintf_r
                0x000000000800e7e4                _svfprintf_r
 .text.__sfputc_r
                0x000000000800e9e4       0x2e c:/st/stm32cubeide_1.8.0/stm32cubeide/plugins/com.st.stm32cube.ide.mcu.externaltools.gnu-tools-for-stm32.10.3-2021.10.win32_1.0.0.202111181127/tools/bin/../lib/gcc/arm-none-eabi/10.3.1/../../../../arm-none-eabi/lib/thumb/v7e-m+fp/hard\libc_nano.a(lib_a-nano-vfprintf.o)
 .text.__sfputs_r
                0x000000000800ea12       0x24 c:/st/stm32cubeide_1.8.0/stm32cubeide/plugins/com.st.stm32cube.ide.mcu.externaltools.gnu-tools-for-stm32.10.3-2021.10.win32_1.0.0.202111181127/tools/bin/../lib/gcc/arm-none-eabi/10.3.1/../../../../arm-none-eabi/lib/thumb/v7e-m+fp/hard\libc_nano.a(lib_a-nano-vfprintf.o)
                0x000000000800ea12                __sfputs_r
 *fill*         0x000000000800ea36        0x2 
 .text._vfprintf_r
                0x000000000800ea38      0x260 c:/st/stm32cubeide_1.8.0/stm32cubeide/plugins/com.st.stm32cube.ide.mcu.externaltools.gnu-tools-for-stm32.10.3-2021.10.win32_1.0.0.202111181127/tools/bin/../lib/gcc/arm-none-eabi/10.3.1/../../../../arm-none-eabi/lib/thumb/v7e-m+fp/hard\libc_nano.a(lib_a-nano-vfprintf.o)
                0x000000000800ea38                _vfprintf_r
                0x000000000800ea38                _vfiprintf_r
 .text._printf_common
                0x000000000800ec98       0xda c:/st/stm32cubeide_1.8.0/stm32cubeide/plugins/com.st.stm32cube.ide.mcu.externaltools.gnu-tools-for-stm32.10.3-2021.10.win32_1.0.0.202111181127/tools/bin/../lib/gcc/arm-none-eabi/10.3.1/../../../../arm-none-eabi/lib/thumb/v7e-m+fp/hard\libc_nano.a(lib_a-nano-vfprintf_i.o)
                0x000000000800ec98                _printf_common
 *fill*         0x000000000800ed72        0x2 
 .text._printf_i
                0x000000000800ed74      0x24c c:/st/stm32cubeide_1.8.0/stm32cubeide/plugins/com.st.stm32cube.ide.mcu.externaltools.gnu-tools-for-stm32.10.3-2021.10.win32_1.0.0.202111181127/tools/bin/../lib/gcc/arm-none-eabi/10.3.1/../../../../arm-none-eabi/lib/thumb/v7e-m+fp/hard\libc_nano.a(lib_a-nano-vfprintf_i.o)
                0x000000000800ed74                _printf_i
 .text.__sread  0x000000000800efc0       0x22 c:/st/stm32cubeide_1.8.0/stm32cubeide/plugins/com.st.stm32cube.ide.mcu.externaltools.gnu-tools-for-stm32.10.3-2021.10.win32_1.0.0.202111181127/tools/bin/../lib/gcc/arm-none-eabi/10.3.1/../../../../arm-none-eabi/lib/thumb/v7e-m+fp/hard\libc_nano.a(lib_a-stdio.o)
                0x000000000800efc0                __sread
 .text.__swrite
                0x000000000800efe2       0x38 c:/st/stm32cubeide_1.8.0/stm32cubeide/plugins/com.st.stm32cube.ide.mcu.externaltools.gnu-tools-for-stm32.10.3-2021.10.win32_1.0.0.202111181127/tools/bin/../lib/gcc/arm-none-eabi/10.3.1/../../../../arm-none-eabi/lib/thumb/v7e-m+fp/hard\libc_nano.a(lib_a-stdio.o)
                0x000000000800efe2                __swrite
 .text.__sseek  0x000000000800f01a       0x24 c:/st/stm32cubeide_1.8.0/stm32cubeide/plugins/com.st.stm32cube.ide.mcu.externaltools.gnu-tools-for-stm32.10.3-2021.10.win32_1.0.0.202111181127/tools/bin/../lib/gcc/arm-none-eabi/10.3.1/../../../../arm-none-eabi/lib/thumb/v7e-m+fp/hard\libc_nano.a(lib_a-stdio.o)
                0x000000000800f01a                __sseek
 .text.__sclose
                0x000000000800f03e        0x8 c:/st/stm32cubeide_1.8.0/stm32cubeide/plugins/com.st.stm32cube.ide.mcu.externaltools.gnu-tools-for-stm32.10.3-2021.10.win32_1.0.0.202111181127/tools/bin/../lib/gcc/arm-none-eabi/10.3.1/../../../../arm-none-eabi/lib/thumb/v7e-m+fp/hard\libc_nano.a(lib_a-stdio.o)
                0x000000000800f03e                __sclose
 *fill*         0x000000000800f046        0x2 
 .text._write_r
                0x000000000800f048       0x24 c:/st/stm32cubeide_1.8.0/stm32cubeide/plugins/com.st.stm32cube.ide.mcu.externaltools.gnu-tools-for-stm32.10.3-2021.10.win32_1.0.0.202111181127/tools/bin/../lib/gcc/arm-none-eabi/10.3.1/../../../../arm-none-eabi/lib/thumb/v7e-m+fp/hard\libc_nano.a(lib_a-writer.o)
                0x000000000800f048                _write_r
 .text._close_r
                0x000000000800f06c       0x20 c:/st/stm32cubeide_1.8.0/stm32cubeide/plugins/com.st.stm32cube.ide.mcu.externaltools.gnu-tools-for-stm32.10.3-2021.10.win32_1.0.0.202111181127/tools/bin/../lib/gcc/arm-none-eabi/10.3.1/../../../../arm-none-eabi/lib/thumb/v7e-m+fp/hard\libc_nano.a(lib_a-closer.o)
                0x000000000800f06c                _close_r
 .text._fstat_r
                0x000000000800f08c       0x24 c:/st/stm32cubeide_1.8.0/stm32cubeide/plugins/com.st.stm32cube.ide.mcu.externaltools.gnu-tools-for-stm32.10.3-2021.10.win32_1.0.0.202111181127/tools/bin/../lib/gcc/arm-none-eabi/10.3.1/../../../../arm-none-eabi/lib/thumb/v7e-m+fp/hard\libc_nano.a(lib_a-fstatr.o)
                0x000000000800f08c                _fstat_r
 .text._isatty_r
                0x000000000800f0b0       0x20 c:/st/stm32cubeide_1.8.0/stm32cubeide/plugins/com.st.stm32cube.ide.mcu.externaltools.gnu-tools-for-stm32.10.3-2021.10.win32_1.0.0.202111181127/tools/bin/../lib/gcc/arm-none-eabi/10.3.1/../../../../arm-none-eabi/lib/thumb/v7e-m+fp/hard\libc_nano.a(lib_a-isattyr.o)
                0x000000000800f0b0                _isatty_r
 .text._lseek_r
                0x000000000800f0d0       0x24 c:/st/stm32cubeide_1.8.0/stm32cubeide/plugins/com.st.stm32cube.ide.mcu.externaltools.gnu-tools-for-stm32.10.3-2021.10.win32_1.0.0.202111181127/tools/bin/../lib/gcc/arm-none-eabi/10.3.1/../../../../arm-none-eabi/lib/thumb/v7e-m+fp/hard\libc_nano.a(lib_a-lseekr.o)
                0x000000000800f0d0                _lseek_r
 .text.memmove  0x000000000800f0f4       0x34 c:/st/stm32cubeide_1.8.0/stm32cubeide/plugins/com.st.stm32cube.ide.mcu.externaltools.gnu-tools-for-stm32.10.3-2021.10.win32_1.0.0.202111181127/tools/bin/../lib/gcc/arm-none-eabi/10.3.1/../../../../arm-none-eabi/lib/thumb/v7e-m+fp/hard\libc_nano.a(lib_a-memmove.o)
                0x000000000800f0f4                memmove
 .text._realloc_r
                0x000000000800f128       0x5e c:/st/stm32cubeide_1.8.0/stm32cubeide/plugins/com.st.stm32cube.ide.mcu.externaltools.gnu-tools-for-stm32.10.3-2021.10.win32_1.0.0.202111181127/tools/bin/../lib/gcc/arm-none-eabi/10.3.1/../../../../arm-none-eabi/lib/thumb/v7e-m+fp/hard\libc_nano.a(lib_a-nano-reallocr.o)
                0x000000000800f128                _realloc_r
 *fill*         0x000000000800f186        0x2 
 .text._read_r  0x000000000800f188       0x24 c:/st/stm32cubeide_1.8.0/stm32cubeide/plugins/com.st.stm32cube.ide.mcu.externaltools.gnu-tools-for-stm32.10.3-2021.10.win32_1.0.0.202111181127/tools/bin/../lib/gcc/arm-none-eabi/10.3.1/../../../../arm-none-eabi/lib/thumb/v7e-m+fp/hard\libc_nano.a(lib_a-readr.o)
                0x000000000800f188                _read_r
 .text._malloc_usable_size_r
                0x000000000800f1ac       0x10 c:/st/stm32cubeide_1.8.0/stm32cubeide/plugins/com.st.stm32cube.ide.mcu.externaltools.gnu-tools-for-stm32.10.3-2021.10.win32_1.0.0.202111181127/tools/bin/../lib/gcc/arm-none-eabi/10.3.1/../../../../arm-none-eabi/lib/thumb/v7e-m+fp/hard\libc_nano.a(lib_a-nano-msizer.o)
                0x000000000800f1ac                _malloc_usable_size_r
 *(.glue_7)
 .glue_7        0x000000000800f1bc        0x0 linker stubs
 *(.glue_7t)
 .glue_7t       0x000000000800f1bc        0x0 linker stubs
 *(.eh_frame)
 .eh_frame      0x000000000800f1bc        0x0 c:/st/stm32cubeide_1.8.0/stm32cubeide/plugins/com.st.stm32cube.ide.mcu.externaltools.gnu-tools-for-stm32.10.3-2021.10.win32_1.0.0.202111181127/tools/bin/../lib/gcc/arm-none-eabi/10.3.1/thumb/v7e-m+fp/hard/crtbegin.o
 *(.init)
 .init          0x000000000800f1bc        0x4 c:/st/stm32cubeide_1.8.0/stm32cubeide/plugins/com.st.stm32cube.ide.mcu.externaltools.gnu-tools-for-stm32.10.3-2021.10.win32_1.0.0.202111181127/tools/bin/../lib/gcc/arm-none-eabi/10.3.1/thumb/v7e-m+fp/hard/crti.o
                0x000000000800f1bc                _init
 .init          0x000000000800f1c0        0x8 c:/st/stm32cubeide_1.8.0/stm32cubeide/plugins/com.st.stm32cube.ide.mcu.externaltools.gnu-tools-for-stm32.10.3-2021.10.win32_1.0.0.202111181127/tools/bin/../lib/gcc/arm-none-eabi/10.3.1/thumb/v7e-m+fp/hard/crtn.o
 *(.fini)
 .fini          0x000000000800f1c8        0x4 c:/st/stm32cubeide_1.8.0/stm32cubeide/plugins/com.st.stm32cube.ide.mcu.externaltools.gnu-tools-for-stm32.10.3-2021.10.win32_1.0.0.202111181127/tools/bin/../lib/gcc/arm-none-eabi/10.3.1/thumb/v7e-m+fp/hard/crti.o
                0x000000000800f1c8                _fini
 .fini          0x000000000800f1cc        0x8 c:/st/stm32cubeide_1.8.0/stm32cubeide/plugins/com.st.stm32cube.ide.mcu.externaltools.gnu-tools-for-stm32.10.3-2021.10.win32_1.0.0.202111181127/tools/bin/../lib/gcc/arm-none-eabi/10.3.1/thumb/v7e-m+fp/hard/crtn.o
                0x000000000800f1d4                . = ALIGN (0x4)
                0x000000000800f1d4                _etext = .

.vfp11_veneer   0x000000000800f1d4        0x0
 .vfp11_veneer  0x000000000800f1d4        0x0 linker stubs

.v4_bx          0x000000000800f1d4        0x0
 .v4_bx         0x000000000800f1d4        0x0 linker stubs

.iplt           0x000000000800f1d4        0x0
 .iplt          0x000000000800f1d4        0x0 c:/st/stm32cubeide_1.8.0/stm32cubeide/plugins/com.st.stm32cube.ide.mcu.externaltools.gnu-tools-for-stm32.10.3-2021.10.win32_1.0.0.202111181127/tools/bin/../lib/gcc/arm-none-eabi/10.3.1/thumb/v7e-m+fp/hard/crtbegin.o

.rodata         0x000000000800f1d4      0xdf0
                0x000000000800f1d4                . = ALIGN (0x4)
 *(.rodata)
 .rodata        0x000000000800f1d4      0x850 ./Core/Src/main.o
 .rodata        0x000000000800fa24       0x48 ./Middlewares/Third_Party/FatFs/src/ff.o
 .rodata        0x000000000800fa6c       0x58 ./ioLibrary_Driver2/Internet/MQTT/MQTTClient.o
 .rodata        0x000000000800fac4        0xf ./ioLibrary_Driver2/Internet/MQTT/MQTTPacket/src/MQTTConnectClient.o
 *(.rodata*)
 *fill*         0x000000000800fad3        0x1 
 .rodata.AHBPrescTable
                0x000000000800fad4       0x10 ./Core/Src/system_stm32f4xx.o
                0x000000000800fad4                AHBPrescTable
 .rodata.APBPrescTable
                0x000000000800fae4        0x8 ./Core/Src/system_stm32f4xx.o
                0x000000000800fae4                APBPrescTable
 .rodata.ExCvt  0x000000000800faec       0x80 ./Middlewares/Third_Party/FatFs/src/ff.o
 .rodata.LfnOfs
                0x000000000800fb6c        0xd ./Middlewares/Third_Party/FatFs/src/ff.o
 *fill*         0x000000000800fb79        0x3 
 .rodata.Tbl    0x000000000800fb7c      0x100 ./Middlewares/Third_Party/FatFs/src/option/ccsbcs.o
 .rodata.cvt1.1
                0x000000000800fc7c      0x1f2 ./Middlewares/Third_Party/FatFs/src/option/ccsbcs.o
 *fill*         0x000000000800fe6e        0x2 
 .rodata.cvt2.0
                0x000000000800fe70       0xbc ./Middlewares/Third_Party/FatFs/src/option/ccsbcs.o
 .rodata._global_impure_ptr
                0x000000000800ff2c        0x4 c:/st/stm32cubeide_1.8.0/stm32cubeide/plugins/com.st.stm32cube.ide.mcu.externaltools.gnu-tools-for-stm32.10.3-2021.10.win32_1.0.0.202111181127/tools/bin/../lib/gcc/arm-none-eabi/10.3.1/../../../../arm-none-eabi/lib/thumb/v7e-m+fp/hard\libc_nano.a(lib_a-impure.o)
                0x000000000800ff2c                _global_impure_ptr
 .rodata.__sf_fake_stderr
                0x000000000800ff30       0x20 c:/st/stm32cubeide_1.8.0/stm32cubeide/plugins/com.st.stm32cube.ide.mcu.externaltools.gnu-tools-for-stm32.10.3-2021.10.win32_1.0.0.202111181127/tools/bin/../lib/gcc/arm-none-eabi/10.3.1/../../../../arm-none-eabi/lib/thumb/v7e-m+fp/hard\libc_nano.a(lib_a-findfp.o)
                0x000000000800ff30                __sf_fake_stderr
 .rodata.__sf_fake_stdin
                0x000000000800ff50       0x20 c:/st/stm32cubeide_1.8.0/stm32cubeide/plugins/com.st.stm32cube.ide.mcu.externaltools.gnu-tools-for-stm32.10.3-2021.10.win32_1.0.0.202111181127/tools/bin/../lib/gcc/arm-none-eabi/10.3.1/../../../../arm-none-eabi/lib/thumb/v7e-m+fp/hard\libc_nano.a(lib_a-findfp.o)
                0x000000000800ff50                __sf_fake_stdin
 .rodata.__sf_fake_stdout
                0x000000000800ff70       0x20 c:/st/stm32cubeide_1.8.0/stm32cubeide/plugins/com.st.stm32cube.ide.mcu.externaltools.gnu-tools-for-stm32.10.3-2021.10.win32_1.0.0.202111181127/tools/bin/../lib/gcc/arm-none-eabi/10.3.1/../../../../arm-none-eabi/lib/thumb/v7e-m+fp/hard\libc_nano.a(lib_a-findfp.o)
                0x000000000800ff70                __sf_fake_stdout
 .rodata._svfprintf_r.str1.1
                0x000000000800ff90       0x11 c:/st/stm32cubeide_1.8.0/stm32cubeide/plugins/com.st.stm32cube.ide.mcu.externaltools.gnu-tools-for-stm32.10.3-2021.10.win32_1.0.0.202111181127/tools/bin/../lib/gcc/arm-none-eabi/10.3.1/../../../../arm-none-eabi/lib/thumb/v7e-m+fp/hard\libc_nano.a(lib_a-nano-svfprintf.o)
 .rodata._vfprintf_r.str1.1
                0x000000000800ffa1       0x11 c:/st/stm32cubeide_1.8.0/stm32cubeide/plugins/com.st.stm32cube.ide.mcu.externaltools.gnu-tools-for-stm32.10.3-2021.10.win32_1.0.0.202111181127/tools/bin/../lib/gcc/arm-none-eabi/10.3.1/../../../../arm-none-eabi/lib/thumb/v7e-m+fp/hard\libc_nano.a(lib_a-nano-vfprintf.o)
 .rodata._printf_i.str1.1
                0x000000000800ffa1       0x22 c:/st/stm32cubeide_1.8.0/stm32cubeide/plugins/com.st.stm32cube.ide.mcu.externaltools.gnu-tools-for-stm32.10.3-2021.10.win32_1.0.0.202111181127/tools/bin/../lib/gcc/arm-none-eabi/10.3.1/../../../../arm-none-eabi/lib/thumb/v7e-m+fp/hard\libc_nano.a(lib_a-nano-vfprintf_i.o)
                0x000000000800ffc4                . = ALIGN (0x4)
 *fill*         0x000000000800ffc3        0x1 

.ARM.extab      0x000000000800ffc4        0x0
                0x000000000800ffc4                . = ALIGN (0x4)
 *(.ARM.extab* .gnu.linkonce.armextab.*)
                0x000000000800ffc4                . = ALIGN (0x4)

.ARM            0x000000000800ffc4        0x8
                0x000000000800ffc4                . = ALIGN (0x4)
                0x000000000800ffc4                __exidx_start = .
 *(.ARM.exidx*)
 .ARM.exidx     0x000000000800ffc4        0x8 c:/st/stm32cubeide_1.8.0/stm32cubeide/plugins/com.st.stm32cube.ide.mcu.externaltools.gnu-tools-for-stm32.10.3-2021.10.win32_1.0.0.202111181127/tools/bin/../lib/gcc/arm-none-eabi/10.3.1/thumb/v7e-m+fp/hard\libgcc.a(_udivmoddi4.o)
                0x000000000800ffcc                __exidx_end = .
                0x000000000800ffcc                . = ALIGN (0x4)

.rel.dyn        0x000000000800ffcc        0x0
 .rel.iplt      0x000000000800ffcc        0x0 c:/st/stm32cubeide_1.8.0/stm32cubeide/plugins/com.st.stm32cube.ide.mcu.externaltools.gnu-tools-for-stm32.10.3-2021.10.win32_1.0.0.202111181127/tools/bin/../lib/gcc/arm-none-eabi/10.3.1/thumb/v7e-m+fp/hard/crtbegin.o

.preinit_array  0x000000000800ffcc        0x0
                0x000000000800ffcc                . = ALIGN (0x4)
                0x000000000800ffcc                PROVIDE (__preinit_array_start = .)
 *(.preinit_array*)
                0x000000000800ffcc                PROVIDE (__preinit_array_end = .)
                0x000000000800ffcc                . = ALIGN (0x4)

.init_array     0x000000000800ffcc        0x4
                0x000000000800ffcc                . = ALIGN (0x4)
                0x000000000800ffcc                PROVIDE (__init_array_start = .)
 *(SORT_BY_NAME(.init_array.*))
 *(.init_array*)
 .init_array    0x000000000800ffcc        0x4 c:/st/stm32cubeide_1.8.0/stm32cubeide/plugins/com.st.stm32cube.ide.mcu.externaltools.gnu-tools-for-stm32.10.3-2021.10.win32_1.0.0.202111181127/tools/bin/../lib/gcc/arm-none-eabi/10.3.1/thumb/v7e-m+fp/hard/crtbegin.o
                0x000000000800ffd0                PROVIDE (__init_array_end = .)
                0x000000000800ffd0                . = ALIGN (0x4)

.fini_array     0x000000000800ffd0        0x4
                0x000000000800ffd0                . = ALIGN (0x4)
                [!provide]                        PROVIDE (__fini_array_start = .)
 *(SORT_BY_NAME(.fini_array.*))
 *(.fini_array*)
 .fini_array    0x000000000800ffd0        0x4 c:/st/stm32cubeide_1.8.0/stm32cubeide/plugins/com.st.stm32cube.ide.mcu.externaltools.gnu-tools-for-stm32.10.3-2021.10.win32_1.0.0.202111181127/tools/bin/../lib/gcc/arm-none-eabi/10.3.1/thumb/v7e-m+fp/hard/crtbegin.o
                [!provide]                        PROVIDE (__fini_array_end = .)
                0x000000000800ffd4                . = ALIGN (0x4)
                0x000000000800ffd4                _sidata = LOADADDR (.data)

.data           0x0000000020000000      0x110 load address 0x000000000800ffd4
                0x0000000020000000                . = ALIGN (0x4)
                0x0000000020000000                _sdata = .
 *(.data)
 *(.data*)
 .data.Stat     0x0000000020000000        0x1 ./Core/Src/fatfs_sd.o
 .data.rtcStatus
                0x0000000020000001        0x1 ./Core/Src/main.o
                0x0000000020000001                rtcStatus
 *fill*         0x0000000020000002        0x2 
 .data.w5500opt
                0x0000000020000004       0x24 ./Core/Src/main.o
                0x0000000020000004                w5500opt
 .data.hostIp   0x0000000020000028        0x4 ./Core/Src/main.o
                0x0000000020000028                hostIp
 .data.mqttopt  0x000000002000002c       0x24 ./Core/Src/main.o
                0x000000002000002c                mqttopt
 .data.IsProductDone
                0x0000000020000050        0x1 ./Core/Src/main.o
                0x0000000020000050                IsProductDone
 *fill*         0x0000000020000051        0x3 
 .data.ntp_server
                0x0000000020000054        0x4 ./Core/Src/main.o
                0x0000000020000054                ntp_server
 .data.timeZone
                0x0000000020000058        0x1 ./Core/Src/main.o
                0x0000000020000058                timeZone
 *fill*         0x0000000020000059        0x3 
 .data.SystemCoreClock
                0x000000002000005c        0x4 ./Core/Src/system_stm32f4xx.o
                0x000000002000005c                SystemCoreClock
 .data.uwTickPrio
                0x0000000020000060        0x4 ./Drivers/STM32F4xx_HAL_Driver/Src/stm32f4xx_hal.o
                0x0000000020000060                uwTickPrio
 .data.uwTickFreq
                0x0000000020000064        0x1 ./Drivers/STM32F4xx_HAL_Driver/Src/stm32f4xx_hal.o
                0x0000000020000064                uwTickFreq
 *fill*         0x0000000020000065        0x3 
 .data.USER_Driver
                0x0000000020000068       0x14 ./FATFS/Target/user_diskio.o
                0x0000000020000068                USER_Driver
 .data.sock_any_port
                0x000000002000007c        0x2 ./ioLibrary_Driver2/Ethernet/socket.o
 *fill*         0x000000002000007e        0x2 
 .data.WIZCHIP  0x0000000020000080       0x2c ./ioLibrary_Driver2/Ethernet/wizchip_conf.o
                0x0000000020000080                WIZCHIP
 .data._impure_ptr
                0x00000000200000ac        0x4 c:/st/stm32cubeide_1.8.0/stm32cubeide/plugins/com.st.stm32cube.ide.mcu.externaltools.gnu-tools-for-stm32.10.3-2021.10.win32_1.0.0.202111181127/tools/bin/../lib/gcc/arm-none-eabi/10.3.1/../../../../arm-none-eabi/lib/thumb/v7e-m+fp/hard\libc_nano.a(lib_a-impure.o)
                0x00000000200000ac                _impure_ptr
 .data.impure_data
                0x00000000200000b0       0x60 c:/st/stm32cubeide_1.8.0/stm32cubeide/plugins/com.st.stm32cube.ide.mcu.externaltools.gnu-tools-for-stm32.10.3-2021.10.win32_1.0.0.202111181127/tools/bin/../lib/gcc/arm-none-eabi/10.3.1/../../../../arm-none-eabi/lib/thumb/v7e-m+fp/hard\libc_nano.a(lib_a-impure.o)
 *(.RamFunc)
 *(.RamFunc*)