Archive member included to satisfy reference by file (symbol)

c:/st/stm32cubeide_1.8.0/stm32cubeide/plugins/com.st.stm32cube.ide.mcu.externaltools.gnu-tools-for-stm32.10.3-2021.10.win32_1.0.0.202111181127/tools/bin/../lib/gcc/arm-none-eabi/10.3.1/../../../../arm-none-eabi/lib/thumb/v7e-m+fp/hard\libc_nano.a(lib_a-errno.o)
                              ./Core/Src/syscalls.o (__errno)
c:/st/stm32cubeide_1.8.0/stm32cubeide/plugins/com.st.stm32cube.ide.mcu.externaltools.gnu-tools-for-stm32.10.3-2021.10.win32_1.0.0.202111181127/tools/bin/../lib/gcc/arm-none-eabi/10.3.1/../../../../arm-none-eabi/lib/thumb/v7e-m+fp/hard\libc_nano.a(lib_a-exit.o)
                              c:/st/stm32cubeide_1.8.0/stm32cubeide/plugins/com.st.stm32cube.ide.mcu.externaltools.gnu-tools-for-stm32.10.3-2021.10.win32_1.0.0.202111181127/tools/bin/../lib/gcc/arm-none-eabi/10.3.1/../../../../arm-none-eabi/lib/thumb/v7e-m+fp/hard/crt0.o (exit)
c:/st/stm32cubeide_1.8.0/stm32cubeide/plugins/com.st.stm32cube.ide.mcu.externaltools.gnu-tools-for-stm32.10.3-2021.10.win32_1.0.0.202111181127/tools/bin/../lib/gcc/arm-none-eabi/10.3.1/../../../../arm-none-eabi/lib/thumb/v7e-m+fp/hard\libc_nano.a(lib_a-impure.o)
                              c:/st/stm32cubeide_1.8.0/stm32cubeide/plugins/com.st.stm32cube.ide.mcu.externaltools.gnu-tools-for-stm32.10.3-2021.10.win32_1.0.0.202111181127/tools/bin/../lib/gcc/arm-none-eabi/10.3.1/../../../../arm-none-eabi/lib/thumb/v7e-m+fp/hard\libc_nano.a(lib_a-exit.o) (_global_impure_ptr)
c:/st/stm32cubeide_1.8.0/stm32cubeide/plugins/com.st.stm32cube.ide.mcu.externaltools.gnu-tools-for-stm32.10.3-2021.10.win32_1.0.0.202111181127/tools/bin/../lib/gcc/arm-none-eabi/10.3.1/../../../../arm-none-eabi/lib/thumb/v7e-m+fp/hard\libc_nano.a(lib_a-init.o)
                              c:/st/stm32cubeide_1.8.0/stm32cubeide/plugins/com.st.stm32cube.ide.mcu.externaltools.gnu-tools-for-stm32.10.3-2021.10.win32_1.0.0.202111181127/tools/bin/../lib/gcc/arm-none-eabi/10.3.1/../../../../arm-none-eabi/lib/thumb/v7e-m+fp/hard/crt0.o (__libc_init_array)
c:/st/stm32cubeide_1.8.0/stm32cubeide/plugins/com.st.stm32cube.ide.mcu.externaltools.gnu-tools-for-stm32.10.3-2021.10.win32_1.0.0.202111181127/tools/bin/../lib/gcc/arm-none-eabi/10.3.1/../../../../arm-none-eabi/lib/thumb/v7e-m+fp/hard\libc_nano.a(lib_a-malloc.o)
                              ./Core/Src/main.o (malloc)
c:/st/stm32cubeide_1.8.0/stm32cubeide/plugins/com.st.stm32cube.ide.mcu.externaltools.gnu-tools-for-stm32.10.3-2021.10.win32_1.0.0.202111181127/tools/bin/../lib/gcc/arm-none-eabi/10.3.1/../../../../arm-none-eabi/lib/thumb/v7e-m+fp/hard\libc_nano.a(lib_a-memcmp.o)
                              ./ioLibrary_Driver2/Internet/MQTT/MQTTPacket/src/MQTTConnectServer.o (memcmp)
c:/st/stm32cubeide_1.8.0/stm32cubeide/plugins/com.st.stm32cube.ide.mcu.externaltools.gnu-tools-for-stm32.10.3-2021.10.win32_1.0.0.202111181127/tools/bin/../lib/gcc/arm-none-eabi/10.3.1/../../../../arm-none-eabi/lib/thumb/v7e-m+fp/hard\libc_nano.a(lib_a-memcpy-stub.o)
                              ./Core/Src/main.o (memcpy)
c:/st/stm32cubeide_1.8.0/stm32cubeide/plugins/com.st.stm32cube.ide.mcu.externaltools.gnu-tools-for-stm32.10.3-2021.10.win32_1.0.0.202111181127/tools/bin/../lib/gcc/arm-none-eabi/10.3.1/../../../../arm-none-eabi/lib/thumb/v7e-m+fp/hard\libc_nano.a(lib_a-memset.o)
                              c:/st/stm32cubeide_1.8.0/stm32cubeide/plugins/com.st.stm32cube.ide.mcu.externaltools.gnu-tools-for-stm32.10.3-2021.10.win32_1.0.0.202111181127/tools/bin/../lib/gcc/arm-none-eabi/10.3.1/../../../../arm-none-eabi/lib/thumb/v7e-m+fp/hard/crt0.o (memset)
c:/st/stm32cubeide_1.8.0/stm32cubeide/plugins/com.st.stm32cube.ide.mcu.externaltools.gnu-tools-for-stm32.10.3-2021.10.win32_1.0.0.202111181127/tools/bin/../lib/gcc/arm-none-eabi/10.3.1/../../../../arm-none-eabi/lib/thumb/v7e-m+fp/hard\libc_nano.a(lib_a-nano-freer.o)
                              c:/st/stm32cubeide_1.8.0/stm32cubeide/plugins/com.st.stm32cube.ide.mcu.externaltools.gnu-tools-for-stm32.10.3-2021.10.win32_1.0.0.202111181127/tools/bin/../lib/gcc/arm-none-eabi/10.3.1/../../../../arm-none-eabi/lib/thumb/v7e-m+fp/hard\libc_nano.a(lib_a-malloc.o) (_free_r)
c:/st/stm32cubeide_1.8.0/stm32cubeide/plugins/com.st.stm32cube.ide.mcu.externaltools.gnu-tools-for-stm32.10.3-2021.10.win32_1.0.0.202111181127/tools/bin/../lib/gcc/arm-none-eabi/10.3.1/../../../../arm-none-eabi/lib/thumb/v7e-m+fp/hard\libc_nano.a(lib_a-nano-mallocr.o)
                              c:/st/stm32cubeide_1.8.0/stm32cubeide/plugins/com.st.stm32cube.ide.mcu.externaltools.gnu-tools-for-stm32.10.3-2021.10.win32_1.0.0.202111181127/tools/bin/../lib/gcc/arm-none-eabi/10.3.1/../../../../arm-none-eabi/lib/thumb/v7e-m+fp/hard\libc_nano.a(lib_a-malloc.o) (_malloc_r)
[...]
Memory Configuration

Name             Origin             Length             Attributes
RAM              0x0000000020000000 0x0000000000010000 xrw
FLASH            0x0000000008000000 0x0000000000040000 xr
*default*        0x0000000000000000 0xffffffffffffffff

Linker script and memory map

LOAD c:/st/stm32cubeide_1.8.0/stm32cubeide/plugins/com.st.stm32cube.ide.mcu.externaltools.gnu-tools-for-stm32.10.3-2021.10.win32_1.0.0.202111181127/tools/bin/../lib/gcc/arm-none-eabi/10.3.1/thumb/v7e-m+fp/hard/crti.o
LOAD c:/st/stm32cubeide_1.8.0/stm32cubeide/plugins/com.st.stm32cube.ide.mcu.externaltools.gnu-tools-for-stm32.10.3-2021.10.win32_1.0.0.202111181127/tools/bin/../lib/gcc/arm-none-eabi/10.3.1/thumb/v7e-m+fp/hard/crtbegin.o
LOAD c:/st/stm32cubeide_1.8.0/stm32cubeide/plugins/com.st.stm32cube.ide.mcu.externaltools.gnu-tools-for-stm32.10.3-2021.10.win32_1.0.0.202111181127/tools/bin/../lib/gcc/arm-none-eabi/10.3.1/../../../../arm-none-eabi/lib/thumb/v7e-m+fp/hard/crt0.o
LOAD ./Core/Src/fatfs_sd.o
LOAD ./Core/Src/gpio.o
LOAD ./Core/Src/main.o
LOAD ./Core/Src/rtc.o
LOAD ./Core/Src/spi.o
LOAD ./Core/Src/stm32f4xx_hal_msp.o
LOAD ./Core/Src/stm32f4xx_it.o
LOAD ./Core/Src/syscalls.o
LOAD ./Core/Src/sysmem.o
LOAD ./Core/Src/system_stm32f4xx.o
LOAD ./Core/Src/tim.o
LOAD ./Core/Src/usart.o
LOAD ./Core/Startup/startup_stm32f401rctx.o
LOAD ./Drivers/STM32F4xx_HAL_Driver/Src/stm32f4xx_hal.o
LOAD ./Drivers/STM32F4xx_HAL_Driver/Src/stm32f4xx_hal_cortex.o
LOAD ./Drivers/STM32F4xx_HAL_Driver/Src/stm32f4xx_hal_dma.o
LOAD ./Drivers/STM32F4xx_HAL_Driver/Src/stm32f4xx_hal_dma_ex.o
LOAD ./Drivers/STM32F4xx_HAL_Driver/Src/stm32f4xx_hal_exti.o
LOAD ./Drivers/STM32F4xx_HAL_Driver/Src/stm32f4xx_hal_flash.o
LOAD ./Drivers/STM32F4xx_HAL_Driver/Src/stm32f4xx_hal_flash_ex.o
LOAD ./Drivers/STM32F4xx_HAL_Driver/Src/stm32f4xx_hal_flash_ramfunc.o
LOAD ./Drivers/STM32F4xx_HAL_Driver/Src/stm32f4xx_hal_gpio.o
LOAD ./Drivers/STM32F4xx_HAL_Driver/Src/stm32f4xx_hal_pwr.o
LOAD ./Drivers/STM32F4xx_HAL_Driver/Src/stm32f4xx_hal_pwr_ex.o
LOAD ./Drivers/STM32F4xx_HAL_Driver/Src/stm32f4xx_hal_rcc.o
LOAD ./Drivers/STM32F4xx_HAL_Driver/Src/stm32f4xx_hal_rcc_ex.o
LOAD ./Drivers/STM32F4xx_HAL_Driver/Src/stm32f4xx_hal_rtc.o
LOAD ./Drivers/STM32F4xx_HAL_Driver/Src/stm32f4xx_hal_rtc_ex.o
LOAD ./Drivers/STM32F4xx_HAL_Driver/Src/stm32f4xx_hal_spi.o
LOAD ./Drivers/STM32F4xx_HAL_Driver/Src/stm32f4xx_hal_tim.o
LOAD ./Drivers/STM32F4xx_HAL_Driver/Src/stm32f4xx_hal_tim_ex.o
LOAD ./Drivers/STM32F4xx_HAL_Driver/Src/stm32f4xx_hal_uart.o
LOAD ./FATFS/App/fatfs.o
LOAD ./FATFS/Target/user_diskio.o
LOAD ./Middlewares/Third_Party/FatFs/src/diskio.o
LOAD ./Middlewares/Third_Party/FatFs/src/ff.o
LOAD ./Middlewares/Third_Party/FatFs/src/ff_gen_drv.o
LOAD ./Middlewares/Third_Party/FatFs/src/option/ccsbcs.o
LOAD ./Middlewares/Third_Party/FatFs/src/option/syscall.o
LOAD ./ioLibrary_Driver2/Ethernet/W5100/w5100.o
LOAD ./ioLibrary_Driver2/Ethernet/W5100S/w5100s.o
LOAD ./ioLibrary_Driver2/Ethernet/W5200/w5200.o
LOAD ./ioLibrary_Driver2/Ethernet/W5300/w5300.o
LOAD ./ioLibrary_Driver2/Ethernet/W5500/w5500.o
LOAD ./ioLibrary_Driver2/Ethernet/socket.o
LOAD ./ioLibrary_Driver2/Ethernet/wizchip_conf.o
LOAD ./ioLibrary_Driver2/Internet/MQTT/MQTTClient.o
LOAD ./ioLibrary_Driver2/Internet/MQTT/mqtt_interface.o
LOAD ./ioLibrary_Driver2/Internet/MQTT/MQTTPacket/src/MQTTConnectClient.o
LOAD ./ioLibrary_Driver2/Internet/MQTT/MQTTPacket/src/MQTTConnectServer.o
LOAD ./ioLibrary_Driver2/Internet/MQTT/MQTTPacket/src/MQTTDeserializePublish.o
LOAD ./ioLibrary_Driver2/Internet/MQTT/MQTTPacket/src/MQTTFormat.o
LOAD ./ioLibrary_Driver2/Internet/MQTT/MQTTPacket/src/MQTTPacket.o
LOAD ./ioLibrary_Driver2/Internet/MQTT/MQTTPacket/src/MQTTSerializePublish.o
LOAD ./ioLibrary_Driver2/Internet/MQTT/MQTTPacket/src/MQTTSubscribeClient.o
LOAD ./ioLibrary_Driver2/Internet/MQTT/MQTTPacket/src/MQTTSubscribeServer.o
LOAD ./ioLibrary_Driver2/Internet/MQTT/MQTTPacket/src/MQTTUnsubscribeClient.o
LOAD ./ioLibrary_Driver2/Internet/MQTT/MQTTPacket/src/MQTTUnsubscribeServer.o
LOAD ./ioLibrary_Driver2/Internet/SNTP/sntp.o
START GROUP
LOAD c:/st/stm32cubeide_1.8.0/stm32cubeide/plugins/com.st.stm32cube.ide.mcu.externaltools.gnu-tools-for-stm32.10.3-2021.10.win32_1.0.0.202111181127/tools/bin/../lib/gcc/arm-none-eabi/10.3.1/../../../../arm-none-eabi/lib/thumb/v7e-m+fp/hard\libc_nano.a
LOAD c:/st/stm32cubeide_1.8.0/stm32cubeide/plugins/com.st.stm32cube.ide.mcu.externaltools.gnu-tools-for-stm32.10.3-2021.10.win32_1.0.0.202111181127/tools/bin/../lib/gcc/arm-none-eabi/10.3.1/../../../../arm-none-eabi/lib/thumb/v7e-m+fp/hard\libm.a
END GROUP
START GROUP
LOAD c:/st/stm32cubeide_1.8.0/stm32cubeide/plugins/com.st.stm32cube.ide.mcu.externaltools.gnu-tools-for-stm32.10.3-2021.10.win32_1.0.0.202111181127/tools/bin/../lib/gcc/arm-none-eabi/10.3.1/thumb/v7e-m+fp/hard\libgcc.a
LOAD c:/st/stm32cubeide_1.8.0/stm32cubeide/plugins/com.st.stm32cube.ide.mcu.externaltools.gnu-tools-for-stm32.10.3-2021.10.win32_1.0.0.202111181127/tools/bin/../lib/gcc/arm-none-eabi/10.3.1/../../../../arm-none-eabi/lib/thumb/v7e-m+fp/hard\libc_nano.a
END GROUP
START GROUP
LOAD c:/st/stm32cubeide_1.8.0/stm32cubeide/plugins/com.st.stm32cube.ide.mcu.externaltools.gnu-tools-for-stm32.10.3-2021.10.win32_1.0.0.202111181127/tools/bin/../lib/gcc/arm-none-eabi/10.3.1/thumb/v7e-m+fp/hard\libgcc.a
LOAD c:/st/stm32cubeide_1.8.0/stm32cubeide/plugins/com.st.stm32cube.ide.mcu.externaltools.gnu-tools-for-stm32.10.3-2021.10.win32_1.0.0.202111181127/tools/bin/../lib/gcc/arm-none-eabi/10.3.1/../../../../arm-none-eabi/lib/thumb/v7e-m+fp/hard\libc_nano.a
LOAD c:/st/stm32cubeide_1.8.0/stm32cubeide/plugins/com.st.stm32cube.ide.mcu.externaltools.gnu-tools-for-stm32.10.3-2021.10.win32_1.0.0.202111181127/tools/bin/../lib/gcc/arm-none-eabi/10.3.1/../../../../arm-none-eabi/lib/thumb/v7e-m+fp/hard\libnosys.a
END GROUP
START GROUP
LOAD c:/st/stm32cubeide_1.8.0/stm32cubeide/plugins/com.st.stm32cube.ide.mcu.externaltools.gnu-tools-for-stm32.10.3-2021.10.win32_1.0.0.202111181127/tools/bin/../lib/gcc/arm-none-eabi/10.3.1/thumb/v7e-m+fp/hard\libgcc.a
LOAD c:/st/stm32cubeide_1.8.0/stm32cubeide/plugins/com.st.stm32cube.ide.mcu.externaltools.gnu-tools-for-stm32.10.3-2021.10.win32_1.0.0.202111181127/tools/bin/../lib/gcc/arm-none-eabi/10.3.1/../../../../arm-none-eabi/lib/thumb/v7e-m+fp/hard\libc_nano.a
LOAD c:/st/stm32cubeide_1.8.0/stm32cubeide/plugins/com.st.stm32cube.ide.mcu.externaltools.gnu-tools-for-stm32.10.3-2021.10.win32_1.0.0.202111181127/tools/bin/../lib/gcc/arm-none-eabi/10.3.1/../../../../arm-none-eabi/lib/thumb/v7e-m+fp/hard\libnosys.a
END GROUP
LOAD c:/st/stm32cubeide_1.8.0/stm32cubeide/plugins/com.st.stm32cube.ide.mcu.externaltools.gnu-tools-for-stm32.10.3-2021.10.win32_1.0.0.202111181127/tools/bin/../lib/gcc/arm-none-eabi/10.3.1/thumb/v7e-m+fp/hard/crtend.o
LOAD c:/st/stm32cubeide_1.8.0/stm32cubeide/plugins/com.st.stm32cube.ide.mcu.externaltools.gnu-tools-for-stm32.10.3-2021.10.win32_1.0.0.202111181127/tools/bin/../lib/gcc/arm-none-eabi/10.3.1/thumb/v7e-m+fp/hard/crtn.o
                0x0000000020010000                _estack = (ORIGIN (RAM) + LENGTH (RAM))
                0x0000000000000200                _Min_Heap_Size = 0x200
                0x0000000000000400                _Min_Stack_Size = 0x400

.isr_vector     0x0000000008000000      0x194
                0x0000000008000000                . = ALIGN (0x4)
 *(.isr_vector)
 .isr_vector    0x0000000008000000      0x194 ./Core/Startup/startup_stm32f401rctx.o
                0x0000000008000000                g_pfnVectors
                0x0000000008000194                . = ALIGN (0x4)

.text           0x00000000080001a0     0xf05c
                0x00000000080001a0                . = ALIGN (0x4)
 *(.text)
 .text          0x00000000080001a0       0x40 c:/st/stm32cubeide_1.8.0/stm32cubeide/plugins/com.st.stm32cube.ide.mcu.externaltools.gnu-tools-for-stm32.10.3-2021.10.win32_1.0.0.202111181127/tools/bin/../lib/gcc/arm-none-eabi/10.3.1/thumb/v7e-m+fp/hard/crtbegin.o
 .text          0x00000000080001e0       0x10 c:/st/stm32cubeide_1.8.0/stm32cubeide/plugins/com.st.stm32cube.ide.mcu.externaltools.gnu-tools-for-stm32.10.3-2021.10.win32_1.0.0.202111181127/tools/bin/../lib/gcc/arm-none-eabi/10.3.1/../../../../arm-none-eabi/lib/thumb/v7e-m+fp/hard\libc_nano.a(lib_a-strlen.o)
                0x00000000080001e0                strlen
 .text          0x00000000080001f0       0xa0 c:/st/stm32cubeide_1.8.0/stm32cubeide/plugins/com.st.stm32cube.ide.mcu.externaltools.gnu-tools-for-stm32.10.3-2021.10.win32_1.0.0.202111181127/tools/bin/../lib/gcc/arm-none-eabi/10.3.1/../../../../arm-none-eabi/lib/thumb/v7e-m+fp/hard\libc_nano.a(lib_a-memchr.o)
                0x00000000080001f0                memchr
 .text          0x0000000008000290       0x30 c:/st/stm32cubeide_1.8.0/stm32cubeide/plugins/com.st.stm32cube.ide.mcu.externaltools.gnu-tools-for-stm32.10.3-2021.10.win32_1.0.0.202111181127/tools/bin/../lib/gcc/arm-none-eabi/10.3.1/thumb/v7e-m+fp/hard\libgcc.a(_aeabi_uldivmod.o)
                0x0000000008000290                __aeabi_uldivmod
 .text          0x00000000080002c0      0x2d0 c:/st/stm32cubeide_1.8.0/stm32cubeide/plugins/com.st.stm32cube.ide.mcu.externaltools.gnu-tools-for-stm32.10.3-2021.10.win32_1.0.0.202111181127/tools/bin/../lib/gcc/arm-none-eabi/10.3.1/thumb/v7e-m+fp/hard\libgcc.a(_udivmoddi4.o)
                0x00000000080002c0                __udivmoddi4
 .text          0x0000000008000590        0x4 c:/st/stm32cubeide_1.8.0/stm32cubeide/plugins/com.st.stm32cube.ide.mcu.externaltools.gnu-tools-for-stm32.10.3-2021.10.win32_1.0.0.202111181127/tools/bin/../lib/gcc/arm-none-eabi/10.3.1/thumb/v7e-m+fp/hard\libgcc.a(_dvmd_tls.o)
                0x0000000008000590                __aeabi_idiv0
                0x0000000008000590                __aeabi_ldiv0
 *(.text*)
 .text.SELECT   0x0000000008000594       0x20 ./Core/Src/fatfs_sd.o
 .text.DESELECT
                0x00000000080005b4       0x20 ./Core/Src/fatfs_sd.o
 .text.SPI_TxByte
                0x00000000080005d4       0x34 ./Core/Src/fatfs_sd.o
 .text.SPI_TxBuffer
                0x0000000008000608       0x34 ./Core/Src/fatfs_sd.o
 .text.SPI_RxByte
                0x000000000800063c       0x38 ./Core/Src/fatfs_sd.o
 .text.SPI_RxBytePtr
                0x0000000008000674       0x1c ./Core/Src/fatfs_sd.o
 .text.SD_ReadyWait
                0x0000000008000690       0x34 ./Core/Src/fatfs_sd.o
 .text.SD_PowerOn
                0x00000000080006c4       0x84 ./Core/Src/fatfs_sd.o
 .text.SD_PowerOff
                0x0000000008000748       0x18 ./Core/Src/fatfs_sd.o
 .text.SD_CheckPower
                0x0000000008000760       0x18 ./Core/Src/fatfs_sd.o
 .text.SD_RxDataBlock
                0x0000000008000778       0x5c ./Core/Src/fatfs_sd.o
 .text.SD_TxDataBlock
                0x00000000080007d4       0x86 ./Core/Src/fatfs_sd.o
 .text.SD_SendCmd
                0x000000000800085a       0xa8 ./Core/Src/fatfs_sd.o
 *fill*         0x0000000008000902        0x2 
 .text.SD_disk_initialize
                0x0000000008000904      0x1cc ./Core/Src/fatfs_sd.o
                0x0000000008000904                SD_disk_initialize
 .text.SD_disk_status
                0x0000000008000ad0       0x2c ./Core/Src/fatfs_sd.o
                0x0000000008000ad0                SD_disk_status
 .text.SD_disk_read
                0x0000000008000afc       0xd4 ./Core/Src/fatfs_sd.o
                0x0000000008000afc                SD_disk_read
 .text.SD_disk_write
                0x0000000008000bd0      0x108 ./Core/Src/fatfs_sd.o
                0x0000000008000bd0                SD_disk_write
 .text.SD_disk_ioctl
                0x0000000008000cd8      0x258 ./Core/Src/fatfs_sd.o
                0x0000000008000cd8                SD_disk_ioctl
 .text.MX_GPIO_Init
                0x0000000008000f30      0x12c ./Core/Src/gpio.o
                0x0000000008000f30                MX_GPIO_Init
 .text._write   0x000000000800105c       0x2c ./Core/Src/main.o
                0x000000000800105c                _write
 .text.main     0x0000000008001088       0xa4 ./Core/Src/main.o
                0x0000000008001088                main
 .text.SystemClock_Config
                0x000000000800112c       0xc0 ./Core/Src/main.o
                0x000000000800112c                SystemClock_Config
 .text.HAL_TIM_PeriodElapsedCallback
                0x00000000080011ec      0x328 ./Core/Src/main.o
                0x00000000080011ec                HAL_TIM_PeriodElapsedCallback
 .text.checkInputs
                0x0000000008001514       0x44 ./Core/Src/main.o
                0x0000000008001514                checkInputs
 .text.checkProduct
                0x0000000008001558      0x42c ./Core/Src/main.o
                0x0000000008001558                checkProduct
 .text.fillProduct
                0x0000000008001984       0xa0 ./Core/Src/main.o
                0x0000000008001984                fillProduct
 .text.writeSDProductInfo
                0x0000000008001a24      0x2ac ./Core/Src/main.o
                0x0000000008001a24                writeSDProductInfo
 .text.setRTCTime
                0x0000000008001cd0      0x210 ./Core/Src/main.o
                0x0000000008001cd0                setRTCTime
 .text.getRTCTime
                0x0000000008001ee0       0xe8 ./Core/Src/main.o
                0x0000000008001ee0                getRTCTime
 .text.getLogTime
                0x0000000008001fc8       0x94 ./Core/Src/main.o
                0x0000000008001fc8                getLogTime
 .text.getDataTime
                0x000000000800205c       0xe8 ./Core/Src/main.o
                0x000000000800205c                getDataTime
 .text.dayOfWeek
                0x0000000008002144       0xb0 ./Core/Src/main.o
                0x0000000008002144                dayOfWeek
 .text.SDInit   0x00000000080021f4       0x88 ./Core/Src/main.o
                0x00000000080021f4                SDInit
 .text.checkSDStore
                0x000000000800227c       0xf4 ./Core/Src/main.o
                0x000000000800227c                checkSDStore
 .text.w5500Init
                0x0000000008002370       0x46 ./Core/Src/main.o
                0x0000000008002370                w5500Init
 *fill*         0x00000000080023b6        0x2 
 .text.MQTT_run
                0x00000000080023b8      0x230 ./Core/Src/main.o
                0x00000000080023b8                MQTT_run
 .text.msgLogger
                0x00000000080025e8       0x30 ./Core/Src/main.o
                0x00000000080025e8                msgLogger
 .text.inputStatusLogger
                0x0000000008002618       0xc4 ./Core/Src/main.o
                0x0000000008002618                inputStatusLogger
 .text.cs_sel   0x00000000080026dc       0x18 ./Core/Src/main.o
                0x00000000080026dc                cs_sel
 .text.cs_desel
                0x00000000080026f4       0x18 ./Core/Src/main.o
                0x00000000080026f4                cs_desel
 .text.spi_rb   0x000000000800270c       0x24 ./Core/Src/main.o
                0x000000000800270c                spi_rb
 .text.spi_wb   0x0000000008002730       0x24 ./Core/Src/main.o
                0x0000000008002730                spi_wb
 .text.Error_Handler
                0x0000000008002754        0xa ./Core/Src/main.o
                0x0000000008002754                Error_Handler
 *fill*         0x000000000800275e        0x2 
 .text.MX_RTC_Init
                0x0000000008002760       0xb4 ./Core/Src/rtc.o
                0x0000000008002760                MX_RTC_Init
 .text.HAL_RTC_MspInit
                0x0000000008002814       0x58 ./Core/Src/rtc.o
                0x0000000008002814                HAL_RTC_MspInit
 .text.MX_SPI1_Init
                0x000000000800286c       0x6c ./Core/Src/spi.o
                0x000000000800286c                MX_SPI1_Init
 .text.MX_SPI2_Init
                0x00000000080028d8       0x6c ./Core/Src/spi.o
                0x00000000080028d8                MX_SPI2_Init
 .text.HAL_SPI_MspInit
                0x0000000008002944       0xfc ./Core/Src/spi.o
                0x0000000008002944                HAL_SPI_MspInit
 .text.HAL_MspInit
                0x0000000008002a40       0x50 ./Core/Src/stm32f4xx_hal_msp.o
                0x0000000008002a40                HAL_MspInit
 .text.NMI_Handler
                0x0000000008002a90        0x6 ./Core/Src/stm32f4xx_it.o
                0x0000000008002a90                NMI_Handler
 .text.HardFault_Handler
                0x0000000008002a96        0x6 ./Core/Src/stm32f4xx_it.o
                0x0000000008002a96                HardFault_Handler
 .text.MemManage_Handler
                0x0000000008002a9c        0x6 ./Core/Src/stm32f4xx_it.o
                0x0000000008002a9c                MemManage_Handler
 .text.BusFault_Handler
                0x0000000008002aa2        0x6 ./Core/Src/stm32f4xx_it.o
                0x0000000008002aa2                BusFault_Handler
 .text.UsageFault_Handler
                0x0000000008002aa8        0x6 ./Core/Src/stm32f4xx_it.o
                0x0000000008002aa8                UsageFault_Handler
 .text.SVC_Handler
                0x0000000008002aae        0xe ./Core/Src/stm32f4xx_it.o
                0x0000000008002aae                SVC_Handler
 .text.DebugMon_Handler
                0x0000000008002abc        0xe ./Core/Src/stm32f4xx_it.o
                0x0000000008002abc                DebugMon_Handler
 .text.PendSV_Handler
                0x0000000008002aca        0xe ./Core/Src/stm32f4xx_it.o
                0x0000000008002aca                PendSV_Handler
 .text.SysTick_Handler
                0x0000000008002ad8       0x3c ./Core/Src/stm32f4xx_it.o
                0x0000000008002ad8                SysTick_Handler
 .text.TIM3_IRQHandler
                0x0000000008002b14       0x14 ./Core/Src/stm32f4xx_it.o
                0x0000000008002b14                TIM3_IRQHandler
 .text.TIM4_IRQHandler
                0x0000000008002b28       0x14 ./Core/Src/stm32f4xx_it.o
                0x0000000008002b28                TIM4_IRQHandler
 .text._read    0x0000000008002b3c       0x3a ./Core/Src/syscalls.o
                0x0000000008002b3c                _read
 .text._close   0x0000000008002b76       0x18 ./Core/Src/syscalls.o
                0x0000000008002b76                _close
 .text._fstat   0x0000000008002b8e       0x20 ./Core/Src/syscalls.o
                0x0000000008002b8e                _fstat
 .text._isatty  0x0000000008002bae       0x16 ./Core/Src/syscalls.o
                0x0000000008002bae                _isatty
 .text._lseek   0x0000000008002bc4       0x1a ./Core/Src/syscalls.o
                0x0000000008002bc4                _lseek
 *fill*         0x0000000008002bde        0x2 
 .text._sbrk    0x0000000008002be0       0x6c ./Core/Src/sysmem.o
                0x0000000008002be0                _sbrk
 .text.SystemInit
                0x0000000008002c4c       0x24 ./Core/Src/system_stm32f4xx.o
                0x0000000008002c4c                SystemInit
 .text.MX_TIM3_Init
                0x0000000008002c70       0x9c ./Core/Src/tim.o
                0x0000000008002c70                MX_TIM3_Init
 .text.MX_TIM4_Init
                0x0000000008002d0c       0x9c ./Core/Src/tim.o
                0x0000000008002d0c                MX_TIM4_Init
 .text.HAL_TIM_Base_MspInit
                0x0000000008002da8       0x8c ./Core/Src/tim.o
                0x0000000008002da8                HAL_TIM_Base_MspInit
 .text.MX_USART1_UART_Init
                0x0000000008002e34       0x54 ./Core/Src/usart.o
                0x0000000008002e34                MX_USART1_UART_Init
 .text.HAL_UART_MspInit
                0x0000000008002e88       0x90 ./Core/Src/usart.o
                0x0000000008002e88                HAL_UART_MspInit
 .text.Reset_Handler
                0x0000000008002f18       0x50 ./Core/Startup/startup_stm32f401rctx.o
                0x0000000008002f18                Reset_Handler
 .text.Default_Handler
                0x0000000008002f68        0x2 ./Core/Startup/startup_stm32f401rctx.o
                0x0000000008002f68                RTC_Alarm_IRQHandler
                0x0000000008002f68                EXTI2_IRQHandler
                0x0000000008002f68                SPI4_IRQHandler
                0x0000000008002f68                TIM1_CC_IRQHandler
                0x0000000008002f68                DMA2_Stream5_IRQHandler
                0x0000000008002f68                DMA1_Stream5_IRQHandler
                0x0000000008002f68                PVD_IRQHandler
                0x0000000008002f68                SDIO_IRQHandler
                0x0000000008002f68                TAMP_STAMP_IRQHandler
                0x0000000008002f68                EXTI3_IRQHandler
                0x0000000008002f68                TIM1_UP_TIM10_IRQHandler
                0x0000000008002f68                I2C3_ER_IRQHandler
                0x0000000008002f68                EXTI0_IRQHandler
                0x0000000008002f68                I2C2_EV_IRQHandler
                0x0000000008002f68                DMA1_Stream2_IRQHandler
                0x0000000008002f68                FPU_IRQHandler
                0x0000000008002f68                DMA2_Stream2_IRQHandler
                0x0000000008002f68                SPI1_IRQHandler
                0x0000000008002f68                TIM1_BRK_TIM9_IRQHandler
                0x0000000008002f68                DMA2_Stream3_IRQHandler
                0x0000000008002f68                USART6_IRQHandler
                0x0000000008002f68                DMA2_Stream0_IRQHandler
                0x0000000008002f68                I2C1_EV_IRQHandler
                0x0000000008002f68                DMA1_Stream6_IRQHandler
                0x0000000008002f68                DMA1_Stream1_IRQHandler
                0x0000000008002f68                RCC_IRQHandler
                0x0000000008002f68                Default_Handler
                0x0000000008002f68                EXTI15_10_IRQHandler
                0x0000000008002f68                ADC_IRQHandler
                0x0000000008002f68                DMA1_Stream7_IRQHandler
                0x0000000008002f68                TIM5_IRQHandler
                0x0000000008002f68                DMA2_Stream7_IRQHandler
                0x0000000008002f68                I2C3_EV_IRQHandler
                0x0000000008002f68                EXTI9_5_IRQHandler
                0x0000000008002f68                RTC_WKUP_IRQHandler
                0x0000000008002f68                SPI2_IRQHandler
                0x0000000008002f68                DMA1_Stream0_IRQHandler
                0x0000000008002f68                EXTI4_IRQHandler
                0x0000000008002f68                WWDG_IRQHandler
                0x0000000008002f68                TIM2_IRQHandler
                0x0000000008002f68                OTG_FS_WKUP_IRQHandler
                0x0000000008002f68                TIM1_TRG_COM_TIM11_IRQHandler
                0x0000000008002f68                EXTI1_IRQHandler
                0x0000000008002f68                USART2_IRQHandler
                0x0000000008002f68                I2C2_ER_IRQHandler
                0x0000000008002f68                DMA2_Stream1_IRQHandler
                0x0000000008002f68                FLASH_IRQHandler
                0x0000000008002f68                DMA2_Stream4_IRQHandler
                0x0000000008002f68                USART1_IRQHandler
                0x0000000008002f68                OTG_FS_IRQHandler
                0x0000000008002f68                SPI3_IRQHandler
                0x0000000008002f68                DMA1_Stream4_IRQHandler
                0x0000000008002f68                I2C1_ER_IRQHandler
                0x0000000008002f68                DMA2_Stream6_IRQHandler
                0x0000000008002f68                DMA1_Stream3_IRQHandler
 *fill*         0x0000000008002f6a        0x2 
 .text.HAL_Init
                0x0000000008002f6c       0x44 ./Drivers/STM32F4xx_HAL_Driver/Src/stm32f4xx_hal.o
                0x0000000008002f6c                HAL_Init
 .text.HAL_InitTick
                0x0000000008002fb0       0x60 ./Drivers/STM32F4xx_HAL_Driver/Src/stm32f4xx_hal.o
                0x0000000008002fb0                HAL_InitTick
 .text.HAL_IncTick
                0x0000000008003010       0x28 ./Drivers/STM32F4xx_HAL_Driver/Src/stm32f4xx_hal.o
                0x0000000008003010                HAL_IncTick
 .text.HAL_GetTick
                0x0000000008003038       0x18 ./Drivers/STM32F4xx_HAL_Driver/Src/stm32f4xx_hal.o
                0x0000000008003038                HAL_GetTick
 .text.HAL_Delay
                0x0000000008003050       0x48 ./Drivers/STM32F4xx_HAL_Driver/Src/stm32f4xx_hal.o
                0x0000000008003050                HAL_Delay
 .text.__NVIC_SetPriorityGrouping
                0x0000000008003098       0x48 ./Drivers/STM32F4xx_HAL_Driver/Src/stm32f4xx_hal_cortex.o
 .text.__NVIC_GetPriorityGrouping
                0x00000000080030e0       0x1c ./Drivers/STM32F4xx_HAL_Driver/Src/stm32f4xx_hal_cortex.o
 .text.__NVIC_EnableIRQ
                0x00000000080030fc       0x3c ./Drivers/STM32F4xx_HAL_Driver/Src/stm32f4xx_hal_cortex.o
 .text.__NVIC_SetPriority
                0x0000000008003138       0x54 ./Drivers/STM32F4xx_HAL_Driver/Src/stm32f4xx_hal_cortex.o
 .text.NVIC_EncodePriority
                0x000000000800318c       0x66 ./Drivers/STM32F4xx_HAL_Driver/Src/stm32f4xx_hal_cortex.o
 *fill*         0x00000000080031f2        0x2 
 .text.SysTick_Config
                0x00000000080031f4       0x44 ./Drivers/STM32F4xx_HAL_Driver/Src/stm32f4xx_hal_cortex.o
 .text.HAL_NVIC_SetPriorityGrouping
                0x0000000008003238       0x16 ./Drivers/STM32F4xx_HAL_Driver/Src/stm32f4xx_hal_cortex.o
                0x0000000008003238                HAL_NVIC_SetPriorityGrouping
 .text.HAL_NVIC_SetPriority
                0x000000000800324e       0x38 ./Drivers/STM32F4xx_HAL_Driver/Src/stm32f4xx_hal_cortex.o
                0x000000000800324e                HAL_NVIC_SetPriority
 .text.HAL_NVIC_EnableIRQ
                0x0000000008003286       0x1c ./Drivers/STM32F4xx_HAL_Driver/Src/stm32f4xx_hal_cortex.o
                0x0000000008003286                HAL_NVIC_EnableIRQ
 .text.HAL_SYSTICK_Config
                0x00000000080032a2       0x18 ./Drivers/STM32F4xx_HAL_Driver/Src/stm32f4xx_hal_cortex.o
                0x00000000080032a2                HAL_SYSTICK_Config
 *fill*         0x00000000080032ba        0x2 
 .text.HAL_GPIO_Init
                0x00000000080032bc      0x308 ./Drivers/STM32F4xx_HAL_Driver/Src/stm32f4xx_hal_gpio.o
                0x00000000080032bc                HAL_GPIO_Init
 .text.HAL_GPIO_WritePin
                0x00000000080035c4       0x32 ./Drivers/STM32F4xx_HAL_Driver/Src/stm32f4xx_hal_gpio.o
                0x00000000080035c4                HAL_GPIO_WritePin
 *fill*         0x00000000080035f6        0x2 
 .text.HAL_RCC_OscConfig
                0x00000000080035f8      0x4f0 ./Drivers/STM32F4xx_HAL_Driver/Src/stm32f4xx_hal_rcc.o
                0x00000000080035f8                HAL_RCC_OscConfig
 .text.HAL_RCC_ClockConfig
                0x0000000008003ae8      0x1cc ./Drivers/STM32F4xx_HAL_Driver/Src/stm32f4xx_hal_rcc.o
                0x0000000008003ae8                HAL_RCC_ClockConfig
 .text.HAL_RCC_GetSysClockFreq
                0x0000000008003cb4      0x18c ./Drivers/STM32F4xx_HAL_Driver/Src/stm32f4xx_hal_rcc.o
                0x0000000008003cb4                HAL_RCC_GetSysClockFreq
 .text.HAL_RCC_GetHCLKFreq
                0x0000000008003e40       0x18 ./Drivers/STM32F4xx_HAL_Driver/Src/stm32f4xx_hal_rcc.o
                0x0000000008003e40                HAL_RCC_GetHCLKFreq
 .text.HAL_RCC_GetPCLK1Freq
                0x0000000008003e58       0x28 ./Drivers/STM32F4xx_HAL_Driver/Src/stm32f4xx_hal_rcc.o
                0x0000000008003e58                HAL_RCC_GetPCLK1Freq
 .text.HAL_RCC_GetPCLK2Freq
                0x0000000008003e80       0x28 ./Drivers/STM32F4xx_HAL_Driver/Src/stm32f4xx_hal_rcc.o
                0x0000000008003e80                HAL_RCC_GetPCLK2Freq
 .text.HAL_RCCEx_PeriphCLKConfig
                0x0000000008003ea8      0x1dc ./Drivers/STM32F4xx_HAL_Driver/Src/stm32f4xx_hal_rcc_ex.o
                0x0000000008003ea8                HAL_RCCEx_PeriphCLKConfig
 .text.HAL_RTC_Init
                0x0000000008004084       0xec ./Drivers/STM32F4xx_HAL_Driver/Src/stm32f4xx_hal_rtc.o
                0x0000000008004084                HAL_RTC_Init
 .text.HAL_RTC_SetTime
                0x0000000008004170      0x134 ./Drivers/STM32F4xx_HAL_Driver/Src/stm32f4xx_hal_rtc.o
                0x0000000008004170                HAL_RTC_SetTime
 .text.HAL_RTC_GetTime
                0x00000000080042a4       0xbc ./Drivers/STM32F4xx_HAL_Driver/Src/stm32f4xx_hal_rtc.o
                0x00000000080042a4                HAL_RTC_GetTime
 .text.HAL_RTC_SetDate
                0x0000000008004360      0x108 ./Drivers/STM32F4xx_HAL_Driver/Src/stm32f4xx_hal_rtc.o
                0x0000000008004360                HAL_RTC_SetDate
 .text.HAL_RTC_GetDate
                0x0000000008004468       0x9e ./Drivers/STM32F4xx_HAL_Driver/Src/stm32f4xx_hal_rtc.o
                0x0000000008004468                HAL_RTC_GetDate
 .text.HAL_RTC_WaitForSynchro
                0x0000000008004506       0x50 ./Drivers/STM32F4xx_HAL_Driver/Src/stm32f4xx_hal_rtc.o
                0x0000000008004506                HAL_RTC_WaitForSynchro
 .text.RTC_EnterInitMode
                0x0000000008004556       0x6e ./Drivers/STM32F4xx_HAL_Driver/Src/stm32f4xx_hal_rtc.o
                0x0000000008004556                RTC_EnterInitMode
 .text.RTC_ExitInitMode
                0x00000000080045c4       0x4a ./Drivers/STM32F4xx_HAL_Driver/Src/stm32f4xx_hal_rtc.o
                0x00000000080045c4                RTC_ExitInitMode
 .text.RTC_ByteToBcd2
                0x000000000800460e       0x3a ./Drivers/STM32F4xx_HAL_Driver/Src/stm32f4xx_hal_rtc.o
                0x000000000800460e                RTC_ByteToBcd2
 .text.RTC_Bcd2ToByte
                0x0000000008004648       0x38 ./Drivers/STM32F4xx_HAL_Driver/Src/stm32f4xx_hal_rtc.o
                0x0000000008004648                RTC_Bcd2ToByte
 .text.HAL_SPI_Init
                0x0000000008004680      0x112 ./Drivers/STM32F4xx_HAL_Driver/Src/stm32f4xx_hal_spi.o
                0x0000000008004680                HAL_SPI_Init
 .text.HAL_SPI_Transmit
                0x0000000008004792      0x278 ./Drivers/STM32F4xx_HAL_Driver/Src/stm32f4xx_hal_spi.o
                0x0000000008004792                HAL_SPI_Transmit
 .text.HAL_SPI_Receive
                0x0000000008004a0a      0x222 ./Drivers/STM32F4xx_HAL_Driver/Src/stm32f4xx_hal_spi.o
                0x0000000008004a0a                HAL_SPI_Receive
 .text.HAL_SPI_TransmitReceive
                0x0000000008004c2c      0x344 ./Drivers/STM32F4xx_HAL_Driver/Src/stm32f4xx_hal_spi.o
                0x0000000008004c2c                HAL_SPI_TransmitReceive
 .text.SPI_WaitFlagStateUntilTimeout
                0x0000000008004f70      0x110 ./Drivers/STM32F4xx_HAL_Driver/Src/stm32f4xx_hal_spi.o
 .text.SPI_EndRxTransaction
                0x0000000008005080       0xca ./Drivers/STM32F4xx_HAL_Driver/Src/stm32f4xx_hal_spi.o
 *fill*         0x000000000800514a        0x2 
 .text.SPI_EndRxTxTransaction
                0x000000000800514c       0x84 ./Drivers/STM32F4xx_HAL_Driver/Src/stm32f4xx_hal_spi.o
 .text.HAL_TIM_Base_Init
                0x00000000080051d0       0x9e ./Drivers/STM32F4xx_HAL_Driver/Src/stm32f4xx_hal_tim.o
                0x00000000080051d0                HAL_TIM_Base_Init
 *fill*         0x000000000800526e        0x2 
 .text.HAL_TIM_Base_Start_IT
                0x0000000008005270       0xc4 ./Drivers/STM32F4xx_HAL_Driver/Src/stm32f4xx_hal_tim.o
                0x0000000008005270                HAL_TIM_Base_Start_IT
 .text.HAL_TIM_IRQHandler
                0x0000000008005334      0x210 ./Drivers/STM32F4xx_HAL_Driver/Src/stm32f4xx_hal_tim.o
                0x0000000008005334                HAL_TIM_IRQHandler
 .text.HAL_TIM_ConfigClockSource
                0x0000000008005544      0x18e ./Drivers/STM32F4xx_HAL_Driver/Src/stm32f4xx_hal_tim.o
                0x0000000008005544                HAL_TIM_ConfigClockSource
 .text.HAL_TIM_OC_DelayElapsedCallback
                0x00000000080056d2       0x14 ./Drivers/STM32F4xx_HAL_Driver/Src/stm32f4xx_hal_tim.o
                0x00000000080056d2                HAL_TIM_OC_DelayElapsedCallback
 .text.HAL_TIM_IC_CaptureCallback
                0x00000000080056e6       0x14 ./Drivers/STM32F4xx_HAL_Driver/Src/stm32f4xx_hal_tim.o
                0x00000000080056e6                HAL_TIM_IC_CaptureCallback
 .text.HAL_TIM_PWM_PulseFinishedCallback
                0x00000000080056fa       0x14 ./Drivers/STM32F4xx_HAL_Driver/Src/stm32f4xx_hal_tim.o
                0x00000000080056fa                HAL_TIM_PWM_PulseFinishedCallback
 .text.HAL_TIM_TriggerCallback
                0x000000000800570e       0x14 ./Drivers/STM32F4xx_HAL_Driver/Src/stm32f4xx_hal_tim.o
                0x000000000800570e                HAL_TIM_TriggerCallback
 *fill*         0x0000000008005722        0x2 
 .text.TIM_Base_SetConfig
                0x0000000008005724      0x100 ./Drivers/STM32F4xx_HAL_Driver/Src/stm32f4xx_hal_tim.o
                0x0000000008005724                TIM_Base_SetConfig
 .text.TIM_TI1_ConfigInputStage
                0x0000000008005824       0x5e ./Drivers/STM32F4xx_HAL_Driver/Src/stm32f4xx_hal_tim.o
 .text.TIM_TI2_ConfigInputStage
                0x0000000008005882       0x60 ./Drivers/STM32F4xx_HAL_Driver/Src/stm32f4xx_hal_tim.o
 .text.TIM_ITRx_SetConfig
                0x00000000080058e2       0x36 ./Drivers/STM32F4xx_HAL_Driver/Src/stm32f4xx_hal_tim.o
 .text.TIM_ETR_SetConfig
                0x0000000008005918       0x40 ./Drivers/STM32F4xx_HAL_Driver/Src/stm32f4xx_hal_tim.o
                0x0000000008005918                TIM_ETR_SetConfig
 .text.HAL_TIMEx_MasterConfigSynchronization
                0x0000000008005958       0xdc ./Drivers/STM32F4xx_HAL_Driver/Src/stm32f4xx_hal_tim_ex.o
                0x0000000008005958                HAL_TIMEx_MasterConfigSynchronization
 .text.HAL_TIMEx_CommutCallback
                0x0000000008005a34       0x14 ./Drivers/STM32F4xx_HAL_Driver/Src/stm32f4xx_hal_tim_ex.o
                0x0000000008005a34                HAL_TIMEx_CommutCallback
 .text.HAL_TIMEx_BreakCallback
                0x0000000008005a48       0x14 ./Drivers/STM32F4xx_HAL_Driver/Src/stm32f4xx_hal_tim_ex.o
                0x0000000008005a48                HAL_TIMEx_BreakCallback
 .text.HAL_UART_Init
                0x0000000008005a5c       0x9a ./Drivers/STM32F4xx_HAL_Driver/Src/stm32f4xx_hal_uart.o
                0x0000000008005a5c                HAL_UART_Init
 .text.HAL_UART_Transmit
                0x0000000008005af6      0x124 ./Drivers/STM32F4xx_HAL_Driver/Src/stm32f4xx_hal_uart.o
                0x0000000008005af6                HAL_UART_Transmit
 .text.UART_WaitOnFlagUntilTimeout
                0x0000000008005c1a       0xdc ./Drivers/STM32F4xx_HAL_Driver/Src/stm32f4xx_hal_uart.o
 *fill*         0x0000000008005cf6        0x2 
 .text.UART_SetConfig
                0x0000000008005cf8      0x4e8 ./Drivers/STM32F4xx_HAL_Driver/Src/stm32f4xx_hal_uart.o
 .text.MX_FATFS_Init
                0x00000000080061e0       0x24 ./FATFS/App/fatfs.o
                0x00000000080061e0                MX_FATFS_Init
 .text.get_fattime
                0x0000000008006204       0x10 ./FATFS/App/fatfs.o
                0x0000000008006204                get_fattime
 .text.USER_initialize
                0x0000000008006214       0x1c ./FATFS/Target/user_diskio.o
                0x0000000008006214                USER_initialize
 .text.USER_status
                0x0000000008006230       0x1c ./FATFS/Target/user_diskio.o
                0x0000000008006230                USER_status
 .text.USER_read
                0x000000000800624c       0x26 ./FATFS/Target/user_diskio.o
                0x000000000800624c                USER_read
 .text.USER_write
                0x0000000008006272       0x26 ./FATFS/Target/user_diskio.o
                0x0000000008006272                USER_write
 .text.USER_ioctl
                0x0000000008006298       0x26 ./FATFS/Target/user_diskio.o
                0x0000000008006298                USER_ioctl
 *fill*         0x00000000080062be        0x2 
 .text.disk_status
                0x00000000080062c0       0x34 ./Middlewares/Third_Party/FatFs/src/diskio.o
                0x00000000080062c0                disk_status
 .text.disk_initialize
                0x00000000080062f4       0x4c ./Middlewares/Third_Party/FatFs/src/diskio.o
                0x00000000080062f4                disk_initialize
 .text.disk_read
                0x0000000008006340       0x40 ./Middlewares/Third_Party/FatFs/src/diskio.o
                0x0000000008006340                disk_read
 .text.disk_write
                0x0000000008006380       0x40 ./Middlewares/Third_Party/FatFs/src/diskio.o
                0x0000000008006380                disk_write
 .text.disk_ioctl
                0x00000000080063c0       0x3c ./Middlewares/Third_Party/FatFs/src/diskio.o
                0x00000000080063c0                disk_ioctl
 .text.ld_word  0x00000000080063fc       0x30 ./Middlewares/Third_Party/FatFs/src/ff.o
 .text.ld_dword
                0x000000000800642c       0x46 ./Middlewares/Third_Party/FatFs/src/ff.o
 .text.st_word  0x0000000008006472       0x36 ./Middlewares/Third_Party/FatFs/src/ff.o
 .text.st_dword
                0x00000000080064a8       0x58 ./Middlewares/Third_Party/FatFs/src/ff.o
 .text.mem_cpy  0x0000000008006500       0x42 ./Middlewares/Third_Party/FatFs/src/ff.o
 .text.mem_set  0x0000000008006542       0x36 ./Middlewares/Third_Party/FatFs/src/ff.o
 .text.mem_cmp  0x0000000008006578       0x4e ./Middlewares/Third_Party/FatFs/src/ff.o
 .text.chk_chr  0x00000000080065c6       0x36 ./Middlewares/Third_Party/FatFs/src/ff.o
 .text.chk_lock
                0x00000000080065fc       0xb8 ./Middlewares/Third_Party/FatFs/src/ff.o
 .text.enq_lock
                0x00000000080066b4       0x44 ./Middlewares/Third_Party/FatFs/src/ff.o
 .text.inc_lock
                0x00000000080066f8      0x11c ./Middlewares/Third_Party/FatFs/src/ff.o
 .text.dec_lock
                0x0000000008006814       0x78 ./Middlewares/Third_Party/FatFs/src/ff.o
 .text.clear_lock
                0x000000000800688c       0x48 ./Middlewares/Third_Party/FatFs/src/ff.o
 .text.sync_window
                0x00000000080068d4       0x88 ./Middlewares/Third_Party/FatFs/src/ff.o
 .text.move_window
                0x000000000800695c       0x5a ./Middlewares/Third_Party/FatFs/src/ff.o
 *fill*         0x00000000080069b6        0x2 
 .text.sync_fs  0x00000000080069b8       0xe0 ./Middlewares/Third_Party/FatFs/src/ff.o
 .text.clust2sect
                0x0000000008006a98       0x3e ./Middlewares/Third_Party/FatFs/src/ff.o
 .text.get_fat  0x0000000008006ad6      0x1a8 ./Middlewares/Third_Party/FatFs/src/ff.o
 .text.put_fat  0x0000000008006c7e      0x238 ./Middlewares/Third_Party/FatFs/src/ff.o
 .text.remove_chain
                0x0000000008006eb6       0xca ./Middlewares/Third_Party/FatFs/src/ff.o
 .text.create_chain
                0x0000000008006f80      0x130 ./Middlewares/Third_Party/FatFs/src/ff.o
 .text.clmt_clust
                0x00000000080070b0       0x70 ./Middlewares/Third_Party/FatFs/src/ff.o
 .text.dir_sdi  0x0000000008007120      0x112 ./Middlewares/Third_Party/FatFs/src/ff.o
 .text.dir_next
                0x0000000008007232      0x1ac ./Middlewares/Third_Party/FatFs/src/ff.o
 .text.dir_alloc
                0x00000000080073de       0x8e ./Middlewares/Third_Party/FatFs/src/ff.o
 .text.ld_clust
                0x000000000800746c       0x3e ./Middlewares/Third_Party/FatFs/src/ff.o
 .text.st_clust
                0x00000000080074aa       0x40 ./Middlewares/Third_Party/FatFs/src/ff.o
 *fill*         0x00000000080074ea        0x2 
 .text.cmp_lfn  0x00000000080074ec       0xe0 ./Middlewares/Third_Party/FatFs/src/ff.o
 .text.pick_lfn
                0x00000000080075cc       0xc8 ./Middlewares/Third_Party/FatFs/src/ff.o
 .text.put_lfn  0x0000000008007694       0xd0 ./Middlewares/Third_Party/FatFs/src/ff.o
 .text.gen_numname
                0x0000000008007764      0x11c ./Middlewares/Third_Party/FatFs/src/ff.o
 .text.sum_sfn  0x0000000008007880       0x42 ./Middlewares/Third_Party/FatFs/src/ff.o
 .text.dir_read
                0x00000000080078c2      0x14e ./Middlewares/Third_Party/FatFs/src/ff.o
 .text.dir_find
                0x0000000008007a10      0x180 ./Middlewares/Third_Party/FatFs/src/ff.o
 .text.dir_register
                0x0000000008007b90      0x1f0 ./Middlewares/Third_Party/FatFs/src/ff.o
 .text.dir_remove
                0x0000000008007d80       0x94 ./Middlewares/Third_Party/FatFs/src/ff.o
 .text.get_fileinfo
                0x0000000008007e14      0x1ba ./Middlewares/Third_Party/FatFs/src/ff.o
 *fill*         0x0000000008007fce        0x2 
 .text.get_achar
                0x0000000008007fd0       0x4c ./Middlewares/Third_Party/FatFs/src/ff.o
 .text.pattern_matching
                0x000000000800801c       0xf6 ./Middlewares/Third_Party/FatFs/src/ff.o
 *fill*         0x0000000008008112        0x2 
 .text.create_name
                0x0000000008008114      0x370 ./Middlewares/Third_Party/FatFs/src/ff.o
 .text.follow_path
                0x0000000008008484       0xec ./Middlewares/Third_Party/FatFs/src/ff.o
 .text.get_ldnumber
                0x0000000008008570       0x88 ./Middlewares/Third_Party/FatFs/src/ff.o
 .text.check_fs
                0x00000000080085f8       0xac ./Middlewares/Third_Party/FatFs/src/ff.o
 .text.find_volume
                0x00000000080086a4      0x50c ./Middlewares/Third_Party/FatFs/src/ff.o
 .text.validate
                0x0000000008008bb0       0x6a ./Middlewares/Third_Party/FatFs/src/ff.o
 *fill*         0x0000000008008c1a        0x2 
 .text.f_mount  0x0000000008008c1c       0x8c ./Middlewares/Third_Party/FatFs/src/ff.o
                0x0000000008008c1c                f_mount
 .text.f_open   0x0000000008008ca8      0x398 ./Middlewares/Third_Party/FatFs/src/ff.o
                0x0000000008008ca8                f_open
 .text.f_read   0x0000000008009040      0x2be ./Middlewares/Third_Party/FatFs/src/ff.o
                0x0000000008009040                f_read
 .text.f_write  0x00000000080092fe      0x328 ./Middlewares/Third_Party/FatFs/src/ff.o
                0x00000000080092fe                f_write
 .text.f_sync   0x0000000008009626       0xfc ./Middlewares/Third_Party/FatFs/src/ff.o
                0x0000000008009626                f_sync
 .text.f_close  0x0000000008009722       0x54 ./Middlewares/Third_Party/FatFs/src/ff.o
                0x0000000008009722                f_close
 .text.f_opendir
                0x0000000008009776       0xe6 ./Middlewares/Third_Party/FatFs/src/ff.o
                0x0000000008009776                f_opendir
 .text.f_readdir
                0x000000000800985c       0x7a ./Middlewares/Third_Party/FatFs/src/ff.o
                0x000000000800985c                f_readdir
 .text.f_findnext
                0x00000000080098d6       0x50 ./Middlewares/Third_Party/FatFs/src/ff.o
                0x00000000080098d6                f_findnext
 .text.f_findfirst
                0x0000000008009926       0x3c ./Middlewares/Third_Party/FatFs/src/ff.o
                0x0000000008009926                f_findfirst
 .text.f_unlink
                0x0000000008009962      0x160 ./Middlewares/Third_Party/FatFs/src/ff.o
                0x0000000008009962                f_unlink
 .text.f_mkdir  0x0000000008009ac2      0x21a ./Middlewares/Third_Party/FatFs/src/ff.o
                0x0000000008009ac2                f_mkdir
 .text.f_gets   0x0000000008009cdc       0x7a ./Middlewares/Third_Party/FatFs/src/ff.o
                0x0000000008009cdc                f_gets
 .text.putc_bfd
                0x0000000008009d56       0x7a ./Middlewares/Third_Party/FatFs/src/ff.o
 .text.putc_flush
                0x0000000008009dd0       0x4a ./Middlewares/Third_Party/FatFs/src/ff.o
 .text.putc_init
                0x0000000008009e1a       0x2a ./Middlewares/Third_Party/FatFs/src/ff.o
 .text.f_puts   0x0000000008009e44       0x48 ./Middlewares/Third_Party/FatFs/src/ff.o
                0x0000000008009e44                f_puts
 .text.FATFS_LinkDriverEx
                0x0000000008009e8c       0x98 ./Middlewares/Third_Party/FatFs/src/ff_gen_drv.o
                0x0000000008009e8c                FATFS_LinkDriverEx
 .text.FATFS_LinkDriver
                0x0000000008009f24       0x1e ./Middlewares/Third_Party/FatFs/src/ff_gen_drv.o
                0x0000000008009f24                FATFS_LinkDriver
 *fill*         0x0000000008009f42        0x2 
 .text.ff_convert
                0x0000000008009f44       0x78 ./Middlewares/Third_Party/FatFs/src/option/ccsbcs.o
                0x0000000008009f44                ff_convert
 .text.ff_wtoupper
                0x0000000008009fbc      0x114 ./Middlewares/Third_Party/FatFs/src/option/ccsbcs.o
                0x0000000008009fbc                ff_wtoupper
 .text.WIZCHIP_READ
                0x000000000800a0d0       0x98 ./ioLibrary_Driver2/Ethernet/W5500/w5500.o
                0x000000000800a0d0                WIZCHIP_READ
 .text.WIZCHIP_WRITE
                0x000000000800a168       0x9c ./ioLibrary_Driver2/Ethernet/W5500/w5500.o
                0x000000000800a168                WIZCHIP_WRITE
 .text.WIZCHIP_READ_BUF
                0x000000000800a204       0xc0 ./ioLibrary_Driver2/Ethernet/W5500/w5500.o
                0x000000000800a204                WIZCHIP_READ_BUF
 .text.WIZCHIP_WRITE_BUF
                0x000000000800a2c4       0xc0 ./ioLibrary_Driver2/Ethernet/W5500/w5500.o
                0x000000000800a2c4                WIZCHIP_WRITE_BUF
 .text.getSn_TX_FSR
                0x000000000800a384       0x96 ./ioLibrary_Driver2/Ethernet/W5500/w5500.o
                0x000000000800a384                getSn_TX_FSR
 .text.getSn_RX_RSR
                0x000000000800a41a       0x96 ./ioLibrary_Driver2/Ethernet/W5500/w5500.o
                0x000000000800a41a                getSn_RX_RSR
 .text.wiz_send_data
                0x000000000800a4b0       0xb8 ./ioLibrary_Driver2/Ethernet/W5500/w5500.o
                0x000000000800a4b0                wiz_send_data
 .text.wiz_recv_data
                0x000000000800a568       0xb8 ./ioLibrary_Driver2/Ethernet/W5500/w5500.o
                0x000000000800a568                wiz_recv_data
 .text.wiz_recv_ignore
                0x000000000800a620       0x90 ./ioLibrary_Driver2/Ethernet/W5500/w5500.o
                0x000000000800a620                wiz_recv_ignore
 .text.socket   0x000000000800a6b0      0x22c ./ioLibrary_Driver2/Ethernet/socket.o
                0x000000000800a6b0                socket
 .text.close    0x000000000800a8dc       0xdc ./ioLibrary_Driver2/Ethernet/socket.o
                0x000000000800a8dc                close
 .text.connect  0x000000000800a9b8      0x1b8 ./ioLibrary_Driver2/Ethernet/socket.o
                0x000000000800a9b8                connect
 .text.disconnect
                0x000000000800ab70       0xec ./ioLibrary_Driver2/Ethernet/socket.o
                0x000000000800ab70                disconnect
 .text.send     0x000000000800ac5c      0x1f4 ./ioLibrary_Driver2/Ethernet/socket.o
                0x000000000800ac5c                send
 .text.recv     0x000000000800ae50      0x16c ./ioLibrary_Driver2/Ethernet/socket.o
                0x000000000800ae50                recv
 .text.sendto   0x000000000800afbc      0x26c ./ioLibrary_Driver2/Ethernet/socket.o
                0x000000000800afbc                sendto
 .text.recvfrom
                0x000000000800b228      0x3dc ./ioLibrary_Driver2/Ethernet/socket.o
                0x000000000800b228                recvfrom
 .text.wizchip_cris_enter
                0x000000000800b604        0xe ./ioLibrary_Driver2/Ethernet/wizchip_conf.o
                0x000000000800b604                wizchip_cris_enter
 .text.wizchip_cris_exit
                0x000000000800b612        0xe ./ioLibrary_Driver2/Ethernet/wizchip_conf.o
                0x000000000800b612                wizchip_cris_exit
 .text.wizchip_cs_select
                0x000000000800b620        0xe ./ioLibrary_Driver2/Ethernet/wizchip_conf.o
                0x000000000800b620                wizchip_cs_select
 .text.wizchip_cs_deselect
                0x000000000800b62e        0xe ./ioLibrary_Driver2/Ethernet/wizchip_conf.o
                0x000000000800b62e                wizchip_cs_deselect
 .text.wizchip_bus_readdata
                0x000000000800b63c       0x1a ./ioLibrary_Driver2/Ethernet/wizchip_conf.o
                0x000000000800b63c                wizchip_bus_readdata
 .text.wizchip_bus_writedata
                0x000000000800b656       0x1e ./ioLibrary_Driver2/Ethernet/wizchip_conf.o
                0x000000000800b656                wizchip_bus_writedata
 .text.wizchip_spi_readbyte
                0x000000000800b674       0x10 ./ioLibrary_Driver2/Ethernet/wizchip_conf.o
                0x000000000800b674                wizchip_spi_readbyte
 .text.wizchip_spi_writebyte
                0x000000000800b684       0x16 ./ioLibrary_Driver2/Ethernet/wizchip_conf.o
                0x000000000800b684                wizchip_spi_writebyte
 *fill*         0x000000000800b69a        0x2 
 .text.reg_wizchip_cs_cbfunc
                0x000000000800b69c       0x4c ./ioLibrary_Driver2/Ethernet/wizchip_conf.o
                0x000000000800b69c                reg_wizchip_cs_cbfunc
 .text.reg_wizchip_spi_cbfunc
                0x000000000800b6e8       0x58 ./ioLibrary_Driver2/Ethernet/wizchip_conf.o
                0x000000000800b6e8                reg_wizchip_spi_cbfunc
 .text.wizchip_sw_reset
                0x000000000800b740       0x98 ./ioLibrary_Driver2/Ethernet/wizchip_conf.o
                0x000000000800b740                wizchip_sw_reset
 .text.wizchip_init
                0x000000000800b7d8      0x118 ./ioLibrary_Driver2/Ethernet/wizchip_conf.o
                0x000000000800b7d8                wizchip_init
 .text.wizchip_setnetinfo
                0x000000000800b8f0       0x80 ./ioLibrary_Driver2/Ethernet/wizchip_conf.o
                0x000000000800b8f0                wizchip_setnetinfo
 .text.wizchip_settimeout
                0x000000000800b970       0x42 ./ioLibrary_Driver2/Ethernet/wizchip_conf.o
                0x000000000800b970                wizchip_settimeout
 .text.NewMessageData
                0x000000000800b9b2       0x24 ./ioLibrary_Driver2/Internet/MQTT/MQTTClient.o
 .text.getNextPacketId
                0x000000000800b9d6       0x32 ./ioLibrary_Driver2/Internet/MQTT/MQTTClient.o
 .text.sendPacket
                0x000000000800ba08       0x92 ./ioLibrary_Driver2/Internet/MQTT/MQTTClient.o
 .text.MQTTClientInit
                0x000000000800ba9a       0x7c ./ioLibrary_Driver2/Internet/MQTT/MQTTClient.o
                0x000000000800ba9a                MQTTClientInit
 .text.decodePacket
                0x000000000800bb16       0x88 ./ioLibrary_Driver2/Internet/MQTT/MQTTClient.o
 .text.readPacket
                0x000000000800bb9e       0xc8 ./ioLibrary_Driver2/Internet/MQTT/MQTTClient.o
 .text.isTopicMatched
                0x000000000800bc66       0xd2 ./ioLibrary_Driver2/Internet/MQTT/MQTTClient.o
 .text.deliverMessage
                0x000000000800bd38       0xd6 ./ioLibrary_Driver2/Internet/MQTT/MQTTClient.o
                0x000000000800bd38                deliverMessage
 .text.keepalive
                0x000000000800be0e       0x8e ./ioLibrary_Driver2/Internet/MQTT/MQTTClient.o
                0x000000000800be0e                keepalive
 .text.cycle    0x000000000800be9c      0x1c8 ./ioLibrary_Driver2/Internet/MQTT/MQTTClient.o
                0x000000000800be9c                cycle
 .text.MQTTYield
                0x000000000800c064       0x4a ./ioLibrary_Driver2/Internet/MQTT/MQTTClient.o
                0x000000000800c064                MQTTYield
 .text.waitfor  0x000000000800c0ae       0x3e ./ioLibrary_Driver2/Internet/MQTT/MQTTClient.o
                0x000000000800c0ae                waitfor
 .text.MQTTConnect
                0x000000000800c0ec      0x10c ./ioLibrary_Driver2/Internet/MQTT/MQTTClient.o
                0x000000000800c0ec                MQTTConnect
 .text.MQTTPublish
                0x000000000800c1f8      0x17e ./ioLibrary_Driver2/Internet/MQTT/MQTTClient.o
                0x000000000800c1f8                MQTTPublish
 .text.TimerInit
                0x000000000800c376       0x1a ./ioLibrary_Driver2/Internet/MQTT/mqtt_interface.o
                0x000000000800c376                TimerInit
 .text.TimerIsExpired
                0x000000000800c390       0x2c ./ioLibrary_Driver2/Internet/MQTT/mqtt_interface.o
                0x000000000800c390                TimerIsExpired
 .text.TimerCountdownMS
                0x000000000800c3bc       0x28 ./ioLibrary_Driver2/Internet/MQTT/mqtt_interface.o
                0x000000000800c3bc                TimerCountdownMS
 .text.TimerCountdown
                0x000000000800c3e4       0x30 ./ioLibrary_Driver2/Internet/MQTT/mqtt_interface.o
                0x000000000800c3e4                TimerCountdown
 .text.TimerLeftMS
                0x000000000800c414       0x2c ./ioLibrary_Driver2/Internet/MQTT/mqtt_interface.o
                0x000000000800c414                TimerLeftMS
 .text.NewNetwork
                0x000000000800c440       0x3c ./ioLibrary_Driver2/Internet/MQTT/mqtt_interface.o
                0x000000000800c440                NewNetwork
 .text.w5x00_read
                0x000000000800c47c       0x5a ./ioLibrary_Driver2/Internet/MQTT/mqtt_interface.o
                0x000000000800c47c                w5x00_read
 .text.w5x00_write
                0x000000000800c4d6       0x48 ./ioLibrary_Driver2/Internet/MQTT/mqtt_interface.o
                0x000000000800c4d6                w5x00_write
 .text.w5x00_disconnect
                0x000000000800c51e       0x1c ./ioLibrary_Driver2/Internet/MQTT/mqtt_interface.o
                0x000000000800c51e                w5x00_disconnect
 .text.ConnectNetwork
                0x000000000800c53a       0x58 ./ioLibrary_Driver2/Internet/MQTT/mqtt_interface.o
                0x000000000800c53a                ConnectNetwork
 .text.MQTTSerialize_connectLength
                0x000000000800c592       0xc2 ./ioLibrary_Driver2/Internet/MQTT/MQTTPacket/src/MQTTConnectClient.o
                0x000000000800c592                MQTTSerialize_connectLength
 .text.MQTTSerialize_connect
                0x000000000800c654      0x1d8 ./ioLibrary_Driver2/Internet/MQTT/MQTTPacket/src/MQTTConnectClient.o
                0x000000000800c654                MQTTSerialize_connect
 .text.MQTTDeserialize_connack
                0x000000000800c82c       0xaa ./ioLibrary_Driver2/Internet/MQTT/MQTTPacket/src/MQTTConnectClient.o
                0x000000000800c82c                MQTTDeserialize_connack
 .text.MQTTSerialize_zero
                0x000000000800c8d6       0x70 ./ioLibrary_Driver2/Internet/MQTT/MQTTPacket/src/MQTTConnectClient.o
                0x000000000800c8d6                MQTTSerialize_zero
 .text.MQTTSerialize_pingreq
                0x000000000800c946       0x1e ./ioLibrary_Driver2/Internet/MQTT/MQTTPacket/src/MQTTConnectClient.o
                0x000000000800c946                MQTTSerialize_pingreq
 .text.MQTTDeserialize_publish
                0x000000000800c964       0xe4 ./ioLibrary_Driver2/Internet/MQTT/MQTTPacket/src/MQTTDeserializePublish.o
                0x000000000800c964                MQTTDeserialize_publish
 .text.MQTTDeserialize_ack
                0x000000000800ca48       0x96 ./ioLibrary_Driver2/Internet/MQTT/MQTTPacket/src/MQTTDeserializePublish.o
                0x000000000800ca48                MQTTDeserialize_ack
 .text.MQTTPacket_encode
                0x000000000800cade       0x5e ./ioLibrary_Driver2/Internet/MQTT/MQTTPacket/src/MQTTPacket.o
                0x000000000800cade                MQTTPacket_encode
 .text.MQTTPacket_decode
                0x000000000800cb3c       0x78 ./ioLibrary_Driver2/Internet/MQTT/MQTTPacket/src/MQTTPacket.o
                0x000000000800cb3c                MQTTPacket_decode
 .text.MQTTPacket_len
                0x000000000800cbb4       0x54 ./ioLibrary_Driver2/Internet/MQTT/MQTTPacket/src/MQTTPacket.o
                0x000000000800cbb4                MQTTPacket_len
 .text.bufchar  0x000000000800cc08       0x40 ./ioLibrary_Driver2/Internet/MQTT/MQTTPacket/src/MQTTPacket.o
                0x000000000800cc08                bufchar
 .text.MQTTPacket_decodeBuf
                0x000000000800cc48       0x2c ./ioLibrary_Driver2/Internet/MQTT/MQTTPacket/src/MQTTPacket.o
                0x000000000800cc48                MQTTPacket_decodeBuf
 .text.readInt  0x000000000800cc74       0x36 ./ioLibrary_Driver2/Internet/MQTT/MQTTPacket/src/MQTTPacket.o
                0x000000000800cc74                readInt
 .text.readChar
                0x000000000800ccaa       0x28 ./ioLibrary_Driver2/Internet/MQTT/MQTTPacket/src/MQTTPacket.o
                0x000000000800ccaa                readChar
 .text.writeChar
                0x000000000800ccd2       0x2a ./ioLibrary_Driver2/Internet/MQTT/MQTTPacket/src/MQTTPacket.o
                0x000000000800ccd2                writeChar
 .text.writeInt
                0x000000000800ccfc       0x52 ./ioLibrary_Driver2/Internet/MQTT/MQTTPacket/src/MQTTPacket.o
                0x000000000800ccfc                writeInt
 .text.writeCString
                0x000000000800cd4e       0x3e ./ioLibrary_Driver2/Internet/MQTT/MQTTPacket/src/MQTTPacket.o
                0x000000000800cd4e                writeCString
 .text.writeMQTTString
                0x000000000800cd8c       0x5c ./ioLibrary_Driver2/Internet/MQTT/MQTTPacket/src/MQTTPacket.o
                0x000000000800cd8c                writeMQTTString
 .text.readMQTTLenString
                0x000000000800cde8       0x62 ./ioLibrary_Driver2/Internet/MQTT/MQTTPacket/src/MQTTPacket.o
                0x000000000800cde8                readMQTTLenString
 .text.MQTTstrlen
                0x000000000800ce4a       0x32 ./ioLibrary_Driver2/Internet/MQTT/MQTTPacket/src/MQTTPacket.o
                0x000000000800ce4a                MQTTstrlen
 .text.MQTTPacket_equals
                0x000000000800ce7c       0x6e ./ioLibrary_Driver2/Internet/MQTT/MQTTPacket/src/MQTTPacket.o
                0x000000000800ce7c                MQTTPacket_equals
 .text.MQTTSerialize_publishLength
                0x000000000800ceea       0x40 ./ioLibrary_Driver2/Internet/MQTT/MQTTPacket/src/MQTTSerializePublish.o
                0x000000000800ceea                MQTTSerialize_publishLength
 .text.MQTTSerialize_publish
                0x000000000800cf2a       0xec ./ioLibrary_Driver2/Internet/MQTT/MQTTPacket/src/MQTTSerializePublish.o
                0x000000000800cf2a                MQTTSerialize_publish
 .text.MQTTSerialize_ack
                0x000000000800d016       0xaa ./ioLibrary_Driver2/Internet/MQTT/MQTTPacket/src/MQTTSerializePublish.o
                0x000000000800d016                MQTTSerialize_ack
 .text.get_seconds_from_ntp_server
                0x000000000800d0c0      0x5ec ./ioLibrary_Driver2/Internet/SNTP/sntp.o
                0x000000000800d0c0                get_seconds_from_ntp_server
 .text.SNTP_init
                0x000000000800d6ac       0xf8 ./ioLibrary_Driver2/Internet/SNTP/sntp.o
                0x000000000800d6ac                SNTP_init
 .text.SNTP_run
                0x000000000800d7a4      0x17c ./ioLibrary_Driver2/Internet/SNTP/sntp.o
                0x000000000800d7a4                SNTP_run
 .text.calcdatetime
                0x000000000800d920      0x448 ./ioLibrary_Driver2/Internet/SNTP/sntp.o
                0x000000000800d920                calcdatetime
 .text.__errno  0x000000000800dd68        0xc c:/st/stm32cubeide_1.8.0/stm32cubeide/plugins/com.st.stm32cube.ide.mcu.externaltools.gnu-tools-for-stm32.10.3-2021.10.win32_1.0.0.202111181127/tools/bin/../lib/gcc/arm-none-eabi/10.3.1/../../../../arm-none-eabi/lib/thumb/v7e-m+fp/hard\libc_nano.a(lib_a-errno.o)
                0x000000000800dd68                __errno
 .text.__libc_init_array
                0x000000000800dd74       0x48 c:/st/stm32cubeide_1.8.0/stm32cubeide/plugins/com.st.stm32cube.ide.mcu.externaltools.gnu-tools-for-stm32.10.3-2021.10.win32_1.0.0.202111181127/tools/bin/../lib/gcc/arm-none-eabi/10.3.1/../../../../arm-none-eabi/lib/thumb/v7e-m+fp/hard\libc_nano.a(lib_a-init.o)
                0x000000000800dd74                __libc_init_array
 .text.malloc   0x000000000800ddbc       0x10 c:/st/stm32cubeide_1.8.0/stm32cubeide/plugins/com.st.stm32cube.ide.mcu.externaltools.gnu-tools-for-stm32.10.3-2021.10.win32_1.0.0.202111181127/tools/bin/../lib/gcc/arm-none-eabi/10.3.1/../../../../arm-none-eabi/lib/thumb/v7e-m+fp/hard\libc_nano.a(lib_a-malloc.o)
                0x000000000800ddbc                malloc
 .text.free     0x000000000800ddcc       0x10 c:/st/stm32cubeide_1.8.0/stm32cubeide/plugins/com.st.stm32cube.ide.mcu.externaltools.gnu-tools-for-stm32.10.3-2021.10.win32_1.0.0.202111181127/tools/bin/../lib/gcc/arm-none-eabi/10.3.1/../../../../arm-none-eabi/lib/thumb/v7e-m+fp/hard\libc_nano.a(lib_a-malloc.o)
                0x000000000800ddcc                free
 .text.memcpy   0x000000000800dddc       0x1c c:/st/stm32cubeide_1.8.0/stm32cubeide/plugins/com.st.stm32cube.ide.mcu.externaltools.gnu-tools-for-stm32.10.3-2021.10.win32_1.0.0.202111181127/tools/bin/../lib/gcc/arm-none-eabi/10.3.1/../../../../arm-none-eabi/lib/thumb/v7e-m+fp/hard\libc_nano.a(lib_a-memcpy-stub.o)
                0x000000000800dddc                memcpy
 .text.memset   0x000000000800ddf8       0x10 c:/st/stm32cubeide_1.8.0/stm32cubeide/plugins/com.st.stm32cube.ide.mcu.externaltools.gnu-tools-for-stm32.10.3-2021.10.win32_1.0.0.202111181127/tools/bin/../lib/gcc/arm-none-eabi/10.3.1/../../../../arm-none-eabi/lib/thumb/v7e-m+fp/hard\libc_nano.a(lib_a-memset.o)
                0x000000000800ddf8                memset
 .text._free_r  0x000000000800de08       0x98 c:/st/stm32cubeide_1.8.0/stm32cubeide/plugins/com.st.stm32cube.ide.mcu.externaltools.gnu-tools-for-stm32.10.3-2021.10.win32_1.0.0.202111181127/tools/bin/../lib/gcc/arm-none-eabi/10.3.1/../../../../arm-none-eabi/lib/thumb/v7e-m+fp/hard\libc_nano.a(lib_a-nano-freer.o)
                0x000000000800de08                _free_r
 .text.sbrk_aligned
                0x000000000800dea0       0x40 c:/st/stm32cubeide_1.8.0/stm32cubeide/plugins/com.st.stm32cube.ide.mcu.externaltools.gnu-tools-for-stm32.10.3-2021.10.win32_1.0.0.202111181127/tools/bin/../lib/gcc/arm-none-eabi/10.3.1/../../../../arm-none-eabi/lib/thumb/v7e-m+fp/hard\libc_nano.a(lib_a-nano-mallocr.o)
 .text._malloc_r
                0x000000000800dee0       0xe8 c:/st/stm32cubeide_1.8.0/stm32cubeide/plugins/com.st.stm32cube.ide.mcu.externaltools.gnu-tools-for-stm32.10.3-2021.10.win32_1.0.0.202111181127/tools/bin/../lib/gcc/arm-none-eabi/10.3.1/../../../../arm-none-eabi/lib/thumb/v7e-m+fp/hard\libc_nano.a(lib_a-nano-mallocr.o)
                0x000000000800dee0                _malloc_r
 .text.printf   0x000000000800dfc8       0x30 c:/st/stm32cubeide_1.8.0/stm32cubeide/plugins/com.st.stm32cube.ide.mcu.externaltools.gnu-tools-for-stm32.10.3-2021.10.win32_1.0.0.202111181127/tools/bin/../lib/gcc/arm-none-eabi/10.3.1/../../../../arm-none-eabi/lib/thumb/v7e-m+fp/hard\libc_nano.a(lib_a-printf.o)
                0x000000000800dfc8                iprintf
                0x000000000800dfc8                printf
 .text._puts_r  0x000000000800dff8       0xdc c:/st/stm32cubeide_1.8.0/stm32cubeide/plugins/com.st.stm32cube.ide.mcu.externaltools.gnu-tools-for-stm32.10.3-2021.10.win32_1.0.0.202111181127/tools/bin/../lib/gcc/arm-none-eabi/10.3.1/../../../../arm-none-eabi/lib/thumb/v7e-m+fp/hard\libc_nano.a(lib_a-puts.o)
                0x000000000800dff8                _puts_r
 .text.puts     0x000000000800e0d4       0x10 c:/st/stm32cubeide_1.8.0/stm32cubeide/plugins/com.st.stm32cube.ide.mcu.externaltools.gnu-tools-for-stm32.10.3-2021.10.win32_1.0.0.202111181127/tools/bin/../lib/gcc/arm-none-eabi/10.3.1/../../../../arm-none-eabi/lib/thumb/v7e-m+fp/hard\libc_nano.a(lib_a-puts.o)
                0x000000000800e0d4                puts
 .text._sbrk_r  0x000000000800e0e4       0x20 c:/st/stm32cubeide_1.8.0/stm32cubeide/plugins/com.st.stm32cube.ide.mcu.externaltools.gnu-tools-for-stm32.10.3-2021.10.win32_1.0.0.202111181127/tools/bin/../lib/gcc/arm-none-eabi/10.3.1/../../../../arm-none-eabi/lib/thumb/v7e-m+fp/hard\libc_nano.a(lib_a-sbrkr.o)
                0x000000000800e0e4                _sbrk_r
 .text.sprintf  0x000000000800e104       0x40 c:/st/stm32cubeide_1.8.0/stm32cubeide/plugins/com.st.stm32cube.ide.mcu.externaltools.gnu-tools-for-stm32.10.3-2021.10.win32_1.0.0.202111181127/tools/bin/../lib/gcc/arm-none-eabi/10.3.1/../../../../arm-none-eabi/lib/thumb/v7e-m+fp/hard\libc_nano.a(lib_a-sprintf.o)
                0x000000000800e104                siprintf
                0x000000000800e104                sprintf
 .text.strcpy   0x000000000800e144       0x10 c:/st/stm32cubeide_1.8.0/stm32cubeide/plugins/com.st.stm32cube.ide.mcu.externaltools.gnu-tools-for-stm32.10.3-2021.10.win32_1.0.0.202111181127/tools/bin/../lib/gcc/arm-none-eabi/10.3.1/../../../../arm-none-eabi/lib/thumb/v7e-m+fp/hard\libc_nano.a(lib_a-strcpy.o)
                0x000000000800e144                strcpy
 .text.strncmp  0x000000000800e154       0x28 c:/st/stm32cubeide_1.8.0/stm32cubeide/plugins/com.st.stm32cube.ide.mcu.externaltools.gnu-tools-for-stm32.10.3-2021.10.win32_1.0.0.202111181127/tools/bin/../lib/gcc/arm-none-eabi/10.3.1/../../../../arm-none-eabi/lib/thumb/v7e-m+fp/hard\libc_nano.a(lib_a-strncmp.o)
                0x000000000800e154                strncmp
 .text.__swbuf_r
                0x000000000800e17c       0xa4 c:/st/stm32cubeide_1.8.0/stm32cubeide/plugins/com.st.stm32cube.ide.mcu.externaltools.gnu-tools-for-stm32.10.3-2021.10.win32_1.0.0.202111181127/tools/bin/../lib/gcc/arm-none-eabi/10.3.1/../../../../arm-none-eabi/lib/thumb/v7e-m+fp/hard\libc_nano.a(lib_a-wbuf.o)
                0x000000000800e17c                __swbuf_r
 .text.__swsetup_r
                0x000000000800e220       0xdc c:/st/stm32cubeide_1.8.0/stm32cubeide/plugins/com.st.stm32cube.ide.mcu.externaltools.gnu-tools-for-stm32.10.3-2021.10.win32_1.0.0.202111181127/tools/bin/../lib/gcc/arm-none-eabi/10.3.1/../../../../arm-none-eabi/lib/thumb/v7e-m+fp/hard\libc_nano.a(lib_a-wsetup.o)
                0x000000000800e220                __swsetup_r
 .text.__sflush_r
                0x000000000800e2fc      0x10c c:/st/stm32cubeide_1.8.0/stm32cubeide/plugins/com.st.stm32cube.ide.mcu.externaltools.gnu-tools-for-stm32.10.3-2021.10.win32_1.0.0.202111181127/tools/bin/../lib/gcc/arm-none-eabi/10.3.1/../../../../arm-none-eabi/lib/thumb/v7e-m+fp/hard\libc_nano.a(lib_a-fflush.o)
                0x000000000800e2fc                __sflush_r
 .text._fflush_r
                0x000000000800e408       0x78 c:/st/stm32cubeide_1.8.0/stm32cubeide/plugins/com.st.stm32cube.ide.mcu.externaltools.gnu-tools-for-stm32.10.3-2021.10.win32_1.0.0.202111181127/tools/bin/../lib/gcc/arm-none-eabi/10.3.1/../../../../arm-none-eabi/lib/thumb/v7e-m+fp/hard\libc_nano.a(lib_a-fflush.o)
                0x000000000800e408                _fflush_r
 .text.std      0x000000000800e480       0x48 c:/st/stm32cubeide_1.8.0/stm32cubeide/plugins/com.st.stm32cube.ide.mcu.externaltools.gnu-tools-for-stm32.10.3-2021.10.win32_1.0.0.202111181127/tools/bin/../lib/gcc/arm-none-eabi/10.3.1/../../../../arm-none-eabi/lib/thumb/v7e-m+fp/hard\libc_nano.a(lib_a-findfp.o)
 .text._cleanup_r
                0x000000000800e4c8        0xc c:/st/stm32cubeide_1.8.0/stm32cubeide/plugins/com.st.stm32cube.ide.mcu.externaltools.gnu-tools-for-stm32.10.3-2021.10.win32_1.0.0.202111181127/tools/bin/../lib/gcc/arm-none-eabi/10.3.1/../../../../arm-none-eabi/lib/thumb/v7e-m+fp/hard\libc_nano.a(lib_a-findfp.o)
                0x000000000800e4c8                _cleanup_r
 .text.__sfmoreglue
                0x000000000800e4d4       0x2c c:/st/stm32cubeide_1.8.0/stm32cubeide/plugins/com.st.stm32cube.ide.mcu.externaltools.gnu-tools-for-stm32.10.3-2021.10.win32_1.0.0.202111181127/tools/bin/../lib/gcc/arm-none-eabi/10.3.1/../../../../arm-none-eabi/lib/thumb/v7e-m+fp/hard\libc_nano.a(lib_a-findfp.o)
                0x000000000800e4d4                __sfmoreglue
 .text.__sfp_lock_acquire
                0x000000000800e500        0xc c:/st/stm32cubeide_1.8.0/stm32cubeide/plugins/com.st.stm32cube.ide.mcu.externaltools.gnu-tools-for-stm32.10.3-2021.10.win32_1.0.0.202111181127/tools/bin/../lib/gcc/arm-none-eabi/10.3.1/../../../../arm-none-eabi/lib/thumb/v7e-m+fp/hard\libc_nano.a(lib_a-findfp.o)
                0x000000000800e500                __sfp_lock_acquire
 .text.__sfp_lock_release
                0x000000000800e50c        0xc c:/st/stm32cubeide_1.8.0/stm32cubeide/plugins/com.st.stm32cube.ide.mcu.externaltools.gnu-tools-for-stm32.10.3-2021.10.win32_1.0.0.202111181127/tools/bin/../lib/gcc/arm-none-eabi/10.3.1/../../../../arm-none-eabi/lib/thumb/v7e-m+fp/hard\libc_nano.a(lib_a-findfp.o)
                0x000000000800e50c                __sfp_lock_release
 .text.__sinit_lock_acquire
                0x000000000800e518        0xc c:/st/stm32cubeide_1.8.0/stm32cubeide/plugins/com.st.stm32cube.ide.mcu.externaltools.gnu-tools-for-stm32.10.3-2021.10.win32_1.0.0.202111181127/tools/bin/../lib/gcc/arm-none-eabi/10.3.1/../../../../arm-none-eabi/lib/thumb/v7e-m+fp/hard\libc_nano.a(lib_a-findfp.o)
                0x000000000800e518                __sinit_lock_acquire
 .text.__sinit_lock_release
                0x000000000800e524        0xc c:/st/stm32cubeide_1.8.0/stm32cubeide/plugins/com.st.stm32cube.ide.mcu.externaltools.gnu-tools-for-stm32.10.3-2021.10.win32_1.0.0.202111181127/tools/bin/../lib/gcc/arm-none-eabi/10.3.1/../../../../arm-none-eabi/lib/thumb/v7e-m+fp/hard\libc_nano.a(lib_a-findfp.o)
                0x000000000800e524                __sinit_lock_release
 .text.__sinit  0x000000000800e530       0x70 c:/st/stm32cubeide_1.8.0/stm32cubeide/plugins/com.st.stm32cube.ide.mcu.externaltools.gnu-tools-for-stm32.10.3-2021.10.win32_1.0.0.202111181127/tools/bin/../lib/gcc/arm-none-eabi/10.3.1/../../../../arm-none-eabi/lib/thumb/v7e-m+fp/hard\libc_nano.a(lib_a-findfp.o)
                0x000000000800e530                __sinit
 .text.__sfp    0x000000000800e5a0       0x8c c:/st/stm32cubeide_1.8.0/stm32cubeide/plugins/com.st.stm32cube.ide.mcu.externaltools.gnu-tools-for-stm32.10.3-2021.10.win32_1.0.0.202111181127/tools/bin/../lib/gcc/arm-none-eabi/10.3.1/../../../../arm-none-eabi/lib/thumb/v7e-m+fp/hard\libc_nano.a(lib_a-findfp.o)
                0x000000000800e5a0                __sfp
 .text._fwalk_reent
                0x000000000800e62c       0x3e c:/st/stm32cubeide_1.8.0/stm32cubeide/plugins/com.st.stm32cube.ide.mcu.externaltools.gnu-tools-for-stm32.10.3-2021.10.win32_1.0.0.202111181127/tools/bin/../lib/gcc/arm-none-eabi/10.3.1/../../../../arm-none-eabi/lib/thumb/v7e-m+fp/hard\libc_nano.a(lib_a-fwalk.o)
                0x000000000800e62c                _fwalk_reent
 .text.__retarget_lock_init_recursive
                0x000000000800e66a        0x2 c:/st/stm32cubeide_1.8.0/stm32cubeide/plugins/com.st.stm32cube.ide.mcu.externaltools.gnu-tools-for-stm32.10.3-2021.10.win32_1.0.0.202111181127/tools/bin/../lib/gcc/arm-none-eabi/10.3.1/../../../../arm-none-eabi/lib/thumb/v7e-m+fp/hard\libc_nano.a(lib_a-lock.o)
                0x000000000800e66a                __retarget_lock_init_recursive
 .text.__retarget_lock_acquire_recursive
                0x000000000800e66c        0x2 c:/st/stm32cubeide_1.8.0/stm32cubeide/plugins/com.st.stm32cube.ide.mcu.externaltools.gnu-tools-for-stm32.10.3-2021.10.win32_1.0.0.202111181127/tools/bin/../lib/gcc/arm-none-eabi/10.3.1/../../../../arm-none-eabi/lib/thumb/v7e-m+fp/hard\libc_nano.a(lib_a-lock.o)
                0x000000000800e66c                __retarget_lock_acquire_recursive
 .text.__retarget_lock_release_recursive
                0x000000000800e66e        0x2 c:/st/stm32cubeide_1.8.0/stm32cubeide/plugins/com.st.stm32cube.ide.mcu.externaltools.gnu-tools-for-stm32.10.3-2021.10.win32_1.0.0.202111181127/tools/bin/../lib/gcc/arm-none-eabi/10.3.1/../../../../arm-none-eabi/lib/thumb/v7e-m+fp/hard\libc_nano.a(lib_a-lock.o)
                0x000000000800e66e                __retarget_lock_release_recursive
 .text.__swhatbuf_r
                0x000000000800e670       0x4a c:/st/stm32cubeide_1.8.0/stm32cubeide/plugins/com.st.stm32cube.ide.mcu.externaltools.gnu-tools-for-stm32.10.3-2021.10.win32_1.0.0.202111181127/tools/bin/../lib/gcc/arm-none-eabi/10.3.1/../../../../arm-none-eabi/lib/thumb/v7e-m+fp/hard\libc_nano.a(lib_a-makebuf.o)
                0x000000000800e670                __swhatbuf_r
 *fill*         0x000000000800e6ba        0x2 
 .text.__smakebuf_r
                0x000000000800e6bc       0x80 c:/st/stm32cubeide_1.8.0/stm32cubeide/plugins/com.st.stm32cube.ide.mcu.externaltools.gnu-tools-for-stm32.10.3-2021.10.win32_1.0.0.202111181127/tools/bin/../lib/gcc/arm-none-eabi/10.3.1/../../../../arm-none-eabi/lib/thumb/v7e-m+fp/hard\libc_nano.a(lib_a-makebuf.o)
                0x000000000800e6bc                __smakebuf_r
 .text.__malloc_lock
                0x000000000800e73c        0xc c:/st/stm32cubeide_1.8.0/stm32cubeide/plugins/com.st.stm32cube.ide.mcu.externaltools.gnu-tools-for-stm32.10.3-2021.10.win32_1.0.0.202111181127/tools/bin/../lib/gcc/arm-none-eabi/10.3.1/../../../../arm-none-eabi/lib/thumb/v7e-m+fp/hard\libc_nano.a(lib_a-mlock.o)
                0x000000000800e73c                __malloc_lock
 .text.__malloc_unlock
                0x000000000800e748        0xc c:/st/stm32cubeide_1.8.0/stm32cubeide/plugins/com.st.stm32cube.ide.mcu.externaltools.gnu-tools-for-stm32.10.3-2021.10.win32_1.0.0.202111181127/tools/bin/../lib/gcc/arm-none-eabi/10.3.1/../../../../arm-none-eabi/lib/thumb/v7e-m+fp/hard\libc_nano.a(lib_a-mlock.o)
                0x000000000800e748                __malloc_unlock
 .text.__ssputs_r
                0x000000000800e754       0xb6 c:/st/stm32cubeide_1.8.0/stm32cubeide/plugins/com.st.stm32cube.ide.mcu.externaltools.gnu-tools-for-stm32.10.3-2021.10.win32_1.0.0.202111181127/tools/bin/../lib/gcc/arm-none-eabi/10.3.1/../../../../arm-none-eabi/lib/thumb/v7e-m+fp/hard\libc_nano.a(lib_a-nano-svfprintf.o)
                0x000000000800e754                __ssputs_r
 *fill*         0x000000000800e80a        0x2 
 .text._svfprintf_r
                0x000000000800e80c      0x200 c:/st/stm32cubeide_1.8.0/stm32cubeide/plugins/com.st.stm32cube.ide.mcu.externaltools.gnu-tools-for-stm32.10.3-2021.10.win32_1.0.0.202111181127/tools/bin/../lib/gcc/arm-none-eabi/10.3.1/../../../../arm-none-eabi/lib/thumb/v7e-m+fp/hard\libc_nano.a(lib_a-nano-svfprintf.o)
                0x000000000800e80c                _svfiprintf_r
                0x000000000800e80c                _svfprintf_r
 .text.__sfputc_r
                0x000000000800ea0c       0x2e c:/st/stm32cubeide_1.8.0/stm32cubeide/plugins/com.st.stm32cube.ide.mcu.externaltools.gnu-tools-for-stm32.10.3-2021.10.win32_1.0.0.202111181127/tools/bin/../lib/gcc/arm-none-eabi/10.3.1/../../../../arm-none-eabi/lib/thumb/v7e-m+fp/hard\libc_nano.a(lib_a-nano-vfprintf.o)
 .text.__sfputs_r
                0x000000000800ea3a       0x24 c:/st/stm32cubeide_1.8.0/stm32cubeide/plugins/com.st.stm32cube.ide.mcu.externaltools.gnu-tools-for-stm32.10.3-2021.10.win32_1.0.0.202111181127/tools/bin/../lib/gcc/arm-none-eabi/10.3.1/../../../../arm-none-eabi/lib/thumb/v7e-m+fp/hard\libc_nano.a(lib_a-nano-vfprintf.o)
                0x000000000800ea3a                __sfputs_r
 *fill*         0x000000000800ea5e        0x2 
 .text._vfprintf_r
                0x000000000800ea60      0x260 c:/st/stm32cubeide_1.8.0/stm32cubeide/plugins/com.st.stm32cube.ide.mcu.externaltools.gnu-tools-for-stm32.10.3-2021.10.win32_1.0.0.202111181127/tools/bin/../lib/gcc/arm-none-eabi/10.3.1/../../../../arm-none-eabi/lib/thumb/v7e-m+fp/hard\libc_nano.a(lib_a-nano-vfprintf.o)
                0x000000000800ea60                _vfprintf_r
                0x000000000800ea60                _vfiprintf_r
 .text._printf_common
                0x000000000800ecc0       0xda c:/st/stm32cubeide_1.8.0/stm32cubeide/plugins/com.st.stm32cube.ide.mcu.externaltools.gnu-tools-for-stm32.10.3-2021.10.win32_1.0.0.202111181127/tools/bin/../lib/gcc/arm-none-eabi/10.3.1/../../../../arm-none-eabi/lib/thumb/v7e-m+fp/hard\libc_nano.a(lib_a-nano-vfprintf_i.o)
                0x000000000800ecc0                _printf_common
 *fill*         0x000000000800ed9a        0x2 
 .text._printf_i
                0x000000000800ed9c      0x24c c:/st/stm32cubeide_1.8.0/stm32cubeide/plugins/com.st.stm32cube.ide.mcu.externaltools.gnu-tools-for-stm32.10.3-2021.10.win32_1.0.0.202111181127/tools/bin/../lib/gcc/arm-none-eabi/10.3.1/../../../../arm-none-eabi/lib/thumb/v7e-m+fp/hard\libc_nano.a(lib_a-nano-vfprintf_i.o)
                0x000000000800ed9c                _printf_i
 .text.__sread  0x000000000800efe8       0x22 c:/st/stm32cubeide_1.8.0/stm32cubeide/plugins/com.st.stm32cube.ide.mcu.externaltools.gnu-tools-for-stm32.10.3-2021.10.win32_1.0.0.202111181127/tools/bin/../lib/gcc/arm-none-eabi/10.3.1/../../../../arm-none-eabi/lib/thumb/v7e-m+fp/hard\libc_nano.a(lib_a-stdio.o)
                0x000000000800efe8                __sread
 .text.__swrite
                0x000000000800f00a       0x38 c:/st/stm32cubeide_1.8.0/stm32cubeide/plugins/com.st.stm32cube.ide.mcu.externaltools.gnu-tools-for-stm32.10.3-2021.10.win32_1.0.0.202111181127/tools/bin/../lib/gcc/arm-none-eabi/10.3.1/../../../../arm-none-eabi/lib/thumb/v7e-m+fp/hard\libc_nano.a(lib_a-stdio.o)
                0x000000000800f00a                __swrite
 .text.__sseek  0x000000000800f042       0x24 c:/st/stm32cubeide_1.8.0/stm32cubeide/plugins/com.st.stm32cube.ide.mcu.externaltools.gnu-tools-for-stm32.10.3-2021.10.win32_1.0.0.202111181127/tools/bin/../lib/gcc/arm-none-eabi/10.3.1/../../../../arm-none-eabi/lib/thumb/v7e-m+fp/hard\libc_nano.a(lib_a-stdio.o)
                0x000000000800f042                __sseek
 .text.__sclose
                0x000000000800f066        0x8 c:/st/stm32cubeide_1.8.0/stm32cubeide/plugins/com.st.stm32cube.ide.mcu.externaltools.gnu-tools-for-stm32.10.3-2021.10.win32_1.0.0.202111181127/tools/bin/../lib/gcc/arm-none-eabi/10.3.1/../../../../arm-none-eabi/lib/thumb/v7e-m+fp/hard\libc_nano.a(lib_a-stdio.o)
                0x000000000800f066                __sclose
 *fill*         0x000000000800f06e        0x2 
 .text._write_r
                0x000000000800f070       0x24 c:/st/stm32cubeide_1.8.0/stm32cubeide/plugins/com.st.stm32cube.ide.mcu.externaltools.gnu-tools-for-stm32.10.3-2021.10.win32_1.0.0.202111181127/tools/bin/../lib/gcc/arm-none-eabi/10.3.1/../../../../arm-none-eabi/lib/thumb/v7e-m+fp/hard\libc_nano.a(lib_a-writer.o)
                0x000000000800f070                _write_r
 .text._close_r
                0x000000000800f094       0x20 c:/st/stm32cubeide_1.8.0/stm32cubeide/plugins/com.st.stm32cube.ide.mcu.externaltools.gnu-tools-for-stm32.10.3-2021.10.win32_1.0.0.202111181127/tools/bin/../lib/gcc/arm-none-eabi/10.3.1/../../../../arm-none-eabi/lib/thumb/v7e-m+fp/hard\libc_nano.a(lib_a-closer.o)
                0x000000000800f094                _close_r
 .text._fstat_r
                0x000000000800f0b4       0x24 c:/st/stm32cubeide_1.8.0/stm32cubeide/plugins/com.st.stm32cube.ide.mcu.externaltools.gnu-tools-for-stm32.10.3-2021.10.win32_1.0.0.202111181127/tools/bin/../lib/gcc/arm-none-eabi/10.3.1/../../../../arm-none-eabi/lib/thumb/v7e-m+fp/hard\libc_nano.a(lib_a-fstatr.o)
                0x000000000800f0b4                _fstat_r
 .text._isatty_r
                0x000000000800f0d8       0x20 c:/st/stm32cubeide_1.8.0/stm32cubeide/plugins/com.st.stm32cube.ide.mcu.externaltools.gnu-tools-for-stm32.10.3-2021.10.win32_1.0.0.202111181127/tools/bin/../lib/gcc/arm-none-eabi/10.3.1/../../../../arm-none-eabi/lib/thumb/v7e-m+fp/hard\libc_nano.a(lib_a-isattyr.o)
                0x000000000800f0d8                _isatty_r
 .text._lseek_r
                0x000000000800f0f8       0x24 c:/st/stm32cubeide_1.8.0/stm32cubeide/plugins/com.st.stm32cube.ide.mcu.externaltools.gnu-tools-for-stm32.10.3-2021.10.win32_1.0.0.202111181127/tools/bin/../lib/gcc/arm-none-eabi/10.3.1/../../../../arm-none-eabi/lib/thumb/v7e-m+fp/hard\libc_nano.a(lib_a-lseekr.o)
                0x000000000800f0f8                _lseek_r
 .text.memmove  0x000000000800f11c       0x34 c:/st/stm32cubeide_1.8.0/stm32cubeide/plugins/com.st.stm32cube.ide.mcu.externaltools.gnu-tools-for-stm32.10.3-2021.10.win32_1.0.0.202111181127/tools/bin/../lib/gcc/arm-none-eabi/10.3.1/../../../../arm-none-eabi/lib/thumb/v7e-m+fp/hard\libc_nano.a(lib_a-memmove.o)
                0x000000000800f11c                memmove
 .text._realloc_r
                0x000000000800f150       0x5e c:/st/stm32cubeide_1.8.0/stm32cubeide/plugins/com.st.stm32cube.ide.mcu.externaltools.gnu-tools-for-stm32.10.3-2021.10.win32_1.0.0.202111181127/tools/bin/../lib/gcc/arm-none-eabi/10.3.1/../../../../arm-none-eabi/lib/thumb/v7e-m+fp/hard\libc_nano.a(lib_a-nano-reallocr.o)
                0x000000000800f150                _realloc_r
 *fill*         0x000000000800f1ae        0x2 
 .text._read_r  0x000000000800f1b0       0x24 c:/st/stm32cubeide_1.8.0/stm32cubeide/plugins/com.st.stm32cube.ide.mcu.externaltools.gnu-tools-for-stm32.10.3-2021.10.win32_1.0.0.202111181127/tools/bin/../lib/gcc/arm-none-eabi/10.3.1/../../../../arm-none-eabi/lib/thumb/v7e-m+fp/hard\libc_nano.a(lib_a-readr.o)
                0x000000000800f1b0                _read_r
 .text._malloc_usable_size_r
                0x000000000800f1d4       0x10 c:/st/stm32cubeide_1.8.0/stm32cubeide/plugins/com.st.stm32cube.ide.mcu.externaltools.gnu-tools-for-stm32.10.3-2021.10.win32_1.0.0.202111181127/tools/bin/../lib/gcc/arm-none-eabi/10.3.1/../../../../arm-none-eabi/lib/thumb/v7e-m+fp/hard\libc_nano.a(lib_a-nano-msizer.o)
                0x000000000800f1d4                _malloc_usable_size_r
 *(.glue_7)
 .glue_7        0x000000000800f1e4        0x0 linker stubs
 *(.glue_7t)
 .glue_7t       0x000000000800f1e4        0x0 linker stubs
 *(.eh_frame)
 .eh_frame      0x000000000800f1e4        0x0 c:/st/stm32cubeide_1.8.0/stm32cubeide/plugins/com.st.stm32cube.ide.mcu.externaltools.gnu-tools-for-stm32.10.3-2021.10.win32_1.0.0.202111181127/tools/bin/../lib/gcc/arm-none-eabi/10.3.1/thumb/v7e-m+fp/hard/crtbegin.o
 *(.init)
 .init          0x000000000800f1e4        0x4 c:/st/stm32cubeide_1.8.0/stm32cubeide/plugins/com.st.stm32cube.ide.mcu.externaltools.gnu-tools-for-stm32.10.3-2021.10.win32_1.0.0.202111181127/tools/bin/../lib/gcc/arm-none-eabi/10.3.1/thumb/v7e-m+fp/hard/crti.o
                0x000000000800f1e4                _init
 .init          0x000000000800f1e8        0x8 c:/st/stm32cubeide_1.8.0/stm32cubeide/plugins/com.st.stm32cube.ide.mcu.externaltools.gnu-tools-for-stm32.10.3-2021.10.win32_1.0.0.202111181127/tools/bin/../lib/gcc/arm-none-eabi/10.3.1/thumb/v7e-m+fp/hard/crtn.o
 *(.fini)
 .fini          0x000000000800f1f0        0x4 c:/st/stm32cubeide_1.8.0/stm32cubeide/plugins/com.st.stm32cube.ide.mcu.externaltools.gnu-tools-for-stm32.10.3-2021.10.win32_1.0.0.202111181127/tools/bin/../lib/gcc/arm-none-eabi/10.3.1/thumb/v7e-m+fp/hard/crti.o
                0x000000000800f1f0                _fini
 .fini          0x000000000800f1f4        0x8 c:/st/stm32cubeide_1.8.0/stm32cubeide/plugins/com.st.stm32cube.ide.mcu.externaltools.gnu-tools-for-stm32.10.3-2021.10.win32_1.0.0.202111181127/tools/bin/../lib/gcc/arm-none-eabi/10.3.1/thumb/v7e-m+fp/hard/crtn.o
                0x000000000800f1fc                . = ALIGN (0x4)
                0x000000000800f1fc                _etext = .

.vfp11_veneer   0x000000000800f1fc        0x0
 .vfp11_veneer  0x000000000800f1fc        0x0 linker stubs

.v4_bx          0x000000000800f1fc        0x0
 .v4_bx         0x000000000800f1fc        0x0 linker stubs

.iplt           0x000000000800f1fc        0x0
 .iplt          0x000000000800f1fc        0x0 c:/st/stm32cubeide_1.8.0/stm32cubeide/plugins/com.st.stm32cube.ide.mcu.externaltools.gnu-tools-for-stm32.10.3-2021.10.win32_1.0.0.202111181127/tools/bin/../lib/gcc/arm-none-eabi/10.3.1/thumb/v7e-m+fp/hard/crtbegin.o

.rodata         0x000000000800f1fc      0xe14
                0x000000000800f1fc                . = ALIGN (0x4)
 *(.rodata)
 .rodata        0x000000000800f1fc      0x874 ./Core/Src/main.o
 .rodata        0x000000000800fa70       0x48 ./Middlewares/Third_Party/FatFs/src/ff.o
 .rodata        0x000000000800fab8       0x58 ./ioLibrary_Driver2/Internet/MQTT/MQTTClient.o
 .rodata        0x000000000800fb10        0xf ./ioLibrary_Driver2/Internet/MQTT/MQTTPacket/src/MQTTConnectClient.o
 *(.rodata*)
 *fill*         0x000000000800fb1f        0x1 
 .rodata.AHBPrescTable
                0x000000000800fb20       0x10 ./Core/Src/system_stm32f4xx.o
                0x000000000800fb20                AHBPrescTable
 .rodata.APBPrescTable
                0x000000000800fb30        0x8 ./Core/Src/system_stm32f4xx.o
                0x000000000800fb30                APBPrescTable
 .rodata.ExCvt  0x000000000800fb38       0x80 ./Middlewares/Third_Party/FatFs/src/ff.o
 .rodata.LfnOfs
                0x000000000800fbb8        0xd ./Middlewares/Third_Party/FatFs/src/ff.o
 *fill*         0x000000000800fbc5        0x3 
 .rodata.Tbl    0x000000000800fbc8      0x100 ./Middlewares/Third_Party/FatFs/src/option/ccsbcs.o
 .rodata.cvt1.1
                0x000000000800fcc8      0x1f2 ./Middlewares/Third_Party/FatFs/src/option/ccsbcs.o
 *fill*         0x000000000800feba        0x2 
 .rodata.cvt2.0
                0x000000000800febc       0xbc ./Middlewares/Third_Party/FatFs/src/option/ccsbcs.o
 .rodata._global_impure_ptr
                0x000000000800ff78        0x4 c:/st/stm32cubeide_1.8.0/stm32cubeide/plugins/com.st.stm32cube.ide.mcu.externaltools.gnu-tools-for-stm32.10.3-2021.10.win32_1.0.0.202111181127/tools/bin/../lib/gcc/arm-none-eabi/10.3.1/../../../../arm-none-eabi/lib/thumb/v7e-m+fp/hard\libc_nano.a(lib_a-impure.o)
                0x000000000800ff78                _global_impure_ptr
 .rodata.__sf_fake_stderr
                0x000000000800ff7c       0x20 c:/st/stm32cubeide_1.8.0/stm32cubeide/plugins/com.st.stm32cube.ide.mcu.externaltools.gnu-tools-for-stm32.10.3-2021.10.win32_1.0.0.202111181127/tools/bin/../lib/gcc/arm-none-eabi/10.3.1/../../../../arm-none-eabi/lib/thumb/v7e-m+fp/hard\libc_nano.a(lib_a-findfp.o)
                0x000000000800ff7c                __sf_fake_stderr
 .rodata.__sf_fake_stdin
                0x000000000800ff9c       0x20 c:/st/stm32cubeide_1.8.0/stm32cubeide/plugins/com.st.stm32cube.ide.mcu.externaltools.gnu-tools-for-stm32.10.3-2021.10.win32_1.0.0.202111181127/tools/bin/../lib/gcc/arm-none-eabi/10.3.1/../../../../arm-none-eabi/lib/thumb/v7e-m+fp/hard\libc_nano.a(lib_a-findfp.o)
                0x000000000800ff9c                __sf_fake_stdin
 .rodata.__sf_fake_stdout
                0x000000000800ffbc       0x20 c:/st/stm32cubeide_1.8.0/stm32cubeide/plugins/com.st.stm32cube.ide.mcu.externaltools.gnu-tools-for-stm32.10.3-2021.10.win32_1.0.0.202111181127/tools/bin/../lib/gcc/arm-none-eabi/10.3.1/../../../../arm-none-eabi/lib/thumb/v7e-m+fp/hard\libc_nano.a(lib_a-findfp.o)
                0x000000000800ffbc                __sf_fake_stdout
 .rodata._svfprintf_r.str1.1
                0x000000000800ffdc       0x11 c:/st/stm32cubeide_1.8.0/stm32cubeide/plugins/com.st.stm32cube.ide.mcu.externaltools.gnu-tools-for-stm32.10.3-2021.10.win32_1.0.0.202111181127/tools/bin/../lib/gcc/arm-none-eabi/10.3.1/../../../../arm-none-eabi/lib/thumb/v7e-m+fp/hard\libc_nano.a(lib_a-nano-svfprintf.o)
 .rodata._vfprintf_r.str1.1
                0x000000000800ffed       0x11 c:/st/stm32cubeide_1.8.0/stm32cubeide/plugins/com.st.stm32cube.ide.mcu.externaltools.gnu-tools-for-stm32.10.3-2021.10.win32_1.0.0.202111181127/tools/bin/../lib/gcc/arm-none-eabi/10.3.1/../../../../arm-none-eabi/lib/thumb/v7e-m+fp/hard\libc_nano.a(lib_a-nano-vfprintf.o)
 .rodata._printf_i.str1.1
                0x000000000800ffed       0x22 c:/st/stm32cubeide_1.8.0/stm32cubeide/plugins/com.st.stm32cube.ide.mcu.externaltools.gnu-tools-for-stm32.10.3-2021.10.win32_1.0.0.202111181127/tools/bin/../lib/gcc/arm-none-eabi/10.3.1/../../../../arm-none-eabi/lib/thumb/v7e-m+fp/hard\libc_nano.a(lib_a-nano-vfprintf_i.o)
                0x0000000008010010                . = ALIGN (0x4)
 *fill*         0x000000000801000f        0x1 

.ARM.extab      0x0000000008010010        0x0
                0x0000000008010010                . = ALIGN (0x4)
 *(.ARM.extab* .gnu.linkonce.armextab.*)
                0x0000000008010010                . = ALIGN (0x4)

.ARM            0x0000000008010010        0x8
                0x0000000008010010                . = ALIGN (0x4)
                0x0000000008010010                __exidx_start = .
 *(.ARM.exidx*)
 .ARM.exidx     0x0000000008010010        0x8 c:/st/stm32cubeide_1.8.0/stm32cubeide/plugins/com.st.stm32cube.ide.mcu.externaltools.gnu-tools-for-stm32.10.3-2021.10.win32_1.0.0.202111181127/tools/bin/../lib/gcc/arm-none-eabi/10.3.1/thumb/v7e-m+fp/hard\libgcc.a(_udivmoddi4.o)
                0x0000000008010018                __exidx_end = .
                0x0000000008010018                . = ALIGN (0x4)

.rel.dyn        0x0000000008010018        0x0
 .rel.iplt      0x0000000008010018        0x0 c:/st/stm32cubeide_1.8.0/stm32cubeide/plugins/com.st.stm32cube.ide.mcu.externaltools.gnu-tools-for-stm32.10.3-2021.10.win32_1.0.0.202111181127/tools/bin/../lib/gcc/arm-none-eabi/10.3.1/thumb/v7e-m+fp/hard/crtbegin.o

.preinit_array  0x0000000008010018        0x0
                0x0000000008010018                . = ALIGN (0x4)
                0x0000000008010018                PROVIDE (__preinit_array_start = .)
 *(.preinit_array*)
                0x0000000008010018                PROVIDE (__preinit_array_end = .)
                0x0000000008010018                . = ALIGN (0x4)

.init_array     0x0000000008010018        0x4
                0x0000000008010018                . = ALIGN (0x4)
                0x0000000008010018                PROVIDE (__init_array_start = .)
 *(SORT_BY_NAME(.init_array.*))
 *(.init_array*)
 .init_array    0x0000000008010018        0x4 c:/st/stm32cubeide_1.8.0/stm32cubeide/plugins/com.st.stm32cube.ide.mcu.externaltools.gnu-tools-for-stm32.10.3-2021.10.win32_1.0.0.202111181127/tools/bin/../lib/gcc/arm-none-eabi/10.3.1/thumb/v7e-m+fp/hard/crtbegin.o
                0x000000000801001c                PROVIDE (__init_array_end = .)
                0x000000000801001c                . = ALIGN (0x4)

.fini_array     0x000000000801001c        0x4
                0x000000000801001c                . = ALIGN (0x4)
                [!provide]                        PROVIDE (__fini_array_start = .)
 *(SORT_BY_NAME(.fini_array.*))
 *(.fini_array*)
 .fini_array    0x000000000801001c        0x4 c:/st/stm32cubeide_1.8.0/stm32cubeide/plugins/com.st.stm32cube.ide.mcu.externaltools.gnu-tools-for-stm32.10.3-2021.10.win32_1.0.0.202111181127/tools/bin/../lib/gcc/arm-none-eabi/10.3.1/thumb/v7e-m+fp/hard/crtbegin.o
                [!provide]                        PROVIDE (__fini_array_end = .)
                0x0000000008010020                . = ALIGN (0x4)
                0x0000000008010020                _sidata = LOADADDR (.data)

.data           0x0000000020000000      0x110 load address 0x0000000008010020
                0x0000000020000000                . = ALIGN (0x4)
                0x0000000020000000                _sdata = .
 *(.data)
 *(.data*)
 .data.Stat     0x0000000020000000        0x1 ./Core/Src/fatfs_sd.o
 .data.rtcStatus
                0x0000000020000001        0x1 ./Core/Src/main.o
                0x0000000020000001                rtcStatus
 *fill*         0x0000000020000002        0x2 
 .data.w5500opt
                0x0000000020000004       0x24 ./Core/Src/main.o
                0x0000000020000004                w5500opt
 .data.hostIp   0x0000000020000028        0x4 ./Core/Src/main.o
                0x0000000020000028                hostIp
 .data.mqttopt  0x000000002000002c       0x24 ./Core/Src/main.o
                0x000000002000002c                mqttopt
 .data.IsProductDone
                0x0000000020000050        0x1 ./Core/Src/main.o
                0x0000000020000050                IsProductDone
 *fill*         0x0000000020000051        0x3 
 .data.ntp_server
                0x0000000020000054        0x4 ./Core/Src/main.o
                0x0000000020000054                ntp_server
 .data.timeZone
                0x0000000020000058        0x1 ./Core/Src/main.o
                0x0000000020000058                timeZone
 *fill*         0x0000000020000059        0x3 
 .data.SystemCoreClock
                0x000000002000005c        0x4 ./Core/Src/system_stm32f4xx.o
                0x000000002000005c                SystemCoreClock
 .data.uwTickPrio
                0x0000000020000060        0x4 ./Drivers/STM32F4xx_HAL_Driver/Src/stm32f4xx_hal.o
                0x0000000020000060                uwTickPrio
 .data.uwTickFreq
                0x0000000020000064        0x1 ./Drivers/STM32F4xx_HAL_Driver/Src/stm32f4xx_hal.o
                0x0000000020000064                uwTickFreq
 *fill*         0x0000000020000065        0x3 
 .data.USER_Driver
                0x0000000020000068       0x14 ./FATFS/Target/user_diskio.o
                0x0000000020000068                USER_Driver
 .data.sock_any_port
                0x000000002000007c        0x2 ./ioLibrary_Driver2/Ethernet/socket.o
 *fill*         0x000000002000007e        0x2 
 .data.WIZCHIP  0x0000000020000080       0x2c ./ioLibrary_Driver2/Ethernet/wizchip_conf.o
                0x0000000020000080                WIZCHIP
 .data._impure_ptr
                0x00000000200000ac        0x4 c:/st/stm32cubeide_1.8.0/stm32cubeide/plugins/com.st.stm32cube.ide.mcu.externaltools.gnu-tools-for-stm32.10.3-2021.10.win32_1.0.0.202111181127/tools/bin/../lib/gcc/arm-none-eabi/10.3.1/../../../../arm-none-eabi/lib/thumb/v7e-m+fp/hard\libc_nano.a(lib_a-impure.o)
                0x00000000200000ac                _impure_ptr
 .data.impure_data
                0x00000000200000b0       0x60 c:/st/stm32cubeide_1.8.0/stm32cubeide/plugins/com.st.stm32cube.ide.mcu.externaltools.gnu-tools-for-stm32.10.3-2021.10.win32_1.0.0.202111181127/tools/bin/../lib/gcc/arm-none-eabi/10.3.1/../../../../arm-none-eabi/lib/thumb/v7e-m+fp/hard\libc_nano.a(lib_a-impure.o)
 *(.RamFunc)
 *(.RamFunc*)